Archive member included to satisfy reference by file (symbol)

/opt/st/stm32cubeide_1.2.0/plugins/com.st.stm32cube.ide.mcu.externaltools.gnu-tools-for-stm32.7-2018-q2-update.linux64_1.0.0.201904181610/tools/bin/../lib/gcc/arm-none-eabi/7.3.1/../../../../arm-none-eabi/lib/thumb/v7e-m/fpv4-sp/hard/libstdc++_nano.a(del_ops.o)
                              Core/Src/main.o (operator delete(void*, unsigned int))
/opt/st/stm32cubeide_1.2.0/plugins/com.st.stm32cube.ide.mcu.externaltools.gnu-tools-for-stm32.7-2018-q2-update.linux64_1.0.0.201904181610/tools/bin/../lib/gcc/arm-none-eabi/7.3.1/../../../../arm-none-eabi/lib/thumb/v7e-m/fpv4-sp/hard/libstdc++_nano.a(del_op.o)
                              /opt/st/stm32cubeide_1.2.0/plugins/com.st.stm32cube.ide.mcu.externaltools.gnu-tools-for-stm32.7-2018-q2-update.linux64_1.0.0.201904181610/tools/bin/../lib/gcc/arm-none-eabi/7.3.1/../../../../arm-none-eabi/lib/thumb/v7e-m/fpv4-sp/hard/libstdc++_nano.a(del_ops.o) (operator delete(void*))
/opt/st/stm32cubeide_1.2.0/plugins/com.st.stm32cube.ide.mcu.externaltools.gnu-tools-for-stm32.7-2018-q2-update.linux64_1.0.0.201904181610/tools/bin/../lib/gcc/arm-none-eabi/7.3.1/../../../../arm-none-eabi/lib/thumb/v7e-m/fpv4-sp/hard/libm.a(lib_a-sf_atan.o)
                              Core/Src/main.o (atanf)
/opt/st/stm32cubeide_1.2.0/plugins/com.st.stm32cube.ide.mcu.externaltools.gnu-tools-for-stm32.7-2018-q2-update.linux64_1.0.0.201904181610/tools/bin/../lib/gcc/arm-none-eabi/7.3.1/../../../../arm-none-eabi/lib/thumb/v7e-m/fpv4-sp/hard/libm.a(lib_a-sf_fabs.o)
                              /opt/st/stm32cubeide_1.2.0/plugins/com.st.stm32cube.ide.mcu.externaltools.gnu-tools-for-stm32.7-2018-q2-update.linux64_1.0.0.201904181610/tools/bin/../lib/gcc/arm-none-eabi/7.3.1/../../../../arm-none-eabi/lib/thumb/v7e-m/fpv4-sp/hard/libm.a(lib_a-sf_atan.o) (fabsf)
/opt/st/stm32cubeide_1.2.0/plugins/com.st.stm32cube.ide.mcu.externaltools.gnu-tools-for-stm32.7-2018-q2-update.linux64_1.0.0.201904181610/tools/bin/../lib/gcc/arm-none-eabi/7.3.1/../../../../arm-none-eabi/lib/thumb/v7e-m/fpv4-sp/hard/libm.a(lib_a-w_pow.o)
                              Core/Src/bmp180.o (pow)
/opt/st/stm32cubeide_1.2.0/plugins/com.st.stm32cube.ide.mcu.externaltools.gnu-tools-for-stm32.7-2018-q2-update.linux64_1.0.0.201904181610/tools/bin/../lib/gcc/arm-none-eabi/7.3.1/../../../../arm-none-eabi/lib/thumb/v7e-m/fpv4-sp/hard/libm.a(lib_a-w_sqrt.o)
                              Core/Src/main.o (sqrt)
/opt/st/stm32cubeide_1.2.0/plugins/com.st.stm32cube.ide.mcu.externaltools.gnu-tools-for-stm32.7-2018-q2-update.linux64_1.0.0.201904181610/tools/bin/../lib/gcc/arm-none-eabi/7.3.1/../../../../arm-none-eabi/lib/thumb/v7e-m/fpv4-sp/hard/libm.a(lib_a-wf_asin.o)
                              Core/Src/main.o (asinf)
/opt/st/stm32cubeide_1.2.0/plugins/com.st.stm32cube.ide.mcu.externaltools.gnu-tools-for-stm32.7-2018-q2-update.linux64_1.0.0.201904181610/tools/bin/../lib/gcc/arm-none-eabi/7.3.1/../../../../arm-none-eabi/lib/thumb/v7e-m/fpv4-sp/hard/libm.a(lib_a-wf_atan2.o)
                              Core/Src/main.o (atan2f)
/opt/st/stm32cubeide_1.2.0/plugins/com.st.stm32cube.ide.mcu.externaltools.gnu-tools-for-stm32.7-2018-q2-update.linux64_1.0.0.201904181610/tools/bin/../lib/gcc/arm-none-eabi/7.3.1/../../../../arm-none-eabi/lib/thumb/v7e-m/fpv4-sp/hard/libm.a(lib_a-wf_sqrt.o)
                              Core/Src/main.o (sqrtf)
/opt/st/stm32cubeide_1.2.0/plugins/com.st.stm32cube.ide.mcu.externaltools.gnu-tools-for-stm32.7-2018-q2-update.linux64_1.0.0.201904181610/tools/bin/../lib/gcc/arm-none-eabi/7.3.1/../../../../arm-none-eabi/lib/thumb/v7e-m/fpv4-sp/hard/libm.a(lib_a-e_pow.o)
                              /opt/st/stm32cubeide_1.2.0/plugins/com.st.stm32cube.ide.mcu.externaltools.gnu-tools-for-stm32.7-2018-q2-update.linux64_1.0.0.201904181610/tools/bin/../lib/gcc/arm-none-eabi/7.3.1/../../../../arm-none-eabi/lib/thumb/v7e-m/fpv4-sp/hard/libm.a(lib_a-w_pow.o) (__ieee754_pow)
/opt/st/stm32cubeide_1.2.0/plugins/com.st.stm32cube.ide.mcu.externaltools.gnu-tools-for-stm32.7-2018-q2-update.linux64_1.0.0.201904181610/tools/bin/../lib/gcc/arm-none-eabi/7.3.1/../../../../arm-none-eabi/lib/thumb/v7e-m/fpv4-sp/hard/libm.a(lib_a-e_sqrt.o)
                              /opt/st/stm32cubeide_1.2.0/plugins/com.st.stm32cube.ide.mcu.externaltools.gnu-tools-for-stm32.7-2018-q2-update.linux64_1.0.0.201904181610/tools/bin/../lib/gcc/arm-none-eabi/7.3.1/../../../../arm-none-eabi/lib/thumb/v7e-m/fpv4-sp/hard/libm.a(lib_a-w_sqrt.o) (__ieee754_sqrt)
/opt/st/stm32cubeide_1.2.0/plugins/com.st.stm32cube.ide.mcu.externaltools.gnu-tools-for-stm32.7-2018-q2-update.linux64_1.0.0.201904181610/tools/bin/../lib/gcc/arm-none-eabi/7.3.1/../../../../arm-none-eabi/lib/thumb/v7e-m/fpv4-sp/hard/libm.a(lib_a-ef_asin.o)
[...]
Memory Configuration

Name             Origin             Length             Attributes
CCMRAM           0x0000000010000000 0x0000000000010000 xrw
RAM              0x0000000020000000 0x0000000000020000 xrw
FLASH            0x0000000008000000 0x0000000000100000 xr
*default*        0x0000000000000000 0xffffffffffffffff

Linker script and memory map

LOAD /opt/st/stm32cubeide_1.2.0/plugins/com.st.stm32cube.ide.mcu.externaltools.gnu-tools-for-stm32.7-2018-q2-update.linux64_1.0.0.201904181610/tools/bin/../lib/gcc/arm-none-eabi/7.3.1/thumb/v7e-m/fpv4-sp/hard/crti.o
LOAD /opt/st/stm32cubeide_1.2.0/plugins/com.st.stm32cube.ide.mcu.externaltools.gnu-tools-for-stm32.7-2018-q2-update.linux64_1.0.0.201904181610/tools/bin/../lib/gcc/arm-none-eabi/7.3.1/thumb/v7e-m/fpv4-sp/hard/crtbegin.o
LOAD /opt/st/stm32cubeide_1.2.0/plugins/com.st.stm32cube.ide.mcu.externaltools.gnu-tools-for-stm32.7-2018-q2-update.linux64_1.0.0.201904181610/tools/bin/../lib/gcc/arm-none-eabi/7.3.1/../../../../arm-none-eabi/lib/thumb/v7e-m/fpv4-sp/hard/crt0.o
LOAD Core/Src/bmp180.o
LOAD Core/Src/freertos.o
LOAD Core/Src/main.o
LOAD Core/Src/stm32f4xx_hal_msp.o
LOAD Core/Src/stm32f4xx_hal_timebase_tim.o
LOAD Core/Src/stm32f4xx_it.o
LOAD Core/Src/syscalls.o
LOAD Core/Src/sysmem.o
LOAD Core/Src/system_stm32f4xx.o
LOAD Core/Startup/startup_stm32f405rgtx.o
LOAD Drivers/STM32F4xx_HAL_Driver/Src/stm32f4xx_hal.o
LOAD Drivers/STM32F4xx_HAL_Driver/Src/stm32f4xx_hal_cortex.o
LOAD Drivers/STM32F4xx_HAL_Driver/Src/stm32f4xx_hal_dma.o
LOAD Drivers/STM32F4xx_HAL_Driver/Src/stm32f4xx_hal_dma_ex.o
LOAD Drivers/STM32F4xx_HAL_Driver/Src/stm32f4xx_hal_exti.o
LOAD Drivers/STM32F4xx_HAL_Driver/Src/stm32f4xx_hal_flash.o
LOAD Drivers/STM32F4xx_HAL_Driver/Src/stm32f4xx_hal_flash_ex.o
LOAD Drivers/STM32F4xx_HAL_Driver/Src/stm32f4xx_hal_flash_ramfunc.o
LOAD Drivers/STM32F4xx_HAL_Driver/Src/stm32f4xx_hal_gpio.o
LOAD Drivers/STM32F4xx_HAL_Driver/Src/stm32f4xx_hal_i2c.o
LOAD Drivers/STM32F4xx_HAL_Driver/Src/stm32f4xx_hal_i2c_ex.o
LOAD Drivers/STM32F4xx_HAL_Driver/Src/stm32f4xx_hal_pwr.o
LOAD Drivers/STM32F4xx_HAL_Driver/Src/stm32f4xx_hal_pwr_ex.o
LOAD Drivers/STM32F4xx_HAL_Driver/Src/stm32f4xx_hal_rcc.o
LOAD Drivers/STM32F4xx_HAL_Driver/Src/stm32f4xx_hal_rcc_ex.o
LOAD Drivers/STM32F4xx_HAL_Driver/Src/stm32f4xx_hal_tim.o
LOAD Drivers/STM32F4xx_HAL_Driver/Src/stm32f4xx_hal_tim_ex.o
LOAD Drivers/STM32F4xx_HAL_Driver/Src/stm32f4xx_hal_uart.o
LOAD Middlewares/Third_Party/FreeRTOS/Source/CMSIS_RTOS/cmsis_os.o
LOAD Middlewares/Third_Party/FreeRTOS/Source/croutine.o
LOAD Middlewares/Third_Party/FreeRTOS/Source/event_groups.o
LOAD Middlewares/Third_Party/FreeRTOS/Source/list.o
LOAD Middlewares/Third_Party/FreeRTOS/Source/queue.o
LOAD Middlewares/Third_Party/FreeRTOS/Source/stream_buffer.o
LOAD Middlewares/Third_Party/FreeRTOS/Source/tasks.o
LOAD Middlewares/Third_Party/FreeRTOS/Source/timers.o
LOAD Middlewares/Third_Party/FreeRTOS/Source/portable/GCC/ARM_CM4F/port.o
LOAD Middlewares/Third_Party/FreeRTOS/Source/portable/MemMang/heap_4.o
START GROUP
LOAD /opt/st/stm32cubeide_1.2.0/plugins/com.st.stm32cube.ide.mcu.externaltools.gnu-tools-for-stm32.7-2018-q2-update.linux64_1.0.0.201904181610/tools/bin/../lib/gcc/arm-none-eabi/7.3.1/../../../../arm-none-eabi/lib/thumb/v7e-m/fpv4-sp/hard/libstdc++_nano.a
LOAD /opt/st/stm32cubeide_1.2.0/plugins/com.st.stm32cube.ide.mcu.externaltools.gnu-tools-for-stm32.7-2018-q2-update.linux64_1.0.0.201904181610/tools/bin/../lib/gcc/arm-none-eabi/7.3.1/../../../../arm-none-eabi/lib/thumb/v7e-m/fpv4-sp/hard/libsupc++_nano.a
END GROUP
LOAD /opt/st/stm32cubeide_1.2.0/plugins/com.st.stm32cube.ide.mcu.externaltools.gnu-tools-for-stm32.7-2018-q2-update.linux64_1.0.0.201904181610/tools/bin/../lib/gcc/arm-none-eabi/7.3.1/../../../../arm-none-eabi/lib/thumb/v7e-m/fpv4-sp/hard/libstdc++_nano.a
LOAD /opt/st/stm32cubeide_1.2.0/plugins/com.st.stm32cube.ide.mcu.externaltools.gnu-tools-for-stm32.7-2018-q2-update.linux64_1.0.0.201904181610/tools/bin/../lib/gcc/arm-none-eabi/7.3.1/../../../../arm-none-eabi/lib/thumb/v7e-m/fpv4-sp/hard/libm.a
LOAD /opt/st/stm32cubeide_1.2.0/plugins/com.st.stm32cube.ide.mcu.externaltools.gnu-tools-for-stm32.7-2018-q2-update.linux64_1.0.0.201904181610/tools/bin/../lib/gcc/arm-none-eabi/7.3.1/../../../../arm-none-eabi/lib/thumb/v7e-m/fpv4-sp/hard/libc_nano.a
START GROUP
LOAD /opt/st/stm32cubeide_1.2.0/plugins/com.st.stm32cube.ide.mcu.externaltools.gnu-tools-for-stm32.7-2018-q2-update.linux64_1.0.0.201904181610/tools/bin/../lib/gcc/arm-none-eabi/7.3.1/thumb/v7e-m/fpv4-sp/hard/libgcc.a
LOAD /opt/st/stm32cubeide_1.2.0/plugins/com.st.stm32cube.ide.mcu.externaltools.gnu-tools-for-stm32.7-2018-q2-update.linux64_1.0.0.201904181610/tools/bin/../lib/gcc/arm-none-eabi/7.3.1/../../../../arm-none-eabi/lib/thumb/v7e-m/fpv4-sp/hard/libc_nano.a
END GROUP
START GROUP
LOAD /opt/st/stm32cubeide_1.2.0/plugins/com.st.stm32cube.ide.mcu.externaltools.gnu-tools-for-stm32.7-2018-q2-update.linux64_1.0.0.201904181610/tools/bin/../lib/gcc/arm-none-eabi/7.3.1/thumb/v7e-m/fpv4-sp/hard/libgcc.a
LOAD /opt/st/stm32cubeide_1.2.0/plugins/com.st.stm32cube.ide.mcu.externaltools.gnu-tools-for-stm32.7-2018-q2-update.linux64_1.0.0.201904181610/tools/bin/../lib/gcc/arm-none-eabi/7.3.1/../../../../arm-none-eabi/lib/thumb/v7e-m/fpv4-sp/hard/libc_nano.a
END GROUP
LOAD /opt/st/stm32cubeide_1.2.0/plugins/com.st.stm32cube.ide.mcu.externaltools.gnu-tools-for-stm32.7-2018-q2-update.linux64_1.0.0.201904181610/tools/bin/../lib/gcc/arm-none-eabi/7.3.1/thumb/v7e-m/fpv4-sp/hard/crtend.o
LOAD /opt/st/stm32cubeide_1.2.0/plugins/com.st.stm32cube.ide.mcu.externaltools.gnu-tools-for-stm32.7-2018-q2-update.linux64_1.0.0.201904181610/tools/bin/../lib/gcc/arm-none-eabi/7.3.1/thumb/v7e-m/fpv4-sp/hard/crtn.o
                0x0000000020020000                _estack = (ORIGIN (RAM) + LENGTH (RAM))
                0x0000000000000200                _Min_Heap_Size = 0x200
                0x0000000000000400                _Min_Stack_Size = 0x400

.isr_vector     0x0000000008000000      0x188
                0x0000000008000000                . = ALIGN (0x4)
 *(.isr_vector)
 .isr_vector    0x0000000008000000      0x188 Core/Startup/startup_stm32f405rgtx.o
                0x0000000008000000                g_pfnVectors
                0x0000000008000188                . = ALIGN (0x4)

.text           0x0000000008000190     0xa244
                0x0000000008000190                . = ALIGN (0x4)
 *(.text)
 .text          0x0000000008000190       0x40 /opt/st/stm32cubeide_1.2.0/plugins/com.st.stm32cube.ide.mcu.externaltools.gnu-tools-for-stm32.7-2018-q2-update.linux64_1.0.0.201904181610/tools/bin/../lib/gcc/arm-none-eabi/7.3.1/thumb/v7e-m/fpv4-sp/hard/crtbegin.o
 .text          0x00000000080001d0       0x10 /opt/st/stm32cubeide_1.2.0/plugins/com.st.stm32cube.ide.mcu.externaltools.gnu-tools-for-stm32.7-2018-q2-update.linux64_1.0.0.201904181610/tools/bin/../lib/gcc/arm-none-eabi/7.3.1/../../../../arm-none-eabi/lib/thumb/v7e-m/fpv4-sp/hard/libc_nano.a(lib_a-strlen.o)
                0x00000000080001d0                strlen
 .text          0x00000000080001e0      0x378 /opt/st/stm32cubeide_1.2.0/plugins/com.st.stm32cube.ide.mcu.externaltools.gnu-tools-for-stm32.7-2018-q2-update.linux64_1.0.0.201904181610/tools/bin/../lib/gcc/arm-none-eabi/7.3.1/thumb/v7e-m/fpv4-sp/hard/libgcc.a(_arm_addsubdf3.o)
                0x00000000080001e0                __aeabi_drsub
                0x00000000080001e8                __aeabi_dsub
                0x00000000080001e8                __subdf3
                0x00000000080001ec                __adddf3
                0x00000000080001ec                __aeabi_dadd
                0x0000000008000464                __aeabi_ui2d
                0x0000000008000464                __floatunsidf
                0x0000000008000484                __floatsidf
                0x0000000008000484                __aeabi_i2d
                0x00000000080004a8                __extendsfdf2
                0x00000000080004a8                __aeabi_f2d
                0x00000000080004ec                __aeabi_ul2d
                0x00000000080004ec                __floatundidf
                0x00000000080004fc                __floatdidf
                0x00000000080004fc                __aeabi_l2d
 .text          0x0000000008000558      0x424 /opt/st/stm32cubeide_1.2.0/plugins/com.st.stm32cube.ide.mcu.externaltools.gnu-tools-for-stm32.7-2018-q2-update.linux64_1.0.0.201904181610/tools/bin/../lib/gcc/arm-none-eabi/7.3.1/thumb/v7e-m/fpv4-sp/hard/libgcc.a(_arm_muldivdf3.o)
                0x0000000008000558                __aeabi_dmul
                0x0000000008000558                __muldf3
                0x00000000080007ac                __aeabi_ddiv
                0x00000000080007ac                __divdf3
 .text          0x000000000800097c      0x110 /opt/st/stm32cubeide_1.2.0/plugins/com.st.stm32cube.ide.mcu.externaltools.gnu-tools-for-stm32.7-2018-q2-update.linux64_1.0.0.201904181610/tools/bin/../lib/gcc/arm-none-eabi/7.3.1/thumb/v7e-m/fpv4-sp/hard/libgcc.a(_arm_cmpdf2.o)
                0x000000000800097c                __gtdf2
                0x000000000800097c                __gedf2
                0x0000000008000984                __ltdf2
                0x0000000008000984                __ledf2
                0x000000000800098c                __cmpdf2
                0x000000000800098c                __eqdf2
                0x000000000800098c                __nedf2
                0x0000000008000a08                __aeabi_cdrcmple
                0x0000000008000a18                __aeabi_cdcmple
                0x0000000008000a18                __aeabi_cdcmpeq
                0x0000000008000a28                __aeabi_dcmpeq
                0x0000000008000a3c                __aeabi_dcmplt
                0x0000000008000a50                __aeabi_dcmple
                0x0000000008000a64                __aeabi_dcmpge
                0x0000000008000a78                __aeabi_dcmpgt
 .text          0x0000000008000a8c       0x50 /opt/st/stm32cubeide_1.2.0/plugins/com.st.stm32cube.ide.mcu.externaltools.gnu-tools-for-stm32.7-2018-q2-update.linux64_1.0.0.201904181610/tools/bin/../lib/gcc/arm-none-eabi/7.3.1/thumb/v7e-m/fpv4-sp/hard/libgcc.a(_arm_fixdfsi.o)
                0x0000000008000a8c                __fixdfsi
                0x0000000008000a8c                __aeabi_d2iz
 .text          0x0000000008000adc       0x40 /opt/st/stm32cubeide_1.2.0/plugins/com.st.stm32cube.ide.mcu.externaltools.gnu-tools-for-stm32.7-2018-q2-update.linux64_1.0.0.201904181610/tools/bin/../lib/gcc/arm-none-eabi/7.3.1/thumb/v7e-m/fpv4-sp/hard/libgcc.a(_arm_fixunsdfsi.o)
                0x0000000008000adc                __fixunsdfsi
                0x0000000008000adc                __aeabi_d2uiz
 .text          0x0000000008000b1c       0xa0 /opt/st/stm32cubeide_1.2.0/plugins/com.st.stm32cube.ide.mcu.externaltools.gnu-tools-for-stm32.7-2018-q2-update.linux64_1.0.0.201904181610/tools/bin/../lib/gcc/arm-none-eabi/7.3.1/thumb/v7e-m/fpv4-sp/hard/libgcc.a(_arm_truncdfsf2.o)
                0x0000000008000b1c                __aeabi_d2f
                0x0000000008000b1c                __truncdfsf2
 .text          0x0000000008000bbc       0x30 /opt/st/stm32cubeide_1.2.0/plugins/com.st.stm32cube.ide.mcu.externaltools.gnu-tools-for-stm32.7-2018-q2-update.linux64_1.0.0.201904181610/tools/bin/../lib/gcc/arm-none-eabi/7.3.1/thumb/v7e-m/fpv4-sp/hard/libgcc.a(_aeabi_uldivmod.o)
                0x0000000008000bbc                __aeabi_uldivmod
 .text          0x0000000008000bec      0x2cc /opt/st/stm32cubeide_1.2.0/plugins/com.st.stm32cube.ide.mcu.externaltools.gnu-tools-for-stm32.7-2018-q2-update.linux64_1.0.0.201904181610/tools/bin/../lib/gcc/arm-none-eabi/7.3.1/thumb/v7e-m/fpv4-sp/hard/libgcc.a(_udivmoddi4.o)
                0x0000000008000bec                __udivmoddi4
 .text          0x0000000008000eb8        0x4 /opt/st/stm32cubeide_1.2.0/plugins/com.st.stm32cube.ide.mcu.externaltools.gnu-tools-for-stm32.7-2018-q2-update.linux64_1.0.0.201904181610/tools/bin/../lib/gcc/arm-none-eabi/7.3.1/thumb/v7e-m/fpv4-sp/hard/libgcc.a(_dvmd_tls.o)
                0x0000000008000eb8                __aeabi_ldiv0
                0x0000000008000eb8                __aeabi_idiv0
 *(.text*)
 .text.vApplicationGetIdleTaskMemory
                0x0000000008000ebc       0x34 Core/Src/freertos.o
                0x0000000008000ebc                vApplicationGetIdleTaskMemory
 .text.MX_TIM7_Init
                0x0000000008000ef0       0x84 Core/Src/main.o
 .text._ZSt5isnanf
                0x0000000008000f74       0x2e Core/Src/main.o
                0x0000000008000f74                std::isnan(float)
 *fill*         0x0000000008000fa2        0x6 
 .text._Z4ftoadPci
                0x0000000008000fa8      0x278 Core/Src/main.o
                0x0000000008000fa8                ftoa(double, char*, int)
 .text._Z8init_MPUv
                0x0000000008001220      0x4e4 Core/Src/main.o
                0x0000000008001220                init_MPU()
 .text._Z10adding_rawv
                0x0000000008001704       0xc4 Core/Src/main.o
                0x0000000008001704                adding_raw()
 .text._Z11process_MPUv
                0x00000000080017c8      0x324 Core/Src/main.o
                0x00000000080017c8                process_MPU()
 .text._Z11sbus_decodePh
                0x0000000008001aec       0xc0 Core/Src/main.o
                0x0000000008001aec                sbus_decode(unsigned char*)
 .text._ZN6Matrix9get_valueEPd
                0x0000000008001bac       0x74 Core/Src/main.o
                0x0000000008001bac                Matrix::get_value(double*)
 .text._ZN6Matrix5printE20__UART_HandleTypeDef
                0x0000000008001c20       0xdc Core/Src/main.o
                0x0000000008001c20                Matrix::print(__UART_HandleTypeDef)
 .text._ZN6MatrixC2Eii
                0x0000000008001cfc       0x78 Core/Src/main.o
                0x0000000008001cfc                Matrix::Matrix(int, int)
                0x0000000008001cfc                Matrix::Matrix(int, int)
 .text._ZN6MatrixD2Ev
                0x0000000008001d74       0x20 Core/Src/main.o
                0x0000000008001d74                Matrix::~Matrix()
                0x0000000008001d74                Matrix::~Matrix()
 .text._ZN6MatrixD0Ev
                0x0000000008001d94       0x22 Core/Src/main.o
                0x0000000008001d94                Matrix::~Matrix()
 *fill*         0x0000000008001db6        0x2 
 .text._ZN6MatrixC2ERKS_
                0x0000000008001db8       0x44 Core/Src/main.o
                0x0000000008001db8                Matrix::Matrix(Matrix const&)
                0x0000000008001db8                Matrix::Matrix(Matrix const&)
 .text._Z8diag_matii
                0x0000000008001dfc       0x74 Core/Src/main.o
                0x0000000008001dfc                diag_mat(int, int)
 .text._Z7mul_mat6MatrixS_
                0x0000000008001e70       0xf8 Core/Src/main.o
                0x0000000008001e70                mul_mat(Matrix, Matrix)
 .text._Z7add_mat6MatrixS_
                0x0000000008001f68       0xb8 Core/Src/main.o
                0x0000000008001f68                add_mat(Matrix, Matrix)
 .text._Z7sub_mat6MatrixS_
                0x0000000008002020       0xb8 Core/Src/main.o
                0x0000000008002020                sub_mat(Matrix, Matrix)
 .text._Z9transpose6Matrix
                0x00000000080020d8       0x84 Core/Src/main.o
                0x00000000080020d8                transpose(Matrix)
 .text._ZN6MatrixaSERKS_
                0x000000000800215c       0x46 Core/Src/main.o
                0x000000000800215c                Matrix::operator=(Matrix const&)
 *fill*         0x00000000080021a2        0x2 
 .text._Z7inverse6Matrix
                0x00000000080021a4      0x4a4 Core/Src/main.o
                0x00000000080021a4                inverse(Matrix)
 .text._ZN3EKF7loadEKFEPdS0_S0_S0_
                0x0000000008002648       0x4c Core/Src/main.o
                0x0000000008002648                EKF::loadEKF(double*, double*, double*, double*)
 *fill*         0x0000000008002694        0x4 
 .text._ZN3EKF9updateEKFE8IMU_dataf
                0x0000000008002698     0x1234 Core/Src/main.o
                0x0000000008002698                EKF::updateEKF(IMU_data, float)
 .text._ZN3EKFC2EPdS0_S0_S0_
                0x00000000080038cc       0xe4 Core/Src/main.o
                0x00000000080038cc                EKF::EKF(double*, double*, double*, double*)
                0x00000000080038cc                EKF::EKF(double*, double*, double*, double*)
 .text._ZN3EKFD2Ev
                0x00000000080039b0       0xac Core/Src/main.o
                0x00000000080039b0                EKF::~EKF()
                0x00000000080039b0                EKF::~EKF()
 .text._ZN3EKFD0Ev
                0x0000000008003a5c       0x22 Core/Src/main.o
                0x0000000008003a5c                EKF::~EKF()
 *fill*         0x0000000008003a7e        0x2 
 .text._Z8init_ESCv
                0x0000000008003a80       0x98 Core/Src/main.o
                0x0000000008003a80                init_ESC()
 .text._Z7set_ESCv
                0x0000000008003b18       0x4c Core/Src/main.o
                0x0000000008003b18                set_ESC()
 .text.main     0x0000000008003b64      0x15c Core/Src/main.o
                0x0000000008003b64                main
 .text._Z18SystemClock_Configv
                0x0000000008003cc0       0xe8 Core/Src/main.o
                0x0000000008003cc0                SystemClock_Config()
 .text._ZL12MX_I2C1_Initv
                0x0000000008003da8       0x68 Core/Src/main.o
 .text._ZL12MX_TIM1_Initv
                0x0000000008003e10      0x1e4 Core/Src/main.o
 .text._ZL12MX_TIM4_Initv
                0x0000000008003ff4       0xb8 Core/Src/main.o
 .text._ZL19MX_USART1_UART_Initv
                0x00000000080040ac       0x5c Core/Src/main.o
 .text._ZL19MX_USART3_UART_Initv
                0x0000000008004108       0x5c Core/Src/main.o
 .text._ZL12MX_GPIO_Initv
                0x0000000008004164      0x114 Core/Src/main.o
 .text.HAL_UART_RxCpltCallback
                0x0000000008004278      0x114 Core/Src/main.o
                0x0000000008004278                HAL_UART_RxCpltCallback
 .text._Z16StartDefaultTaskPKv
                0x000000000800438c       0x40 Core/Src/main.o
                0x000000000800438c                StartDefaultTask(void const*)
 .text._Z11StartTask02PKv
                0x00000000080043cc       0x10 Core/Src/main.o
                0x00000000080043cc                StartTask02(void const*)
 .text._Z11StartTask03PKv
                0x00000000080043dc       0x12 Core/Src/main.o
                0x00000000080043dc                StartTask03(void const*)
 *fill*         0x00000000080043ee        0x2 
 .text._Z14filterFunctionPKv
                0x00000000080043f0      0x1f4 Core/Src/main.o
                0x00000000080043f0                filterFunction(void const*)
 .text.HAL_TIM_PeriodElapsedCallback
                0x00000000080045e4       0x40 Core/Src/main.o
                0x00000000080045e4                HAL_TIM_PeriodElapsedCallback
 .text.Error_Handler
                0x0000000008004624        0xe Core/Src/main.o
                0x0000000008004624                Error_Handler
 *fill*         0x0000000008004632        0x2 
 .text._Z41__static_initialization_and_destruction_0ii
                0x0000000008004634       0x5c Core/Src/main.o
 .text._GLOBAL__sub_I_htim7
                0x0000000008004690       0x10 Core/Src/main.o
 .text._GLOBAL__sub_D_htim7
                0x00000000080046a0       0x10 Core/Src/main.o
 .text.HAL_MspInit
                0x00000000080046b0       0x58 Core/Src/stm32f4xx_hal_msp.o
                0x00000000080046b0                HAL_MspInit
 .text.HAL_I2C_MspInit
                0x0000000008004708       0x90 Core/Src/stm32f4xx_hal_msp.o
                0x0000000008004708                HAL_I2C_MspInit
 .text.HAL_TIM_Base_MspInit
                0x0000000008004798       0xa8 Core/Src/stm32f4xx_hal_msp.o
                0x0000000008004798                HAL_TIM_Base_MspInit
 .text.HAL_TIM_MspPostInit
                0x0000000008004840       0x74 Core/Src/stm32f4xx_hal_msp.o
                0x0000000008004840                HAL_TIM_MspPostInit
 .text.HAL_UART_MspInit
                0x00000000080048b4      0x108 Core/Src/stm32f4xx_hal_msp.o
                0x00000000080048b4                HAL_UART_MspInit
 .text.HAL_InitTick
                0x00000000080049bc       0xb4 Core/Src/stm32f4xx_hal_timebase_tim.o
                0x00000000080049bc                HAL_InitTick
 .text.NMI_Handler
                0x0000000008004a70        0xe Core/Src/stm32f4xx_it.o
                0x0000000008004a70                NMI_Handler
 .text.HardFault_Handler
                0x0000000008004a7e        0x6 Core/Src/stm32f4xx_it.o
                0x0000000008004a7e                HardFault_Handler
 .text.MemManage_Handler
                0x0000000008004a84        0x6 Core/Src/stm32f4xx_it.o
                0x0000000008004a84                MemManage_Handler
 .text.BusFault_Handler
                0x0000000008004a8a        0x6 Core/Src/stm32f4xx_it.o
                0x0000000008004a8a                BusFault_Handler
 .text.UsageFault_Handler
                0x0000000008004a90        0x6 Core/Src/stm32f4xx_it.o
                0x0000000008004a90                UsageFault_Handler
 .text.DebugMon_Handler
                0x0000000008004a96        0xe Core/Src/stm32f4xx_it.o
                0x0000000008004a96                DebugMon_Handler
 .text.USART1_IRQHandler
                0x0000000008004aa4       0x14 Core/Src/stm32f4xx_it.o
                0x0000000008004aa4                USART1_IRQHandler
 .text.TIM8_TRG_COM_TIM14_IRQHandler
                0x0000000008004ab8       0x14 Core/Src/stm32f4xx_it.o
                0x0000000008004ab8                TIM8_TRG_COM_TIM14_IRQHandler
 .text.TIM7_IRQHandler
                0x0000000008004acc       0x14 Core/Src/stm32f4xx_it.o
                0x0000000008004acc                TIM7_IRQHandler
 .text.SystemInit
                0x0000000008004ae0       0x6c Core/Src/system_stm32f4xx.o
                0x0000000008004ae0                SystemInit
 .text.Reset_Handler
                0x0000000008004b4c       0x50 Core/Startup/startup_stm32f405rgtx.o
                0x0000000008004b4c                Reset_Handler
 .text.Default_Handler
                0x0000000008004b9c        0x2 Core/Startup/startup_stm32f405rgtx.o
                0x0000000008004b9c                RTC_Alarm_IRQHandler
                0x0000000008004b9c                HASH_RNG_IRQHandler
                0x0000000008004b9c                EXTI2_IRQHandler
                0x0000000008004b9c                TIM8_CC_IRQHandler
                0x0000000008004b9c                TIM1_CC_IRQHandler
                0x0000000008004b9c                DMA2_Stream5_IRQHandler
                0x0000000008004b9c                DMA1_Stream5_IRQHandler
                0x0000000008004b9c                PVD_IRQHandler
                0x0000000008004b9c                SDIO_IRQHandler
                0x0000000008004b9c                TAMP_STAMP_IRQHandler
                0x0000000008004b9c                CAN2_RX1_IRQHandler
                0x0000000008004b9c                EXTI3_IRQHandler
                0x0000000008004b9c                TIM1_UP_TIM10_IRQHandler
                0x0000000008004b9c                TIM8_UP_TIM13_IRQHandler
                0x0000000008004b9c                I2C3_ER_IRQHandler
                0x0000000008004b9c                EXTI0_IRQHandler
                0x0000000008004b9c                I2C2_EV_IRQHandler
                0x0000000008004b9c                DMA1_Stream2_IRQHandler
                0x0000000008004b9c                CAN1_RX0_IRQHandler
                0x0000000008004b9c                FPU_IRQHandler
                0x0000000008004b9c                OTG_HS_WKUP_IRQHandler
                0x0000000008004b9c                CAN2_SCE_IRQHandler
                0x0000000008004b9c                DMA2_Stream2_IRQHandler
                0x0000000008004b9c                SPI1_IRQHandler
                0x0000000008004b9c                TIM6_DAC_IRQHandler
                0x0000000008004b9c                TIM1_BRK_TIM9_IRQHandler
                0x0000000008004b9c                CAN2_RX0_IRQHandler
                0x0000000008004b9c                DMA2_Stream3_IRQHandler
                0x0000000008004b9c                USART6_IRQHandler
                0x0000000008004b9c                USART3_IRQHandler
                0x0000000008004b9c                CAN1_RX1_IRQHandler
                0x0000000008004b9c                UART5_IRQHandler
                0x0000000008004b9c                DMA2_Stream0_IRQHandler
                0x0000000008004b9c                TIM4_IRQHandler
                0x0000000008004b9c                I2C1_EV_IRQHandler
                0x0000000008004b9c                DMA1_Stream6_IRQHandler
                0x0000000008004b9c                DMA1_Stream1_IRQHandler
                0x0000000008004b9c                UART4_IRQHandler
                0x0000000008004b9c                TIM3_IRQHandler
                0x0000000008004b9c                RCC_IRQHandler
                0x0000000008004b9c                TIM8_BRK_TIM12_IRQHandler
                0x0000000008004b9c                Default_Handler
                0x0000000008004b9c                EXTI15_10_IRQHandler
                0x0000000008004b9c                ADC_IRQHandler
                0x0000000008004b9c                DMA1_Stream7_IRQHandler
                0x0000000008004b9c                CAN2_TX_IRQHandler
                0x0000000008004b9c                TIM5_IRQHandler
                0x0000000008004b9c                DMA2_Stream7_IRQHandler
                0x0000000008004b9c                I2C3_EV_IRQHandler
                0x0000000008004b9c                EXTI9_5_IRQHandler
                0x0000000008004b9c                RTC_WKUP_IRQHandler
                0x0000000008004b9c                SPI2_IRQHandler
                0x0000000008004b9c                OTG_HS_EP1_IN_IRQHandler
                0x0000000008004b9c                DMA1_Stream0_IRQHandler
                0x0000000008004b9c                CAN1_TX_IRQHandler
                0x0000000008004b9c                EXTI4_IRQHandler
                0x0000000008004b9c                FSMC_IRQHandler
                0x0000000008004b9c                OTG_HS_EP1_OUT_IRQHandler
                0x0000000008004b9c                WWDG_IRQHandler
                0x0000000008004b9c                TIM2_IRQHandler
                0x0000000008004b9c                OTG_FS_WKUP_IRQHandler
                0x0000000008004b9c                TIM1_TRG_COM_TIM11_IRQHandler
                0x0000000008004b9c                OTG_HS_IRQHandler
                0x0000000008004b9c                EXTI1_IRQHandler
                0x0000000008004b9c                USART2_IRQHandler
                0x0000000008004b9c                I2C2_ER_IRQHandler
                0x0000000008004b9c                DMA2_Stream1_IRQHandler
                0x0000000008004b9c                CAN1_SCE_IRQHandler
                0x0000000008004b9c                FLASH_IRQHandler
                0x0000000008004b9c                DMA2_Stream4_IRQHandler
                0x0000000008004b9c                OTG_FS_IRQHandler
                0x0000000008004b9c                SPI3_IRQHandler
                0x0000000008004b9c                DMA1_Stream4_IRQHandler
                0x0000000008004b9c                I2C1_ER_IRQHandler
                0x0000000008004b9c                DMA2_Stream6_IRQHandler
                0x0000000008004b9c                DMA1_Stream3_IRQHandler
 *fill*         0x0000000008004b9e        0x2 
 .text.HAL_Init
                0x0000000008004ba0       0x44 Drivers/STM32F4xx_HAL_Driver/Src/stm32f4xx_hal.o
                0x0000000008004ba0                HAL_Init
 .text.HAL_IncTick
                0x0000000008004be4       0x28 Drivers/STM32F4xx_HAL_Driver/Src/stm32f4xx_hal.o
                0x0000000008004be4                HAL_IncTick
 .text.HAL_GetTick
                0x0000000008004c0c       0x18 Drivers/STM32F4xx_HAL_Driver/Src/stm32f4xx_hal.o
                0x0000000008004c0c                HAL_GetTick
 .text.HAL_Delay
                0x0000000008004c24       0x44 Drivers/STM32F4xx_HAL_Driver/Src/stm32f4xx_hal.o
                0x0000000008004c24                HAL_Delay
 .text.__NVIC_SetPriorityGrouping
                0x0000000008004c68       0x48 Drivers/STM32F4xx_HAL_Driver/Src/stm32f4xx_hal_cortex.o
 .text.__NVIC_GetPriorityGrouping
                0x0000000008004cb0       0x1c Drivers/STM32F4xx_HAL_Driver/Src/stm32f4xx_hal_cortex.o
 .text.__NVIC_EnableIRQ
                0x0000000008004ccc       0x3c Drivers/STM32F4xx_HAL_Driver/Src/stm32f4xx_hal_cortex.o
 .text.__NVIC_SetPriority
                0x0000000008004d08       0x54 Drivers/STM32F4xx_HAL_Driver/Src/stm32f4xx_hal_cortex.o
 .text.NVIC_EncodePriority
                0x0000000008004d5c       0x66 Drivers/STM32F4xx_HAL_Driver/Src/stm32f4xx_hal_cortex.o
 .text.HAL_NVIC_SetPriorityGrouping
                0x0000000008004dc2       0x16 Drivers/STM32F4xx_HAL_Driver/Src/stm32f4xx_hal_cortex.o
                0x0000000008004dc2                HAL_NVIC_SetPriorityGrouping
 .text.HAL_NVIC_SetPriority
                0x0000000008004dd8       0x38 Drivers/STM32F4xx_HAL_Driver/Src/stm32f4xx_hal_cortex.o
                0x0000000008004dd8                HAL_NVIC_SetPriority
 .text.HAL_NVIC_EnableIRQ
                0x0000000008004e10       0x1c Drivers/STM32F4xx_HAL_Driver/Src/stm32f4xx_hal_cortex.o
                0x0000000008004e10                HAL_NVIC_EnableIRQ
 .text.HAL_DMA_Abort_IT
                0x0000000008004e2c       0x44 Drivers/STM32F4xx_HAL_Driver/Src/stm32f4xx_hal_dma.o
                0x0000000008004e2c                HAL_DMA_Abort_IT
 .text.HAL_GPIO_Init
                0x0000000008004e70      0x334 Drivers/STM32F4xx_HAL_Driver/Src/stm32f4xx_hal_gpio.o
                0x0000000008004e70                HAL_GPIO_Init
 .text.HAL_GPIO_WritePin
                0x00000000080051a4       0x32 Drivers/STM32F4xx_HAL_Driver/Src/stm32f4xx_hal_gpio.o
                0x00000000080051a4                HAL_GPIO_WritePin
 .text.HAL_GPIO_TogglePin
                0x00000000080051d6       0x36 Drivers/STM32F4xx_HAL_Driver/Src/stm32f4xx_hal_gpio.o
                0x00000000080051d6                HAL_GPIO_TogglePin
 .text.HAL_I2C_Init
                0x000000000800520c      0x270 Drivers/STM32F4xx_HAL_Driver/Src/stm32f4xx_hal_i2c.o
                0x000000000800520c                HAL_I2C_Init
 .text.HAL_I2C_Master_Transmit
                0x000000000800547c      0x1fc Drivers/STM32F4xx_HAL_Driver/Src/stm32f4xx_hal_i2c.o
                0x000000000800547c                HAL_I2C_Master_Transmit
 .text.HAL_I2C_Master_Receive
                0x0000000008005678      0x44c Drivers/STM32F4xx_HAL_Driver/Src/stm32f4xx_hal_i2c.o
                0x0000000008005678                HAL_I2C_Master_Receive
 .text.HAL_I2C_IsDeviceReady
                0x0000000008005ac4      0x25c Drivers/STM32F4xx_HAL_Driver/Src/stm32f4xx_hal_i2c.o
                0x0000000008005ac4                HAL_I2C_IsDeviceReady
 .text.I2C_MasterRequestWrite
                0x0000000008005d20      0x104 Drivers/STM32F4xx_HAL_Driver/Src/stm32f4xx_hal_i2c.o
 .text.I2C_MasterRequestRead
                0x0000000008005e24      0x198 Drivers/STM32F4xx_HAL_Driver/Src/stm32f4xx_hal_i2c.o
 .text.I2C_WaitOnFlagUntilTimeout
                0x0000000008005fbc       0xae Drivers/STM32F4xx_HAL_Driver/Src/stm32f4xx_hal_i2c.o
 .text.I2C_WaitOnMasterAddressFlagUntilTimeout
                0x000000000800606a       0xfe Drivers/STM32F4xx_HAL_Driver/Src/stm32f4xx_hal_i2c.o
 .text.I2C_WaitOnTXEFlagUntilTimeout
                0x0000000008006168       0x82 Drivers/STM32F4xx_HAL_Driver/Src/stm32f4xx_hal_i2c.o
 .text.I2C_WaitOnBTFFlagUntilTimeout
                0x00000000080061ea       0x82 Drivers/STM32F4xx_HAL_Driver/Src/stm32f4xx_hal_i2c.o
 .text.I2C_WaitOnRXNEFlagUntilTimeout
                0x000000000800626c       0xac Drivers/STM32F4xx_HAL_Driver/Src/stm32f4xx_hal_i2c.o
 .text.I2C_IsAcknowledgeFailed
                0x0000000008006318       0x5e Drivers/STM32F4xx_HAL_Driver/Src/stm32f4xx_hal_i2c.o
 *fill*         0x0000000008006376        0x2 
 .text.HAL_RCC_OscConfig
                0x0000000008006378      0x4e0 Drivers/STM32F4xx_HAL_Driver/Src/stm32f4xx_hal_rcc.o
                0x0000000008006378                HAL_RCC_OscConfig
 .text.HAL_RCC_ClockConfig
                0x0000000008006858      0x1cc Drivers/STM32F4xx_HAL_Driver/Src/stm32f4xx_hal_rcc.o
                0x0000000008006858                HAL_RCC_ClockConfig
 .text.HAL_RCC_GetSysClockFreq
                0x0000000008006a24      0x164 Drivers/STM32F4xx_HAL_Driver/Src/stm32f4xx_hal_rcc.o
                0x0000000008006a24                HAL_RCC_GetSysClockFreq
 .text.HAL_RCC_GetHCLKFreq
                0x0000000008006b88       0x18 Drivers/STM32F4xx_HAL_Driver/Src/stm32f4xx_hal_rcc.o
                0x0000000008006b88                HAL_RCC_GetHCLKFreq
 .text.HAL_RCC_GetPCLK1Freq
                0x0000000008006ba0       0x28 Drivers/STM32F4xx_HAL_Driver/Src/stm32f4xx_hal_rcc.o
                0x0000000008006ba0                HAL_RCC_GetPCLK1Freq
 .text.HAL_RCC_GetPCLK2Freq
                0x0000000008006bc8       0x28 Drivers/STM32F4xx_HAL_Driver/Src/stm32f4xx_hal_rcc.o
                0x0000000008006bc8                HAL_RCC_GetPCLK2Freq
 .text.HAL_RCC_GetClockConfig
                0x0000000008006bf0       0x64 Drivers/STM32F4xx_HAL_Driver/Src/stm32f4xx_hal_rcc.o
                0x0000000008006bf0                HAL_RCC_GetClockConfig
 .text.HAL_TIM_Base_Init
                0x0000000008006c54       0x56 Drivers/STM32F4xx_HAL_Driver/Src/stm32f4xx_hal_tim.o
                0x0000000008006c54                HAL_TIM_Base_Init
 .text.HAL_TIM_Base_Start
                0x0000000008006caa       0x48 Drivers/STM32F4xx_HAL_Driver/Src/stm32f4xx_hal_tim.o
                0x0000000008006caa                HAL_TIM_Base_Start
 .text.HAL_TIM_Base_Start_IT
                0x0000000008006cf2       0x48 Drivers/STM32F4xx_HAL_Driver/Src/stm32f4xx_hal_tim.o
                0x0000000008006cf2                HAL_TIM_Base_Start_IT
 .text.HAL_TIM_PWM_Init
                0x0000000008006d3a       0x56 Drivers/STM32F4xx_HAL_Driver/Src/stm32f4xx_hal_tim.o
                0x0000000008006d3a                HAL_TIM_PWM_Init
 .text.HAL_TIM_PWM_MspInit
                0x0000000008006d90       0x14 Drivers/STM32F4xx_HAL_Driver/Src/stm32f4xx_hal_tim.o
                0x0000000008006d90                HAL_TIM_PWM_MspInit
 .text.HAL_TIM_PWM_Start
                0x0000000008006da4       0x7c Drivers/STM32F4xx_HAL_Driver/Src/stm32f4xx_hal_tim.o
                0x0000000008006da4                HAL_TIM_PWM_Start
 .text.HAL_TIM_IRQHandler
                0x0000000008006e20      0x210 Drivers/STM32F4xx_HAL_Driver/Src/stm32f4xx_hal_tim.o
                0x0000000008006e20                HAL_TIM_IRQHandler
 .text.HAL_TIM_PWM_ConfigChannel
                0x0000000008007030      0x18c Drivers/STM32F4xx_HAL_Driver/Src/stm32f4xx_hal_tim.o
                0x0000000008007030                HAL_TIM_PWM_ConfigChannel
 .text.HAL_TIM_ConfigClockSource
                0x00000000080071bc      0x16e Drivers/STM32F4xx_HAL_Driver/Src/stm32f4xx_hal_tim.o
                0x00000000080071bc                HAL_TIM_ConfigClockSource
 .text.HAL_TIM_OC_DelayElapsedCallback
                0x000000000800732a       0x14 Drivers/STM32F4xx_HAL_Driver/Src/stm32f4xx_hal_tim.o
                0x000000000800732a                HAL_TIM_OC_DelayElapsedCallback
 .text.HAL_TIM_IC_CaptureCallback
                0x000000000800733e       0x14 Drivers/STM32F4xx_HAL_Driver/Src/stm32f4xx_hal_tim.o
                0x000000000800733e                HAL_TIM_IC_CaptureCallback
 .text.HAL_TIM_PWM_PulseFinishedCallback
                0x0000000008007352       0x14 Drivers/STM32F4xx_HAL_Driver/Src/stm32f4xx_hal_tim.o
                0x0000000008007352                HAL_TIM_PWM_PulseFinishedCallback
 .text.HAL_TIM_TriggerCallback
                0x0000000008007366       0x14 Drivers/STM32F4xx_HAL_Driver/Src/stm32f4xx_hal_tim.o
                0x0000000008007366                HAL_TIM_TriggerCallback
 *fill*         0x000000000800737a        0x2 
 .text.TIM_Base_SetConfig
                0x000000000800737c      0x140 Drivers/STM32F4xx_HAL_Driver/Src/stm32f4xx_hal_tim.o
                0x000000000800737c                TIM_Base_SetConfig
 .text.TIM_OC1_SetConfig
                0x00000000080074bc       0xe0 Drivers/STM32F4xx_HAL_Driver/Src/stm32f4xx_hal_tim.o
 .text.TIM_OC2_SetConfig
                0x000000000800759c       0xec Drivers/STM32F4xx_HAL_Driver/Src/stm32f4xx_hal_tim.o
                0x000000000800759c                TIM_OC2_SetConfig
 .text.TIM_OC3_SetConfig
                0x0000000008007688       0xe8 Drivers/STM32F4xx_HAL_Driver/Src/stm32f4xx_hal_tim.o
 .text.TIM_OC4_SetConfig
                0x0000000008007770       0xac Drivers/STM32F4xx_HAL_Driver/Src/stm32f4xx_hal_tim.o
 .text.TIM_TI1_ConfigInputStage
                0x000000000800781c       0x5e Drivers/STM32F4xx_HAL_Driver/Src/stm32f4xx_hal_tim.o
 .text.TIM_TI2_ConfigInputStage
                0x000000000800787a       0x60 Drivers/STM32F4xx_HAL_Driver/Src/stm32f4xx_hal_tim.o
 .text.TIM_ITRx_SetConfig
                0x00000000080078da       0x36 Drivers/STM32F4xx_HAL_Driver/Src/stm32f4xx_hal_tim.o
 .text.TIM_ETR_SetConfig
                0x0000000008007910       0x40 Drivers/STM32F4xx_HAL_Driver/Src/stm32f4xx_hal_tim.o
                0x0000000008007910                TIM_ETR_SetConfig
 .text.TIM_CCxChannelCmd
                0x0000000008007950       0x4a Drivers/STM32F4xx_HAL_Driver/Src/stm32f4xx_hal_tim.o
                0x0000000008007950                TIM_CCxChannelCmd
 *fill*         0x000000000800799a        0x2 
 .text.HAL_TIMEx_MasterConfigSynchronization
                0x000000000800799c       0xf8 Drivers/STM32F4xx_HAL_Driver/Src/stm32f4xx_hal_tim_ex.o
                0x000000000800799c                HAL_TIMEx_MasterConfigSynchronization
 .text.HAL_TIMEx_ConfigBreakDeadTime
                0x0000000008007a94       0xa4 Drivers/STM32F4xx_HAL_Driver/Src/stm32f4xx_hal_tim_ex.o
                0x0000000008007a94                HAL_TIMEx_ConfigBreakDeadTime
 .text.HAL_TIMEx_CommutCallback
                0x0000000008007b38       0x14 Drivers/STM32F4xx_HAL_Driver/Src/stm32f4xx_hal_tim_ex.o
                0x0000000008007b38                HAL_TIMEx_CommutCallback
 .text.HAL_TIMEx_BreakCallback
                0x0000000008007b4c       0x14 Drivers/STM32F4xx_HAL_Driver/Src/stm32f4xx_hal_tim_ex.o
                0x0000000008007b4c                HAL_TIMEx_BreakCallback
 .text.HAL_UART_Init
                0x0000000008007b60       0x9a Drivers/STM32F4xx_HAL_Driver/Src/stm32f4xx_hal_uart.o
                0x0000000008007b60                HAL_UART_Init
 .text.HAL_UART_Transmit
                0x0000000008007bfa      0x132 Drivers/STM32F4xx_HAL_Driver/Src/stm32f4xx_hal_uart.o
                0x0000000008007bfa                HAL_UART_Transmit
 .text.HAL_UART_Receive_IT
                0x0000000008007d2c       0xaa Drivers/STM32F4xx_HAL_Driver/Src/stm32f4xx_hal_uart.o
                0x0000000008007d2c                HAL_UART_Receive_IT
 *fill*         0x0000000008007dd6        0x2 
 .text.HAL_UART_IRQHandler
                0x0000000008007dd8      0x200 Drivers/STM32F4xx_HAL_Driver/Src/stm32f4xx_hal_uart.o
                0x0000000008007dd8                HAL_UART_IRQHandler
 .text.HAL_UART_TxCpltCallback
                0x0000000008007fd8       0x14 Drivers/STM32F4xx_HAL_Driver/Src/stm32f4xx_hal_uart.o
                0x0000000008007fd8                HAL_UART_TxCpltCallback
 .text.HAL_UART_ErrorCallback
                0x0000000008007fec       0x14 Drivers/STM32F4xx_HAL_Driver/Src/stm32f4xx_hal_uart.o
                0x0000000008007fec                HAL_UART_ErrorCallback
 .text.UART_WaitOnFlagUntilTimeout
                0x0000000008008000       0x94 Drivers/STM32F4xx_HAL_Driver/Src/stm32f4xx_hal_uart.o
 .text.UART_EndRxTransfer
                0x0000000008008094       0x3c Drivers/STM32F4xx_HAL_Driver/Src/stm32f4xx_hal_uart.o
 .text.UART_DMAAbortOnError
                0x00000000080080d0       0x28 Drivers/STM32F4xx_HAL_Driver/Src/stm32f4xx_hal_uart.o
 .text.UART_Transmit_IT
                0x00000000080080f8       0xac Drivers/STM32F4xx_HAL_Driver/Src/stm32f4xx_hal_uart.o
 .text.UART_EndTransmit_IT
                0x00000000080081a4       0x30 Drivers/STM32F4xx_HAL_Driver/Src/stm32f4xx_hal_uart.o
 .text.UART_Receive_IT
                0x00000000080081d4      0x102 Drivers/STM32F4xx_HAL_Driver/Src/stm32f4xx_hal_uart.o
 *fill*         0x00000000080082d6        0x2 
 .text.UART_SetConfig
                0x00000000080082d8      0x6f8 Drivers/STM32F4xx_HAL_Driver/Src/stm32f4xx_hal_uart.o
 .text.makeFreeRtosPriority
                0x00000000080089d0       0x30 Middlewares/Third_Party/FreeRTOS/Source/CMSIS_RTOS/cmsis_os.o
 .text.osKernelStart
                0x0000000008008a00        0xe Middlewares/Third_Party/FreeRTOS/Source/CMSIS_RTOS/cmsis_os.o
                0x0000000008008a00                osKernelStart
 .text.osThreadCreate
                0x0000000008008a0e       0x98 Middlewares/Third_Party/FreeRTOS/Source/CMSIS_RTOS/cmsis_os.o
                0x0000000008008a0e                osThreadCreate
 .text.osDelay  0x0000000008008aa6       0x28 Middlewares/Third_Party/FreeRTOS/Source/CMSIS_RTOS/cmsis_os.o
                0x0000000008008aa6                osDelay
 .text.osMessageCreate
                0x0000000008008ace       0x52 Middlewares/Third_Party/FreeRTOS/Source/CMSIS_RTOS/cmsis_os.o
                0x0000000008008ace                osMessageCreate
 .text.vListInitialise
                0x0000000008008b20       0x40 Middlewares/Third_Party/FreeRTOS/Source/list.o
                0x0000000008008b20                vListInitialise
 .text.vListInitialiseItem
                0x0000000008008b60       0x1a Middlewares/Third_Party/FreeRTOS/Source/list.o
                0x0000000008008b60                vListInitialiseItem
 .text.vListInsertEnd
                0x0000000008008b7a       0x48 Middlewares/Third_Party/FreeRTOS/Source/list.o
                0x0000000008008b7a                vListInsertEnd
 .text.vListInsert
                0x0000000008008bc2       0x72 Middlewares/Third_Party/FreeRTOS/Source/list.o
                0x0000000008008bc2                vListInsert
 .text.uxListRemove
                0x0000000008008c34       0x54 Middlewares/Third_Party/FreeRTOS/Source/list.o
                0x0000000008008c34                uxListRemove
 .text.xQueueGenericReset
                0x0000000008008c88       0xd0 Middlewares/Third_Party/FreeRTOS/Source/queue.o
                0x0000000008008c88                xQueueGenericReset
 .text.xQueueGenericCreateStatic
                0x0000000008008d58       0xe4 Middlewares/Third_Party/FreeRTOS/Source/queue.o
                0x0000000008008d58                xQueueGenericCreateStatic
 .text.xQueueGenericCreate
                0x0000000008008e3c       0x7a Middlewares/Third_Party/FreeRTOS/Source/queue.o
                0x0000000008008e3c                xQueueGenericCreate
 .text.prvInitialiseNewQueue
                0x0000000008008eb6       0x46 Middlewares/Third_Party/FreeRTOS/Source/queue.o
 .text.MX_TIM7_Init
                0x0000000008008efc       0x70 Middlewares/Third_Party/FreeRTOS/Source/tasks.o
 .text.xTaskCreateStatic
                0x0000000008008f6c       0xb2 Middlewares/Third_Party/FreeRTOS/Source/tasks.o
                0x0000000008008f6c                xTaskCreateStatic
 .text.xTaskCreate
                0x000000000800901e       0x8a Middlewares/Third_Party/FreeRTOS/Source/tasks.o
                0x000000000800901e                xTaskCreate
 .text.prvInitialiseNewTask
                0x00000000080090a8      0x112 Middlewares/Third_Party/FreeRTOS/Source/tasks.o
 *fill*         0x00000000080091ba        0x2 
 .text.prvAddNewTaskToReadyList
                0x00000000080091bc       0xdc Middlewares/Third_Party/FreeRTOS/Source/tasks.o
 .text.vTaskDelay
                0x0000000008009298       0x68 Middlewares/Third_Party/FreeRTOS/Source/tasks.o
                0x0000000008009298                vTaskDelay
 .text.vTaskStartScheduler
                0x0000000008009300       0xc0 Middlewares/Third_Party/FreeRTOS/Source/tasks.o
                0x0000000008009300                vTaskStartScheduler
 .text.vTaskSuspendAll
                0x00000000080093c0       0x1c Middlewares/Third_Party/FreeRTOS/Source/tasks.o
                0x00000000080093c0                vTaskSuspendAll
 .text.xTaskResumeAll
                0x00000000080093dc      0x138 Middlewares/Third_Party/FreeRTOS/Source/tasks.o
                0x00000000080093dc                xTaskResumeAll
 .text.xTaskIncrementTick
                0x0000000008009514      0x178 Middlewares/Third_Party/FreeRTOS/Source/tasks.o
                0x0000000008009514                xTaskIncrementTick
 .text.vTaskSwitchContext
                0x000000000800968c       0xf0 Middlewares/Third_Party/FreeRTOS/Source/tasks.o
                0x000000000800968c                vTaskSwitchContext
 .text.xTaskRemoveFromEventList
                0x000000000800977c       0xc4 Middlewares/Third_Party/FreeRTOS/Source/tasks.o
                0x000000000800977c                xTaskRemoveFromEventList
 .text.prvIdleTask
                0x0000000008009840       0x30 Middlewares/Third_Party/FreeRTOS/Source/tasks.o
 .text.prvInitialiseTaskLists
                0x0000000008009870       0x80 Middlewares/Third_Party/FreeRTOS/Source/tasks.o
 .text.prvCheckTasksWaitingTermination
                0x00000000080098f0       0x58 Middlewares/Third_Party/FreeRTOS/Source/tasks.o
 .text.prvDeleteTCB
                0x0000000008009948       0x5c Middlewares/Third_Party/FreeRTOS/Source/tasks.o
 .text.prvResetNextTaskUnblockTime
                0x00000000080099a4       0x4c Middlewares/Third_Party/FreeRTOS/Source/tasks.o
 .text.prvAddCurrentTaskToDelayedList
                0x00000000080099f0       0xcc Middlewares/Third_Party/FreeRTOS/Source/tasks.o
 .text.pxPortInitialiseStack
                0x0000000008009abc       0x68 Middlewares/Third_Party/FreeRTOS/Source/portable/GCC/ARM_CM4F/port.o
                0x0000000008009abc                pxPortInitialiseStack
 .text.prvTaskExitError
                0x0000000008009b24       0x54 Middlewares/Third_Party/FreeRTOS/Source/portable/GCC/ARM_CM4F/port.o
 *fill*         0x0000000008009b78        0x8 
 .text.SVC_Handler
                0x0000000008009b80       0x28 Middlewares/Third_Party/FreeRTOS/Source/portable/GCC/ARM_CM4F/port.o
                0x0000000008009b80                SVC_Handler
 .text.prvPortStartFirstTask
                0x0000000008009ba8       0x28 Middlewares/Third_Party/FreeRTOS/Source/portable/GCC/ARM_CM4F/port.o
 .text.xPortStartScheduler
                0x0000000008009bd0      0x15c Middlewares/Third_Party/FreeRTOS/Source/portable/GCC/ARM_CM4F/port.o
                0x0000000008009bd0                xPortStartScheduler
 .text.vPortEnterCritical
                0x0000000008009d2c       0x5c Middlewares/Third_Party/FreeRTOS/Source/portable/GCC/ARM_CM4F/port.o
                0x0000000008009d2c                vPortEnterCritical
 .text.vPortExitCritical
                0x0000000008009d88       0x50 Middlewares/Third_Party/FreeRTOS/Source/portable/GCC/ARM_CM4F/port.o
                0x0000000008009d88                vPortExitCritical
 *fill*         0x0000000008009dd8        0x8 
 .text.PendSV_Handler
                0x0000000008009de0       0x68 Middlewares/Third_Party/FreeRTOS/Source/portable/GCC/ARM_CM4F/port.o
                0x0000000008009de0                PendSV_Handler
 .text.SysTick_Handler
                0x0000000008009e48       0x40 Middlewares/Third_Party/FreeRTOS/Source/portable/GCC/ARM_CM4F/port.o
                0x0000000008009e48                SysTick_Handler
 .text.vPortSetupTimerInterrupt
                0x0000000008009e88       0x48 Middlewares/Third_Party/FreeRTOS/Source/portable/GCC/ARM_CM4F/port.o
                0x0000000008009e88                vPortSetupTimerInterrupt
 .text.vPortEnableVFP
                0x0000000008009ed0       0x14 Middlewares/Third_Party/FreeRTOS/Source/portable/GCC/ARM_CM4F/port.o
 .text.pvPortMalloc
                0x0000000008009ee4      0x184 Middlewares/Third_Party/FreeRTOS/Source/portable/MemMang/heap_4.o
                0x0000000008009ee4                pvPortMalloc
 .text.vPortFree
                0x000000000800a068       0xb0 Middlewares/Third_Party/FreeRTOS/Source/portable/MemMang/heap_4.o
                0x000000000800a068                vPortFree
 .text.prvHeapInit
                0x000000000800a118       0xc8 Middlewares/Third_Party/FreeRTOS/Source/portable/MemMang/heap_4.o
 .text.prvInsertBlockIntoFreeList
                0x000000000800a1e0       0xb4 Middlewares/Third_Party/FreeRTOS/Source/portable/MemMang/heap_4.o
 .text._ZdlPvj  0x000000000800a294        0x4 /opt/st/stm32cubeide_1.2.0/plugins/com.st.stm32cube.ide.mcu.externaltools.gnu-tools-for-stm32.7-2018-q2-update.linux64_1.0.0.201904181610/tools/bin/../lib/gcc/arm-none-eabi/7.3.1/../../../../arm-none-eabi/lib/thumb/v7e-m/fpv4-sp/hard/libstdc++_nano.a(del_ops.o)
                0x000000000800a294                operator delete(void*, unsigned int)
 .text._ZdlPv   0x000000000800a298        0x4 /opt/st/stm32cubeide_1.2.0/plugins/com.st.stm32cube.ide.mcu.externaltools.gnu-tools-for-stm32.7-2018-q2-update.linux64_1.0.0.201904181610/tools/bin/../lib/gcc/arm-none-eabi/7.3.1/../../../../arm-none-eabi/lib/thumb/v7e-m/fpv4-sp/hard/libstdc++_nano.a(del_op.o)
                0x000000000800a298                operator delete(void*)
 .text.__libc_init_array
                0x000000000800a29c       0x48 /opt/st/stm32cubeide_1.2.0/plugins/com.st.stm32cube.ide.mcu.externaltools.gnu-tools-for-stm32.7-2018-q2-update.linux64_1.0.0.201904181610/tools/bin/../lib/gcc/arm-none-eabi/7.3.1/../../../../arm-none-eabi/lib/thumb/v7e-m/fpv4-sp/hard/libc_nano.a(lib_a-init.o)
                0x000000000800a29c                __libc_init_array
 .text.free     0x000000000800a2e4       0x10 /opt/st/stm32cubeide_1.2.0/plugins/com.st.stm32cube.ide.mcu.externaltools.gnu-tools-for-stm32.7-2018-q2-update.linux64_1.0.0.201904181610/tools/bin/../lib/gcc/arm-none-eabi/7.3.1/../../../../arm-none-eabi/lib/thumb/v7e-m/fpv4-sp/hard/libc_nano.a(lib_a-malloc.o)
                0x000000000800a2e4                free
 .text.memcpy   0x000000000800a2f4       0x16 /opt/st/stm32cubeide_1.2.0/plugins/com.st.stm32cube.ide.mcu.externaltools.gnu-tools-for-stm32.7-2018-q2-update.linux64_1.0.0.201904181610/tools/bin/../lib/gcc/arm-none-eabi/7.3.1/../../../../arm-none-eabi/lib/thumb/v7e-m/fpv4-sp/hard/libc_nano.a(lib_a-memcpy-stub.o)
                0x000000000800a2f4                memcpy
 .text.memset   0x000000000800a30a       0x10 /opt/st/stm32cubeide_1.2.0/plugins/com.st.stm32cube.ide.mcu.externaltools.gnu-tools-for-stm32.7-2018-q2-update.linux64_1.0.0.201904181610/tools/bin/../lib/gcc/arm-none-eabi/7.3.1/../../../../arm-none-eabi/lib/thumb/v7e-m/fpv4-sp/hard/libc_nano.a(lib_a-memset.o)
                0x000000000800a30a                memset
 *fill*         0x000000000800a31a        0x2 
 .text._free_r  0x000000000800a31c       0x9c /opt/st/stm32cubeide_1.2.0/plugins/com.st.stm32cube.ide.mcu.externaltools.gnu-tools-for-stm32.7-2018-q2-update.linux64_1.0.0.201904181610/tools/bin/../lib/gcc/arm-none-eabi/7.3.1/../../../../arm-none-eabi/lib/thumb/v7e-m/fpv4-sp/hard/libc_nano.a(lib_a-nano-freer.o)
                0x000000000800a31c                _free_r
 .text.__malloc_lock
                0x000000000800a3b8        0x2 /opt/st/stm32cubeide_1.2.0/plugins/com.st.stm32cube.ide.mcu.externaltools.gnu-tools-for-stm32.7-2018-q2-update.linux64_1.0.0.201904181610/tools/bin/../lib/gcc/arm-none-eabi/7.3.1/../../../../arm-none-eabi/lib/thumb/v7e-m/fpv4-sp/hard/libc_nano.a(lib_a-mlock.o)
                0x000000000800a3b8                __malloc_lock
 .text.__malloc_unlock
                0x000000000800a3ba        0x2 /opt/st/stm32cubeide_1.2.0/plugins/com.st.stm32cube.ide.mcu.externaltools.gnu-tools-for-stm32.7-2018-q2-update.linux64_1.0.0.201904181610/tools/bin/../lib/gcc/arm-none-eabi/7.3.1/../../../../arm-none-eabi/lib/thumb/v7e-m/fpv4-sp/hard/libc_nano.a(lib_a-mlock.o)
                0x000000000800a3ba                __malloc_unlock
 *(.glue_7)
 .glue_7        0x000000000800a3bc        0x0 linker stubs
 *(.glue_7t)
 .glue_7t       0x000000000800a3bc        0x0 linker stubs
 *(.eh_frame)
 .eh_frame      0x000000000800a3bc        0x0 /opt/st/stm32cubeide_1.2.0/plugins/com.st.stm32cube.ide.mcu.externaltools.gnu-tools-for-stm32.7-2018-q2-update.linux64_1.0.0.201904181610/tools/bin/../lib/gcc/arm-none-eabi/7.3.1/thumb/v7e-m/fpv4-sp/hard/crtbegin.o
 *(.init)
 .init          0x000000000800a3bc        0x4 /opt/st/stm32cubeide_1.2.0/plugins/com.st.stm32cube.ide.mcu.externaltools.gnu-tools-for-stm32.7-2018-q2-update.linux64_1.0.0.201904181610/tools/bin/../lib/gcc/arm-none-eabi/7.3.1/thumb/v7e-m/fpv4-sp/hard/crti.o
                0x000000000800a3bc                _init
 .init          0x000000000800a3c0        0x8 /opt/st/stm32cubeide_1.2.0/plugins/com.st.stm32cube.ide.mcu.externaltools.gnu-tools-for-stm32.7-2018-q2-update.linux64_1.0.0.201904181610/tools/bin/../lib/gcc/arm-none-eabi/7.3.1/thumb/v7e-m/fpv4-sp/hard/crtn.o
 *(.fini)
 .fini          0x000000000800a3c8        0x4 /opt/st/stm32cubeide_1.2.0/plugins/com.st.stm32cube.ide.mcu.externaltools.gnu-tools-for-stm32.7-2018-q2-update.linux64_1.0.0.201904181610/tools/bin/../lib/gcc/arm-none-eabi/7.3.1/thumb/v7e-m/fpv4-sp/hard/crti.o
                0x000000000800a3c8                _fini
 .fini          0x000000000800a3cc        0x8 /opt/st/stm32cubeide_1.2.0/plugins/com.st.stm32cube.ide.mcu.externaltools.gnu-tools-for-stm32.7-2018-q2-update.linux64_1.0.0.201904181610/tools/bin/../lib/gcc/arm-none-eabi/7.3.1/thumb/v7e-m/fpv4-sp/hard/crtn.o
                0x000000000800a3d4                . = ALIGN (0x4)
                0x000000000800a3d4                _etext = .

.vfp11_veneer   0x000000000800a3d4        0x0
 .vfp11_veneer  0x000000000800a3d4        0x0 linker stubs

.v4_bx          0x000000000800a3d4        0x0
 .v4_bx         0x000000000800a3d4        0x0 linker stubs

.iplt           0x000000000800a3d4        0x0
 .iplt          0x000000000800a3d4        0x0 /opt/st/stm32cubeide_1.2.0/plugins/com.st.stm32cube.ide.mcu.externaltools.gnu-tools-for-stm32.7-2018-q2-update.linux64_1.0.0.201904181610/tools/bin/../lib/gcc/arm-none-eabi/7.3.1/thumb/v7e-m/fpv4-sp/hard/crtbegin.o

.rodata         0x000000000800a3d8      0x160
                0x000000000800a3d8                . = ALIGN (0x4)
 *(.rodata)
 .rodata        0x000000000800a3d8       0xc8 Core/Src/main.o
 .rodata        0x000000000800a4a0        0x5 Middlewares/Third_Party/FreeRTOS/Source/tasks.o
 *(.rodata*)
 *fill*         0x000000000800a4a5        0x3 
 .rodata._ZL8rounders
                0x000000000800a4a8       0x58 Core/Src/main.o
 .rodata._ZTV3EKF
                0x000000000800a500       0x10 Core/Src/main.o
                0x000000000800a500                vtable for EKF
 .rodata._ZTV6Matrix
                0x000000000800a510       0x10 Core/Src/main.o
                0x000000000800a510                vtable for Matrix
 .rodata.AHBPrescTable
                0x000000000800a520       0x10 Core/Src/system_stm32f4xx.o
                0x000000000800a520                AHBPrescTable
 .rodata.APBPrescTable
                0x000000000800a530        0x8 Core/Src/system_stm32f4xx.o
                0x000000000800a530                APBPrescTable
                0x000000000800a538                . = ALIGN (0x4)

.ARM.extab      0x000000000800a538        0x0
                0x000000000800a538                . = ALIGN (0x4)
 *(.ARM.extab* .gnu.linkonce.armextab.*)
                0x000000000800a538                . = ALIGN (0x4)

.ARM            0x000000000800a538        0x8
                0x000000000800a538                . = ALIGN (0x4)
                0x000000000800a538                __exidx_start = .
 *(.ARM.exidx*)
 .ARM.exidx     0x000000000800a538        0x8 /opt/st/stm32cubeide_1.2.0/plugins/com.st.stm32cube.ide.mcu.externaltools.gnu-tools-for-stm32.7-2018-q2-update.linux64_1.0.0.201904181610/tools/bin/../lib/gcc/arm-none-eabi/7.3.1/thumb/v7e-m/fpv4-sp/hard/libgcc.a(_udivmoddi4.o)
                0x000000000800a540                __exidx_end = .
                0x000000000800a540                . = ALIGN (0x4)

.rel.dyn        0x000000000800a540        0x0
 .rel.iplt      0x000000000800a540        0x0 /opt/st/stm32cubeide_1.2.0/plugins/com.st.stm32cube.ide.mcu.externaltools.gnu-tools-for-stm32.7-2018-q2-update.linux64_1.0.0.201904181610/tools/bin/../lib/gcc/arm-none-eabi/7.3.1/thumb/v7e-m/fpv4-sp/hard/crtbegin.o

.preinit_array  0x000000000800a540        0x0
                0x000000000800a540                . = ALIGN (0x4)
                0x000000000800a540                PROVIDE (__preinit_array_start = .)
 *(.preinit_array*)
                0x000000000800a540                PROVIDE (__preinit_array_end = .)
                0x000000000800a540                . = ALIGN (0x4)

.init_array     0x000000000800a540        0x8
                0x000000000800a540                . = ALIGN (0x4)
                0x000000000800a540                PROVIDE (__init_array_start = .)
 *(SORT_BY_NAME(.init_array.*))
 *(.init_array*)
 .init_array    0x000000000800a540        0x4 /opt/st/stm32cubeide_1.2.0/plugins/com.st.stm32cube.ide.mcu.externaltools.gnu-tools-for-stm32.7-2018-q2-update.linux64_1.0.0.201904181610/tools/bin/../lib/gcc/arm-none-eabi/7.3.1/thumb/v7e-m/fpv4-sp/hard/crtbegin.o
 .init_array    0x000000000800a544        0x4 Core/Src/main.o
                0x000000000800a548                PROVIDE (__init_array_end = .)
                0x000000000800a548                . = ALIGN (0x4)

.fini_array     0x000000000800a548        0x8
                0x000000000800a548                . = ALIGN (0x4)
                [!provide]                        PROVIDE (__fini_array_start = .)
 *(SORT_BY_NAME(.fini_array.*))
 *(.fini_array*)
 .fini_array    0x000000000800a548        0x4 /opt/st/stm32cubeide_1.2.0/plugins/com.st.stm32cube.ide.mcu.externaltools.gnu-tools-for-stm32.7-2018-q2-update.linux64_1.0.0.201904181610/tools/bin/../lib/gcc/arm-none-eabi/7.3.1/thumb/v7e-m/fpv4-sp/hard/crtbegin.o
 .fini_array    0x000000000800a54c        0x4 Core/Src/main.o
                [!provide]                        PROVIDE (__fini_array_end = .)
                0x000000000800a550                . = ALIGN (0x4)
                0x000000000800a550                _sidata = LOADADDR (.data)

.data           0x0000000020000000      0x404 load address 0x000000000800a550
                0x0000000020000000                . = ALIGN (0x4)
                0x0000000020000000                _sdata = .
 *(.data)
 *(.data*)
 .data.x        0x0000000020000000       0x38 Core/Src/main.o
                0x0000000020000000                x
 .data.Q        0x0000000020000038      0x188 Core/Src/main.o
                0x0000000020000038                Q
 .data.P        0x00000000200001c0      0x188 Core/Src/main.o
                0x00000000200001c0                P
 .data.R        0x0000000020000348       0x48 Core/Src/main.o
                0x0000000020000348                R
 .data.SystemCoreClock
                0x0000000020000390        0x4 Core/Src/system_stm32f4xx.o
                0x0000000020000390                SystemCoreClock
 .data.uwTickPrio
                0x0000000020000394        0x4 Drivers/STM32F4xx_HAL_Driver/Src/stm32f4xx_hal.o
                0x0000000020000394                uwTickPrio
 .data.uwTickFreq
                0x0000000020000398        0x1 Drivers/STM32F4xx_HAL_Driver/Src/stm32f4xx_hal.o
                0x0000000020000398                uwTickFreq
 *fill*         0x0000000020000399        0x3 
 .data.uxCriticalNesting
                0x000000002000039c        0x4 Middlewares/Third_Party/FreeRTOS/Source/portable/GCC/ARM_CM4F/port.o
 .data._impure_ptr
                0x00000000200003a0        0x4 /opt/st/stm32cubeide_1.2.0/plugins/com.st.stm32cube.ide.mcu.externaltools.gnu-tools-for-stm32.7-2018-q2-update.linux64_1.0.0.201904181610/tools/bin/../lib/gcc/arm-none-eabi/7.3.1/../../../../arm-none-eabi/lib/thumb/v7e-m/fpv4-sp/hard/libc_nano.a(lib_a-impure.o)
                0x00000000200003a0                _impure_ptr
 .data.impure_data
                0x00000000200003a4       0x60 /opt/st/stm32cubeide_1.2.0/plugins/com.st.stm32cube.ide.mcu.externaltools.gnu-tools-for-stm32.7-2018-q2-update.linux64_1.0.0.201904181610/tools/bin/../lib/gcc/arm-none-eabi/7.3.1/../../../../arm-none-eabi/lib/thumb/v7e-m/fpv4-sp/hard/libc_nano.a(lib_a-impure.o)
                0x0000000020000404                . = ALIGN (0x4)
                0x0000000020000404                _edata = .

.igot.plt       0x0000000020000404        0x0 load address 0x000000000800a954
 .igot.plt      0x0000000020000404        0x0 /opt/st/stm32cubeide_1.2.0/plugins/com.st.stm32cube.ide.mcu.externaltools.gnu-tools-for-stm32.7-2018-q2-update.linux64_1.0.0.201904181610/tools/bin/../lib/gcc/arm-none-eabi/7.3.1/thumb/v7e-m/fpv4-sp/hard/crtbegin.o
                0x0000000020000404                . = ALIGN (0x4)

.bss            0x0000000020000408    0x1a054 load address 0x000000000800a954
                0x0000000020000408                _sbss = .
                0x0000000020000408                __bss_start__ = _sbss
 *(.bss)
 .bss           0x0000000020000408       0x1c /opt/st/stm32cubeide_1.2.0/plugins/com.st.stm32cube.ide.mcu.externaltools.gnu-tools-for-stm32.7-2018-q2-update.linux64_1.0.0.201904181610/tools/bin/../lib/gcc/arm-none-eabi/7.3.1/thumb/v7e-m/fpv4-sp/hard/crtbegin.o
 *(.bss*)
 .bss.xIdleTaskTCBBuffer
                0x0000000020000424       0x60 Core/Src/freertos.o
 .bss.xIdleStack
                0x0000000020000484      0x200 Core/Src/freertos.o
 .bss.htim7     0x0000000020000684       0x40 Core/Src/main.o
                0x0000000020000684                htim7
 .bss.ulHighFrequencyTimerTicks
                0x00000000200006c4        0x4 Core/Src/main.o
                0x00000000200006c4                ulHighFrequencyTimerTicks
 .bss.hi2c1     0x00000000200006c8       0x54 Core/Src/main.o
                0x00000000200006c8                hi2c1
 .bss.huart3    0x000000002000071c       0x40 Core/Src/main.o
                0x000000002000071c                huart3
 .bss.temp      0x000000002000075c        0x4 Core/Src/main.o
                0x000000002000075c                temp
 .bss.asax      0x0000000020000760        0x4 Core/Src/main.o
                0x0000000020000760                asax
 .bss.asay      0x0000000020000764        0x4 Core/Src/main.o
                0x0000000020000764                asay
 .bss.asaz      0x0000000020000768        0x4 Core/Src/main.o
                0x0000000020000768                asaz
 *fill*         0x000000002000076c        0x4 
 .bss.bAx       0x0000000020000770        0x8 Core/Src/main.o
                0x0000000020000770                bAx
 .bss.bAy       0x0000000020000778        0x8 Core/Src/main.o
                0x0000000020000778                bAy
 .bss.bAz       0x0000000020000780        0x8 Core/Src/main.o
                0x0000000020000780                bAz
 .bss.bGx       0x0000000020000788        0x8 Core/Src/main.o
                0x0000000020000788                bGx
 .bss.bGy       0x0000000020000790        0x8 Core/Src/main.o
                0x0000000020000790                bGy
 .bss.bGz       0x0000000020000798        0x8 Core/Src/main.o
                0x0000000020000798                bGz
 .bss.Acc_x     0x00000000200007a0        0x4 Core/Src/main.o
                0x00000000200007a0                Acc_x
 .bss.Acc_y     0x00000000200007a4        0x4 Core/Src/main.o
                0x00000000200007a4                Acc_y
 .bss.Acc_z     0x00000000200007a8        0x4 Core/Src/main.o
                0x00000000200007a8                Acc_z
 .bss.Gyro_x    0x00000000200007ac        0x4 Core/Src/main.o
                0x00000000200007ac                Gyro_x
 .bss.Gyro_y    0x00000000200007b0        0x4 Core/Src/main.o
                0x00000000200007b0                Gyro_y
 .bss.Gyro_z    0x00000000200007b4        0x4 Core/Src/main.o
                0x00000000200007b4                Gyro_z
 .bss.Acc_x_    0x00000000200007b8        0x4 Core/Src/main.o
                0x00000000200007b8                Acc_x_
 .bss.Acc_y_    0x00000000200007bc        0x4 Core/Src/main.o
                0x00000000200007bc                Acc_y_
 .bss.Acc_z_    0x00000000200007c0        0x4 Core/Src/main.o
                0x00000000200007c0                Acc_z_
 .bss.Gyro_x_   0x00000000200007c4        0x4 Core/Src/main.o
                0x00000000200007c4                Gyro_x_
 .bss.Gyro_y_   0x00000000200007c8        0x4 Core/Src/main.o
                0x00000000200007c8                Gyro_y_
 .bss.Gyro_z_   0x00000000200007cc        0x4 Core/Src/main.o
                0x00000000200007cc                Gyro_z_
 .bss.gyro_angle_r
                0x00000000200007d0        0x4 Core/Src/main.o
                0x00000000200007d0                gyro_angle_r
 .bss.gyro_angle_p
                0x00000000200007d4        0x4 Core/Src/main.o
                0x00000000200007d4                gyro_angle_p
 .bss.gyro_angle_y
                0x00000000200007d8        0x4 Core/Src/main.o
                0x00000000200007d8                gyro_angle_y
 .bss.esc_value1
                0x00000000200007dc        0x2 Core/Src/main.o
                0x00000000200007dc                esc_value1
 .bss.esc_value2
                0x00000000200007de        0x2 Core/Src/main.o
                0x00000000200007de                esc_value2
 .bss.esc_value3
                0x00000000200007e0        0x2 Core/Src/main.o
                0x00000000200007e0                esc_value3
 .bss.esc_value4
                0x00000000200007e2        0x2 Core/Src/main.o
                0x00000000200007e2                esc_value4
 .bss.htim1     0x00000000200007e4       0x40 Core/Src/main.o
                0x00000000200007e4                htim1
 .bss.htim4     0x0000000020000824       0x40 Core/Src/main.o
                0x0000000020000824                htim4
 .bss.huart1    0x0000000020000864       0x40 Core/Src/main.o
                0x0000000020000864                huart1
 .bss.read_MPUHandle
                0x00000000200008a4        0x4 Core/Src/main.o
                0x00000000200008a4                read_MPUHandle
 .bss.read_BMPHandle
                0x00000000200008a8        0x4 Core/Src/main.o
                0x00000000200008a8                read_BMPHandle
 .bss.receiveTaskHandle
                0x00000000200008ac        0x4 Core/Src/main.o
                0x00000000200008ac                receiveTaskHandle
 .bss.filterTaskHandle
                0x00000000200008b0        0x4 Core/Src/main.o
                0x00000000200008b0                filterTaskHandle
 .bss.QueueHandle
                0x00000000200008b4        0x4 Core/Src/main.o
                0x00000000200008b4                QueueHandle
 .bss.Rx_data   0x00000000200008b8        0x2 Core/Src/main.o
                0x00000000200008b8                Rx_data
 *fill*         0x00000000200008ba        0x2 
 .bss.Rx_buffer
                0x00000000200008bc        0x6 Core/Src/main.o
                0x00000000200008bc                Rx_buffer
 *fill*         0x00000000200008c2        0x2 
 .bss.i         0x00000000200008c4        0x4 Core/Src/main.o
                0x00000000200008c4                i
 .bss.data_imu_raw
                0x00000000200008c8       0x18 Core/Src/main.o
                0x00000000200008c8                data_imu_raw
 .bss.data_imu_buffer
                0x00000000200008e0       0x18 Core/Src/main.o
                0x00000000200008e0                data_imu_buffer
 .bss.ekf       0x00000000200008f8     0x1328 Core/Src/main.o
                0x00000000200008f8                ekf
 .bss.pxCurrentTCB
                0x0000000020001c20        0x4 Middlewares/Third_Party/FreeRTOS/Source/tasks.o
                0x0000000020001c20                pxCurrentTCB
 .bss.pxReadyTasksLists
                0x0000000020001c24       0x8c Middlewares/Third_Party/FreeRTOS/Source/tasks.o
 .bss.xDelayedTaskList1
                0x0000000020001cb0       0x14 Middlewares/Third_Party/FreeRTOS/Source/tasks.o
 .bss.xDelayedTaskList2
                0x0000000020001cc4       0x14 Middlewares/Third_Party/FreeRTOS/Source/tasks.o
 .bss.pxDelayedTaskList
                0x0000000020001cd8        0x4 Middlewares/Third_Party/FreeRTOS/Source/tasks.o
 .bss.pxOverflowDelayedTaskList
                0x0000000020001cdc        0x4 Middlewares/Third_Party/FreeRTOS/Source/tasks.o
 .bss.xPendingReadyList
                0x0000000020001ce0       0x14 Middlewares/Third_Party/FreeRTOS/Source/tasks.o
 .bss.xTasksWaitingTermination
                0x0000000020001cf4       0x14 Middlewares/Third_Party/FreeRTOS/Source/tasks.o
 .bss.uxDeletedTasksWaitingCleanUp
                0x0000000020001d08        0x4 Middlewares/Third_Party/FreeRTOS/Source/tasks.o
 .bss.xSuspendedTaskList
                0x0000000020001d0c       0x14 Middlewares/Third_Party/FreeRTOS/Source/tasks.o
 .bss.uxCurrentNumberOfTasks
                0x0000000020001d20        0x4 Middlewares/Third_Party/FreeRTOS/Source/tasks.o
 .bss.xTickCount
                0x0000000020001d24        0x4 Middlewares/Third_Party/FreeRTOS/Source/tasks.o
 .bss.uxTopReadyPriority
                0x0000000020001d28        0x4 Middlewares/Third_Party/FreeRTOS/Source/tasks.o
 .bss.xSchedulerRunning
                0x0000000020001d2c        0x4 Middlewares/Third_Party/FreeRTOS/Source/tasks.o
 .bss.uxPendedTicks
                0x0000000020001d30        0x4 Middlewares/Third_Party/FreeRTOS/Source/tasks.o
 .bss.xYieldPending
                0x0000000020001d34        0x4 Middlewares/Third_Party/FreeRTOS/Source/tasks.o
 .bss.xNumOfOverflows
                0x0000000020001d38        0x4 Middlewares/Third_Party/FreeRTOS/Source/tasks.o
 .bss.uxTaskNumber
                0x0000000020001d3c        0x4 Middlewares/Third_Party/FreeRTOS/Source/tasks.o
 .bss.xNextTaskUnblockTime
                0x0000000020001d40        0x4 Middlewares/Third_Party/FreeRTOS/Source/tasks.o
 .bss.xIdleTaskHandle
                0x0000000020001d44        0x4 Middlewares/Third_Party/FreeRTOS/Source/tasks.o
 .bss.uxSchedulerSuspended
                0x0000000020001d48        0x4 Middlewares/Third_Party/FreeRTOS/Source/tasks.o
 .bss.ulTaskSwitchedInTime
                0x0000000020001d4c        0x4 Middlewares/Third_Party/FreeRTOS/Source/tasks.o
 .bss.ulTotalRunTime
                0x0000000020001d50        0x4 Middlewares/Third_Party/FreeRTOS/Source/tasks.o
 .bss.ucMaxSysCallPriority
                0x0000000020001d54        0x1 Middlewares/Third_Party/FreeRTOS/Source/portable/GCC/ARM_CM4F/port.o
 *fill*         0x0000000020001d55        0x3 
 .bss.ulMaxPRIGROUPValue
                0x0000000020001d58        0x4 Middlewares/Third_Party/FreeRTOS/Source/portable/GCC/ARM_CM4F/port.o
 .bss.ucHeap    0x0000000020001d5c    0x186a0 Middlewares/Third_Party/FreeRTOS/Source/portable/MemMang/heap_4.o
 .bss.xStart    0x000000002001a3fc        0x8 Middlewares/Third_Party/FreeRTOS/Source/portable/MemMang/heap_4.o
 .bss.pxEnd     0x000000002001a404        0x4 Middlewares/Third_Party/FreeRTOS/Source/portable/MemMang/heap_4.o
 .bss.xFreeBytesRemaining
                0x000000002001a408        0x4 Middlewares/Third_Party/FreeRTOS/Source/portable/MemMang/heap_4.o
 .bss.xMinimumEverFreeBytesRemaining
                0x000000002001a40c        0x4 Middlewares/Third_Party/FreeRTOS/Source/portable/MemMang/heap_4.o
 .bss.xBlockAllocatedBit
                0x000000002001a410        0x4 Middlewares/Third_Party/FreeRTOS/Source/portable/MemMang/heap_4.o
 .bss.__malloc_free_list
                0x000000002001a414        0x4 /opt/st/stm32cubeide_1.2.0/plugins/com.st.stm32cube.ide.mcu.externaltools.gnu-tools-for-stm32.7-2018-q2-update.linux64_1.0.0.201904181610/tools/bin/../lib/gcc/arm-none-eabi/7.3.1/../../../../arm-none-eabi/lib/thumb/v7e-m/fpv4-sp/hard/libc_nano.a(lib_a-nano-mallocr.o)
                0x000000002001a414                __malloc_free_list
 *(COMMON)
 COMMON         0x000000002001a418       0x40 Core/Src/stm32f4xx_hal_timebase_tim.o
                0x000000002001a418                htim14
 COMMON         0x000000002001a458        0x4 Drivers/STM32F4xx_HAL_Driver/Src/stm32f4xx_hal.o
                0x000000002001a458                uwTick
                0x000000002001a45c                . = ALIGN (0x4)
                0x000000002001a45c                _ebss = .
                0x000000002001a45c                __bss_end__ = _ebss

._user_heap_stack
                0x000000002001a45c      0x604 load address 0x000000000800a954
                0x000000002001a460                . = ALIGN (0x8)
 *fill*         0x000000002001a45c        0x4 
                [!provide]                        PROVIDE (end = .)
                [!provide]                        PROVIDE (_end = .)
                0x000000002001a660                . = (. + _Min_Heap_Size)
 *fill*         0x000000002001a460      0x200 
                0x000000002001aa60                . = (. + _Min_Stack_Size)
 *fill*         0x000000002001a660      0x400 
                0x000000002001aa60                . = ALIGN (0x8)

/DISCARD/
 libc.a(*)
 libm.a(*)
 libgcc.a(*)

.ARM.attributes
                0x0000000000000000       0x30
 *(.ARM.attributes)
 .ARM.attributes
                0x0000000000000000       0x22 /opt/st/stm32cubeide_1.2.0/plugins/com.st.stm32cube.ide.mcu.externaltools.gnu-tools-for-stm32.7-2018-q2-update.linux64_1.0.0.201904181610/tools/bin/../lib/gcc/arm-none-eabi/7.3.1/thumb/v7e-m/fpv4-sp/hard/crti.o
 .ARM.attributes
                0x0000000000000022       0x34 /opt/st/stm32cubeide_1.2.0/plugins/com.st.stm32cube.ide.mcu.externaltools.gnu-tools-for-stm32.7-2018-q2-update.linux64_1.0.0.201904181610/tools/bin/../lib/gcc/arm-none-eabi/7.3.1/thumb/v7e-m/fpv4-sp/hard/crtbegin.o
 .ARM.attributes
                0x0000000000000056       0x39 Core/Src/freertos.o
 .ARM.attributes
                0x000000000000008f       0x39 Core/Src/main.o
 .ARM.attributes
                0x00000000000000c8       0x39 Core/Src/stm32f4xx_hal_msp.o
 .ARM.attributes
                0x0000000000000101       0x39 Core/Src/stm32f4xx_hal_timebase_tim.o
 .ARM.attributes
                0x000000000000013a       0x39 Core/Src/stm32f4xx_it.o
 .ARM.attributes
                0x0000000000000173       0x39 Core/Src/system_stm32f4xx.o
 .ARM.attributes
                0x00000000000001ac       0x21 Core/Startup/startup_stm32f405rgtx.o
 .ARM.attributes
                0x00000000000001cd       0x39 Drivers/STM32F4xx_HAL_Driver/Src/stm32f4xx_hal.o
 .ARM.attributes
                0x0000000000000206       0x39 Drivers/STM32F4xx_HAL_Driver/Src/stm32f4xx_hal_cortex.o
 .ARM.attributes
                0x000000000000023f       0x39 Drivers/STM32F4xx_HAL_Driver/Src/stm32f4xx_hal_dma.o
 .ARM.attributes
                0x0000000000000278       0x39 Drivers/STM32F4xx_HAL_Driver/Src/stm32f4xx_hal_gpio.o
 .ARM.attributes
                0x00000000000002b1       0x39 Drivers/STM32F4xx_HAL_Driver/Src/stm32f4xx_hal_i2c.o
 .ARM.attributes
                0x00000000000002ea       0x39 Drivers/STM32F4xx_HAL_Driver/Src/stm32f4xx_hal_rcc.o
 .ARM.attributes
                0x0000000000000323       0x39 Drivers/STM32F4xx_HAL_Driver/Src/stm32f4xx_hal_tim.o
 .ARM.attributes
                0x000000000000035c       0x39 Drivers/STM32F4xx_HAL_Driver/Src/stm32f4xx_hal_tim_ex.o
 .ARM.attributes
                0x0000000000000395       0x39 Drivers/STM32F4xx_HAL_Driver/Src/stm32f4xx_hal_uart.o
 .ARM.attributes
                0x00000000000003ce       0x39 Middlewares/Third_Party/FreeRTOS/Source/CMSIS_RTOS/cmsis_os.o
 .ARM.attributes
                0x0000000000000407       0x39 Middlewares/Third_Party/FreeRTOS/Source/list.o
 .ARM.attributes
                0x0000000000000440       0x39 Middlewares/Third_Party/FreeRTOS/Source/queue.o
 .ARM.attributes
                0x0000000000000479       0x39 Middlewares/Third_Party/FreeRTOS/Source/tasks.o
 .ARM.attributes
                0x00000000000004b2       0x39 Middlewares/Third_Party/FreeRTOS/Source/portable/GCC/ARM_CM4F/port.o
 .ARM.attributes
                0x00000000000004eb       0x39 Middlewares/Third_Party/FreeRTOS/Source/portable/MemMang/heap_4.o
 .ARM.attributes
                0x0000000000000524       0x34 /opt/st/stm32cubeide_1.2.0/plugins/com.st.stm32cube.ide.mcu.externaltools.gnu-tools-for-stm32.7-2018-q2-update.linux64_1.0.0.201904181610/tools/bin/../lib/gcc/arm-none-eabi/7.3.1/../../../../arm-none-eabi/lib/thumb/v7e-m/fpv4-sp/hard/libstdc++_nano.a(del_ops.o)
 .ARM.attributes
                0x0000000000000558       0x34 /opt/st/stm32cubeide_1.2.0/plugins/com.st.stm32cube.ide.mcu.externaltools.gnu-tools-for-stm32.7-2018-q2-update.linux64_1.0.0.201904181610/tools/bin/../lib/gcc/arm-none-eabi/7.3.1/../../../../arm-none-eabi/lib/thumb/v7e-m/fpv4-sp/hard/libstdc++_nano.a(del_op.o)
 .ARM.attributes
                0x000000000000058c       0x34 /opt/st/stm32cubeide_1.2.0/plugins/com.st.stm32cube.ide.mcu.externaltools.gnu-tools-for-stm32.7-2018-q2-update.linux64_1.0.0.201904181610/tools/bin/../lib/gcc/arm-none-eabi/7.3.1/../../../../arm-none-eabi/lib/thumb/v7e-m/fpv4-sp/hard/libc_nano.a(lib_a-impure.o)
 .ARM.attributes
                0x00000000000005c0       0x34 /opt/st/stm32cubeide_1.2.0/plugins/com.st.stm32cube.ide.mcu.externaltools.gnu-tools-for-stm32.7-2018-q2-update.linux64_1.0.0.201904181610/tools/bin/../lib/gcc/arm-none-eabi/7.3.1/../../../../arm-none-eabi/lib/thumb/v7e-m/fpv4-sp/hard/libc_nano.a(lib_a-init.o)
 .ARM.attributes
                0x00000000000005f4       0x34 /opt/st/stm32cubeide_1.2.0/plugins/com.st.stm32cube.ide.mcu.externaltools.gnu-tools-for-stm32.7-2018-q2-update.linux64_1.0.0.201904181610/tools/bin/../lib/gcc/arm-none-eabi/7.3.1/../../../../arm-none-eabi/lib/thumb/v7e-m/fpv4-sp/hard/libc_nano.a(lib_a-malloc.o)
 .ARM.attributes
                0x0000000000000628       0x34 /opt/st/stm32cubeide_1.2.0/plugins/com.st.stm32cube.ide.mcu.externaltools.gnu-tools-for-stm32.7-2018-q2-update.linux64_1.0.0.201904181610/tools/bin/../lib/gcc/arm-none-eabi/7.3.1/../../../../arm-none-eabi/lib/thumb/v7e-m/fpv4-sp/hard/libc_nano.a(lib_a-memcpy-stub.o)
 .ARM.attributes
                0x000000000000065c       0x34 /opt/st/stm32cubeide_1.2.0/plugins/com.st.stm32cube.ide.mcu.externaltools.gnu-tools-for-stm32.7-2018-q2-update.linux64_1.0.0.201904181610/tools/bin/../lib/gcc/arm-none-eabi/7.3.1/../../../../arm-none-eabi/lib/thumb/v7e-m/fpv4-sp/hard/libc_nano.a(lib_a-memset.o)
 .ARM.attributes
                0x0000000000000690       0x34 /opt/st/stm32cubeide_1.2.0/plugins/com.st.stm32cube.ide.mcu.externaltools.gnu-tools-for-stm32.7-2018-q2-update.linux64_1.0.0.201904181610/tools/bin/../lib/gcc/arm-none-eabi/7.3.1/../../../../arm-none-eabi/lib/thumb/v7e-m/fpv4-sp/hard/libc_nano.a(lib_a-nano-freer.o)
 .ARM.attributes
                0x00000000000006c4       0x34 /opt/st/stm32cubeide_1.2.0/plugins/com.st.stm32cube.ide.mcu.externaltools.gnu-tools-for-stm32.7-2018-q2-update.linux64_1.0.0.201904181610/tools/bin/../lib/gcc/arm-none-eabi/7.3.1/../../../../arm-none-eabi/lib/thumb/v7e-m/fpv4-sp/hard/libc_nano.a(lib_a-nano-mallocr.o)
 .ARM.attributes
                0x00000000000006f8       0x1b /opt/st/stm32cubeide_1.2.0/plugins/com.st.stm32cube.ide.mcu.externaltools.gnu-tools-for-stm32.7-2018-q2-update.linux64_1.0.0.201904181610/tools/bin/../lib/gcc/arm-none-eabi/7.3.1/../../../../arm-none-eabi/lib/thumb/v7e-m/fpv4-sp/hard/libc_nano.a(lib_a-strlen.o)
 .ARM.attributes
                0x0000000000000713       0x34 /opt/st/stm32cubeide_1.2.0/plugins/com.st.stm32cube.ide.mcu.externaltools.gnu-tools-for-stm32.7-2018-q2-update.linux64_1.0.0.201904181610/tools/bin/../lib/gcc/arm-none-eabi/7.3.1/../../../../arm-none-eabi/lib/thumb/v7e-m/fpv4-sp/hard/libc_nano.a(lib_a-mlock.o)
 .ARM.attributes
                0x0000000000000747       0x22 /opt/st/stm32cubeide_1.2.0/plugins/com.st.stm32cube.ide.mcu.externaltools.gnu-tools-for-stm32.7-2018-q2-update.linux64_1.0.0.201904181610/tools/bin/../lib/gcc/arm-none-eabi/7.3.1/thumb/v7e-m/fpv4-sp/hard/libgcc.a(_arm_addsubdf3.o)
 .ARM.attributes
                0x0000000000000769       0x22 /opt/st/stm32cubeide_1.2.0/plugins/com.st.stm32cube.ide.mcu.externaltools.gnu-tools-for-stm32.7-2018-q2-update.linux64_1.0.0.201904181610/tools/bin/../lib/gcc/arm-none-eabi/7.3.1/thumb/v7e-m/fpv4-sp/hard/libgcc.a(_arm_muldivdf3.o)
 .ARM.attributes
                0x000000000000078b       0x22 /opt/st/stm32cubeide_1.2.0/plugins/com.st.stm32cube.ide.mcu.externaltools.gnu-tools-for-stm32.7-2018-q2-update.linux64_1.0.0.201904181610/tools/bin/../lib/gcc/arm-none-eabi/7.3.1/thumb/v7e-m/fpv4-sp/hard/libgcc.a(_arm_cmpdf2.o)
 .ARM.attributes
                0x00000000000007ad       0x22 /opt/st/stm32cubeide_1.2.0/plugins/com.st.stm32cube.ide.mcu.externaltools.gnu-tools-for-stm32.7-2018-q2-update.linux64_1.0.0.201904181610/tools/bin/../lib/gcc/arm-none-eabi/7.3.1/thumb/v7e-m/fpv4-sp/hard/libgcc.a(_arm_fixdfsi.o)
 .ARM.attributes
                0x00000000000007cf       0x22 /opt/st/stm32cubeide_1.2.0/plugins/com.st.stm32cube.ide.mcu.externaltools.gnu-tools-for-stm32.7-2018-q2-update.linux64_1.0.0.201904181610/tools/bin/../lib/gcc/arm-none-eabi/7.3.1/thumb/v7e-m/fpv4-sp/hard/libgcc.a(_arm_fixunsdfsi.o)
 .ARM.attributes
                0x00000000000007f1       0x22 /opt/st/stm32cubeide_1.2.0/plugins/com.st.stm32cube.ide.mcu.externaltools.gnu-tools-for-stm32.7-2018-q2-update.linux64_1.0.0.201904181610/tools/bin/../lib/gcc/arm-none-eabi/7.3.1/thumb/v7e-m/fpv4-sp/hard/libgcc.a(_arm_truncdfsf2.o)
 .ARM.attributes
                0x0000000000000813       0x22 /opt/st/stm32cubeide_1.2.0/plugins/com.st.stm32cube.ide.mcu.externaltools.gnu-tools-for-stm32.7-2018-q2-update.linux64_1.0.0.201904181610/tools/bin/../lib/gcc/arm-none-eabi/7.3.1/thumb/v7e-m/fpv4-sp/hard/libgcc.a(_aeabi_uldivmod.o)
 .ARM.attributes
                0x0000000000000835       0x34 /opt/st/stm32cubeide_1.2.0/plugins/com.st.stm32cube.ide.mcu.externaltools.gnu-tools-for-stm32.7-2018-q2-update.linux64_1.0.0.201904181610/tools/bin/../lib/gcc/arm-none-eabi/7.3.1/thumb/v7e-m/fpv4-sp/hard/libgcc.a(_udivmoddi4.o)
 .ARM.attributes
                0x0000000000000869       0x22 /opt/st/stm32cubeide_1.2.0/plugins/com.st.stm32cube.ide.mcu.externaltools.gnu-tools-for-stm32.7-2018-q2-update.linux64_1.0.0.201904181610/tools/bin/../lib/gcc/arm-none-eabi/7.3.1/thumb/v7e-m/fpv4-sp/hard/libgcc.a(_dvmd_tls.o)
 .ARM.attributes
                0x000000000000088b       0x22 /opt/st/stm32cubeide_1.2.0/plugins/com.st.stm32cube.ide.mcu.externaltools.gnu-tools-for-stm32.7-2018-q2-update.linux64_1.0.0.201904181610/tools/bin/../lib/gcc/arm-none-eabi/7.3.1/thumb/v7e-m/fpv4-sp/hard/crtn.o
OUTPUT(RTOS_drone.elf elf32-littlearm)

.debug_info     0x0000000000000000    0x1ce80
 .debug_info    0x0000000000000000      0x8ec Core/Src/freertos.o
 .debug_info    0x00000000000008ec     0x535a Core/Src/main.o
 .debug_info    0x0000000000005c46     0x11fc Core/Src/stm32f4xx_hal_msp.o
 .debug_info    0x0000000000006e42      0xb1b Core/Src/stm32f4xx_hal_timebase_tim.o
 .debug_info    0x000000000000795d      0x991 Core/Src/stm32f4xx_it.o
 .debug_info    0x00000000000082ee      0x554 Core/Src/system_stm32f4xx.o
 .debug_info    0x0000000000008842       0x22 Core/Startup/startup_stm32f405rgtx.o
 .debug_info    0x0000000000008864      0x933 Drivers/STM32F4xx_HAL_Driver/Src/stm32f4xx_hal.o
 .debug_info    0x0000000000009197      0xe16 Drivers/STM32F4xx_HAL_Driver/Src/stm32f4xx_hal_cortex.o
 .debug_info    0x0000000000009fad      0x968 Drivers/STM32F4xx_HAL_Driver/Src/stm32f4xx_hal_dma.o
 .debug_info    0x000000000000a915      0x7b5 Drivers/STM32F4xx_HAL_Driver/Src/stm32f4xx_hal_gpio.o
 .debug_info    0x000000000000b0ca     0x23b5 Drivers/STM32F4xx_HAL_Driver/Src/stm32f4xx_hal_i2c.o
 .debug_info    0x000000000000d47f      0x904 Drivers/STM32F4xx_HAL_Driver/Src/stm32f4xx_hal_rcc.o
 .debug_info    0x000000000000dd83     0x24a9 Drivers/STM32F4xx_HAL_Driver/Src/stm32f4xx_hal_tim.o
 .debug_info    0x000000000001022c     0x1157 Drivers/STM32F4xx_HAL_Driver/Src/stm32f4xx_hal_tim_ex.o
 .debug_info    0x0000000000011383     0x124c Drivers/STM32F4xx_HAL_Driver/Src/stm32f4xx_hal_uart.o
 .debug_info    0x00000000000125cf     0x24e9 Middlewares/Third_Party/FreeRTOS/Source/CMSIS_RTOS/cmsis_os.o
 .debug_info    0x0000000000014ab8     0x1130 Middlewares/Third_Party/FreeRTOS/Source/list.o
 .debug_info    0x0000000000015be8     0x2638 Middlewares/Third_Party/FreeRTOS/Source/queue.o
 .debug_info    0x0000000000018220     0x2e7a Middlewares/Third_Party/FreeRTOS/Source/tasks.o
 .debug_info    0x000000000001b09a      0xba5 Middlewares/Third_Party/FreeRTOS/Source/portable/GCC/ARM_CM4F/port.o
 .debug_info    0x000000000001bc3f     0x1241 Middlewares/Third_Party/FreeRTOS/Source/portable/MemMang/heap_4.o

.debug_abbrev   0x0000000000000000     0x3755
 .debug_abbrev  0x0000000000000000      0x1c2 Core/Src/freertos.o
 .debug_abbrev  0x00000000000001c2      0x7ea Core/Src/main.o
 .debug_abbrev  0x00000000000009ac      0x1de Core/Src/stm32f4xx_hal_msp.o
 .debug_abbrev  0x0000000000000b8a      0x19d Core/Src/stm32f4xx_hal_timebase_tim.o
 .debug_abbrev  0x0000000000000d27      0x190 Core/Src/stm32f4xx_it.o
 .debug_abbrev  0x0000000000000eb7      0x12b Core/Src/system_stm32f4xx.o
 .debug_abbrev  0x0000000000000fe2       0x12 Core/Startup/startup_stm32f405rgtx.o
 .debug_abbrev  0x0000000000000ff4      0x1c7 Drivers/STM32F4xx_HAL_Driver/Src/stm32f4xx_hal.o
 .debug_abbrev  0x00000000000011bb      0x2fa Drivers/STM32F4xx_HAL_Driver/Src/stm32f4xx_hal_cortex.o
 .debug_abbrev  0x00000000000014b5      0x229 Drivers/STM32F4xx_HAL_Driver/Src/stm32f4xx_hal_dma.o
 .debug_abbrev  0x00000000000016de      0x1c9 Drivers/STM32F4xx_HAL_Driver/Src/stm32f4xx_hal_gpio.o
 .debug_abbrev  0x00000000000018a7      0x254 Drivers/STM32F4xx_HAL_Driver/Src/stm32f4xx_hal_i2c.o
 .debug_abbrev  0x0000000000001afb      0x245 Drivers/STM32F4xx_HAL_Driver/Src/stm32f4xx_hal_rcc.o
 .debug_abbrev  0x0000000000001d40      0x230 Drivers/STM32F4xx_HAL_Driver/Src/stm32f4xx_hal_tim.o
 .debug_abbrev  0x0000000000001f70      0x21e Drivers/STM32F4xx_HAL_Driver/Src/stm32f4xx_hal_tim_ex.o
 .debug_abbrev  0x000000000000218e      0x242 Drivers/STM32F4xx_HAL_Driver/Src/stm32f4xx_hal_uart.o
 .debug_abbrev  0x00000000000023d0      0x3db Middlewares/Third_Party/FreeRTOS/Source/CMSIS_RTOS/cmsis_os.o
 .debug_abbrev  0x00000000000027ab      0x240 Middlewares/Third_Party/FreeRTOS/Source/list.o
 .debug_abbrev  0x00000000000029eb      0x3a9 Middlewares/Third_Party/FreeRTOS/Source/queue.o
 .debug_abbrev  0x0000000000002d94      0x3ab Middlewares/Third_Party/FreeRTOS/Source/tasks.o
 .debug_abbrev  0x000000000000313f      0x2ef Middlewares/Third_Party/FreeRTOS/Source/portable/GCC/ARM_CM4F/port.o
 .debug_abbrev  0x000000000000342e      0x327 Middlewares/Third_Party/FreeRTOS/Source/portable/MemMang/heap_4.o

.debug_aranges  0x0000000000000000     0x1680
 .debug_aranges
                0x0000000000000000       0x28 Core/Src/freertos.o
 .debug_aranges
                0x0000000000000028      0x228 Core/Src/main.o
 .debug_aranges
                0x0000000000000250       0x58 Core/Src/stm32f4xx_hal_msp.o
 .debug_aranges
                0x00000000000002a8       0x30 Core/Src/stm32f4xx_hal_timebase_tim.o
 .debug_aranges
                0x00000000000002d8       0x68 Core/Src/stm32f4xx_it.o
 .debug_aranges
                0x0000000000000340       0x28 Core/Src/system_stm32f4xx.o
 .debug_aranges
                0x0000000000000368       0x28 Core/Startup/startup_stm32f405rgtx.o
 .debug_aranges
                0x0000000000000390       0xf0 Drivers/STM32F4xx_HAL_Driver/Src/stm32f4xx_hal.o
 .debug_aranges
                0x0000000000000480      0x118 Drivers/STM32F4xx_HAL_Driver/Src/stm32f4xx_hal_cortex.o
 .debug_aranges
                0x0000000000000598       0x90 Drivers/STM32F4xx_HAL_Driver/Src/stm32f4xx_hal_dma.o
 .debug_aranges
                0x0000000000000628       0x58 Drivers/STM32F4xx_HAL_Driver/Src/stm32f4xx_hal_gpio.o
 .debug_aranges
                0x0000000000000680      0x298 Drivers/STM32F4xx_HAL_Driver/Src/stm32f4xx_hal_i2c.o
 .debug_aranges
                0x0000000000000918       0x88 Drivers/STM32F4xx_HAL_Driver/Src/stm32f4xx_hal_rcc.o
 .debug_aranges
                0x00000000000009a0      0x3a8 Drivers/STM32F4xx_HAL_Driver/Src/stm32f4xx_hal_tim.o
 .debug_aranges
                0x0000000000000d48      0x150 Drivers/STM32F4xx_HAL_Driver/Src/stm32f4xx_hal_tim_ex.o
 .debug_aranges
                0x0000000000000e98      0x1d0 Drivers/STM32F4xx_HAL_Driver/Src/stm32f4xx_hal_uart.o
 .debug_aranges
                0x0000000000001068      0x1e0 Middlewares/Third_Party/FreeRTOS/Source/CMSIS_RTOS/cmsis_os.o
 .debug_aranges
                0x0000000000001248       0x48 Middlewares/Third_Party/FreeRTOS/Source/list.o
 .debug_aranges
                0x0000000000001290      0x128 Middlewares/Third_Party/FreeRTOS/Source/queue.o
 .debug_aranges
                0x00000000000013b8      0x1e8 Middlewares/Third_Party/FreeRTOS/Source/tasks.o
 .debug_aranges
                0x00000000000015a0       0x88 Middlewares/Third_Party/FreeRTOS/Source/portable/GCC/ARM_CM4F/port.o
 .debug_aranges
                0x0000000000001628       0x58 Middlewares/Third_Party/FreeRTOS/Source/portable/MemMang/heap_4.o

.debug_ranges   0x0000000000000000     0x1548
 .debug_ranges  0x0000000000000000       0x18 Core/Src/freertos.o
 .debug_ranges  0x0000000000000018      0x218 Core/Src/main.o
 .debug_ranges  0x0000000000000230       0x48 Core/Src/stm32f4xx_hal_msp.o
 .debug_ranges  0x0000000000000278       0x20 Core/Src/stm32f4xx_hal_timebase_tim.o
 .debug_ranges  0x0000000000000298       0x58 Core/Src/stm32f4xx_it.o
 .debug_ranges  0x00000000000002f0       0x18 Core/Src/system_stm32f4xx.o
 .debug_ranges  0x0000000000000308       0x20 Core/Startup/startup_stm32f405rgtx.o
 .debug_ranges  0x0000000000000328       0xe0 Drivers/STM32F4xx_HAL_Driver/Src/stm32f4xx_hal.o
 .debug_ranges  0x0000000000000408      0x108 Drivers/STM32F4xx_HAL_Driver/Src/stm32f4xx_hal_cortex.o
 .debug_ranges  0x0000000000000510       0x80 Drivers/STM32F4xx_HAL_Driver/Src/stm32f4xx_hal_dma.o
 .debug_ranges  0x0000000000000590       0x48 Drivers/STM32F4xx_HAL_Driver/Src/stm32f4xx_hal_gpio.o
 .debug_ranges  0x00000000000005d8      0x2a8 Drivers/STM32F4xx_HAL_Driver/Src/stm32f4xx_hal_i2c.o
 .debug_ranges  0x0000000000000880       0x78 Drivers/STM32F4xx_HAL_Driver/Src/stm32f4xx_hal_rcc.o
 .debug_ranges  0x00000000000008f8      0x398 Drivers/STM32F4xx_HAL_Driver/Src/stm32f4xx_hal_tim.o
 .debug_ranges  0x0000000000000c90      0x140 Drivers/STM32F4xx_HAL_Driver/Src/stm32f4xx_hal_tim_ex.o
 .debug_ranges  0x0000000000000dd0      0x1c0 Drivers/STM32F4xx_HAL_Driver/Src/stm32f4xx_hal_uart.o
 .debug_ranges  0x0000000000000f90      0x1d0 Middlewares/Third_Party/FreeRTOS/Source/CMSIS_RTOS/cmsis_os.o
 .debug_ranges  0x0000000000001160       0x38 Middlewares/Third_Party/FreeRTOS/Source/list.o
 .debug_ranges  0x0000000000001198      0x118 Middlewares/Third_Party/FreeRTOS/Source/queue.o
 .debug_ranges  0x00000000000012b0      0x1d8 Middlewares/Third_Party/FreeRTOS/Source/tasks.o
 .debug_ranges  0x0000000000001488       0x78 Middlewares/Third_Party/FreeRTOS/Source/portable/GCC/ARM_CM4F/port.o
 .debug_ranges  0x0000000000001500       0x48 Middlewares/Third_Party/FreeRTOS/Source/portable/MemMang/heap_4.o

.debug_macro    0x0000000000000000     0x7897
 .debug_macro   0x0000000000000000      0x264 Core/Src/freertos.o
 .debug_macro   0x0000000000000264       0xec Core/Src/freertos.o
 .debug_macro   0x0000000000000350      0x15a Core/Src/freertos.o
 .debug_macro   0x00000000000004aa       0xd7 Core/Src/freertos.o
 .debug_macro   0x0000000000000581       0x10 Core/Src/freertos.o
 .debug_macro   0x0000000000000591       0x1f Core/Src/freertos.o
 .debug_macro   0x00000000000005b0      0x4a2 Core/Src/freertos.o
 .debug_macro   0x0000000000000a52       0xb5 Core/Src/freertos.o
 .debug_macro   0x0000000000000b07       0x8c Core/Src/freertos.o
 .debug_macro   0x0000000000000b93      0x550 Core/Src/main.o
 .debug_macro   0x00000000000010e3      0xb2c Core/Src/main.o
 .debug_macro   0x0000000000001c0f       0x1c Core/Src/main.o
 .debug_macro   0x0000000000001c2b     0x102d Core/Src/main.o
 .debug_macro   0x0000000000002c58      0x17b Core/Src/main.o
 .debug_macro   0x0000000000002dd3       0x91 Core/Src/main.o
 .debug_macro   0x0000000000002e64       0x8d Core/Src/main.o
 .debug_macro   0x0000000000002ef1       0x7e Core/Src/main.o
 .debug_macro   0x0000000000002f6f       0xf2 Core/Src/main.o
 .debug_macro   0x0000000000003061      0x168 Core/Src/main.o
 .debug_macro   0x00000000000031c9       0x10 Core/Src/main.o
 .debug_macro   0x00000000000031d9      0x3f4 Core/Src/main.o
 .debug_macro   0x00000000000035cd       0x10 Core/Src/main.o
 .debug_macro   0x00000000000035dd       0x18 Core/Src/main.o
 .debug_macro   0x00000000000035f5       0x46 Core/Src/main.o
 .debug_macro   0x000000000000363b       0x3c Core/Src/main.o
 .debug_macro   0x0000000000003677       0x34 Core/Src/main.o
 .debug_macro   0x00000000000036ab       0x16 Core/Src/main.o
 .debug_macro   0x00000000000036c1       0x35 Core/Src/main.o
 .debug_macro   0x00000000000036f6       0x52 Core/Src/main.o
 .debug_macro   0x0000000000003748       0x1f Core/Src/main.o
 .debug_macro   0x0000000000003767       0x43 Core/Src/main.o
 .debug_macro   0x00000000000037aa       0x20 Core/Src/main.o
 .debug_macro   0x00000000000037ca      0x1a3 Core/Src/main.o
 .debug_macro   0x000000000000396d      0x34d Core/Src/main.o
 .debug_macro   0x0000000000003cba       0x16 Core/Src/main.o
 .debug_macro   0x0000000000003cd0       0x29 Core/Src/main.o
 .debug_macro   0x0000000000003cf9       0x1c Core/Src/main.o
 .debug_macro   0x0000000000003d15       0xde Core/Src/main.o
 .debug_macro   0x0000000000003df3       0x18 Core/Src/main.o
 .debug_macro   0x0000000000003e0b      0x1da Core/Src/main.o