Archive member included to satisfy reference by file (symbol)

/home/tung/st/stm32cubeide_1.2.0/plugins/com.st.stm32cube.ide.mcu.externaltools.gnu-tools-for-stm32.7-2018-q2-update.linux64_1.0.0.201904181610/tools/bin/../lib/gcc/arm-none-eabi/7.3.1/../../../../arm-none-eabi/lib/thumb/v7e-m/fpv4-sp/hard/libstdc++_nano.a(del_ops.o)
                              Core/Src/main.o (operator delete(void*, unsigned int))
/home/tung/st/stm32cubeide_1.2.0/plugins/com.st.stm32cube.ide.mcu.externaltools.gnu-tools-for-stm32.7-2018-q2-update.linux64_1.0.0.201904181610/tools/bin/../lib/gcc/arm-none-eabi/7.3.1/../../../../arm-none-eabi/lib/thumb/v7e-m/fpv4-sp/hard/libstdc++_nano.a(del_op.o)
                              /home/tung/st/stm32cubeide_1.2.0/plugins/com.st.stm32cube.ide.mcu.externaltools.gnu-tools-for-stm32.7-2018-q2-update.linux64_1.0.0.201904181610/tools/bin/../lib/gcc/arm-none-eabi/7.3.1/../../../../arm-none-eabi/lib/thumb/v7e-m/fpv4-sp/hard/libstdc++_nano.a(del_ops.o) (operator delete(void*))
/home/tung/st/stm32cubeide_1.2.0/plugins/com.st.stm32cube.ide.mcu.externaltools.gnu-tools-for-stm32.7-2018-q2-update.linux64_1.0.0.201904181610/tools/bin/../lib/gcc/arm-none-eabi/7.3.1/../../../../arm-none-eabi/lib/thumb/v7e-m/fpv4-sp/hard/libm.a(lib_a-sf_atan.o)
                              Core/Src/main.o (atanf)
/home/tung/st/stm32cubeide_1.2.0/plugins/com.st.stm32cube.ide.mcu.externaltools.gnu-tools-for-stm32.7-2018-q2-update.linux64_1.0.0.201904181610/tools/bin/../lib/gcc/arm-none-eabi/7.3.1/../../../../arm-none-eabi/lib/thumb/v7e-m/fpv4-sp/hard/libm.a(lib_a-sf_fabs.o)
                              /home/tung/st/stm32cubeide_1.2.0/plugins/com.st.stm32cube.ide.mcu.externaltools.gnu-tools-for-stm32.7-2018-q2-update.linux64_1.0.0.201904181610/tools/bin/../lib/gcc/arm-none-eabi/7.3.1/../../../../arm-none-eabi/lib/thumb/v7e-m/fpv4-sp/hard/libm.a(lib_a-sf_atan.o) (fabsf)
/home/tung/st/stm32cubeide_1.2.0/plugins/com.st.stm32cube.ide.mcu.externaltools.gnu-tools-for-stm32.7-2018-q2-update.linux64_1.0.0.201904181610/tools/bin/../lib/gcc/arm-none-eabi/7.3.1/../../../../arm-none-eabi/lib/thumb/v7e-m/fpv4-sp/hard/libm.a(lib_a-w_pow.o)
                              Core/Src/main.o (pow)
/home/tung/st/stm32cubeide_1.2.0/plugins/com.st.stm32cube.ide.mcu.externaltools.gnu-tools-for-stm32.7-2018-q2-update.linux64_1.0.0.201904181610/tools/bin/../lib/gcc/arm-none-eabi/7.3.1/../../../../arm-none-eabi/lib/thumb/v7e-m/fpv4-sp/hard/libm.a(lib_a-w_sqrt.o)
                              Core/Src/main.o (sqrt)
/home/tung/st/stm32cubeide_1.2.0/plugins/com.st.stm32cube.ide.mcu.externaltools.gnu-tools-for-stm32.7-2018-q2-update.linux64_1.0.0.201904181610/tools/bin/../lib/gcc/arm-none-eabi/7.3.1/../../../../arm-none-eabi/lib/thumb/v7e-m/fpv4-sp/hard/libm.a(lib_a-wf_asin.o)
                              Core/Src/main.o (asinf)
/home/tung/st/stm32cubeide_1.2.0/plugins/com.st.stm32cube.ide.mcu.externaltools.gnu-tools-for-stm32.7-2018-q2-update.linux64_1.0.0.201904181610/tools/bin/../lib/gcc/arm-none-eabi/7.3.1/../../../../arm-none-eabi/lib/thumb/v7e-m/fpv4-sp/hard/libm.a(lib_a-wf_atan2.o)
                              Core/Src/main.o (atan2f)
/home/tung/st/stm32cubeide_1.2.0/plugins/com.st.stm32cube.ide.mcu.externaltools.gnu-tools-for-stm32.7-2018-q2-update.linux64_1.0.0.201904181610/tools/bin/../lib/gcc/arm-none-eabi/7.3.1/../../../../arm-none-eabi/lib/thumb/v7e-m/fpv4-sp/hard/libm.a(lib_a-wf_sqrt.o)
                              Core/Src/main.o (sqrtf)
/home/tung/st/stm32cubeide_1.2.0/plugins/com.st.stm32cube.ide.mcu.externaltools.gnu-tools-for-stm32.7-2018-q2-update.linux64_1.0.0.201904181610/tools/bin/../lib/gcc/arm-none-eabi/7.3.1/../../../../arm-none-eabi/lib/thumb/v7e-m/fpv4-sp/hard/libm.a(lib_a-e_pow.o)
                              /home/tung/st/stm32cubeide_1.2.0/plugins/com.st.stm32cube.ide.mcu.externaltools.gnu-tools-for-stm32.7-2018-q2-update.linux64_1.0.0.201904181610/tools/bin/../lib/gcc/arm-none-eabi/7.3.1/../../../../arm-none-eabi/lib/thumb/v7e-m/fpv4-sp/hard/libm.a(lib_a-w_pow.o) (__ieee754_pow)
/home/tung/st/stm32cubeide_1.2.0/plugins/com.st.stm32cube.ide.mcu.externaltools.gnu-tools-for-stm32.7-2018-q2-update.linux64_1.0.0.201904181610/tools/bin/../lib/gcc/arm-none-eabi/7.3.1/../../../../arm-none-eabi/lib/thumb/v7e-m/fpv4-sp/hard/libm.a(lib_a-e_sqrt.o)
                              /home/tung/st/stm32cubeide_1.2.0/plugins/com.st.stm32cube.ide.mcu.externaltools.gnu-tools-for-stm32.7-2018-q2-update.linux64_1.0.0.201904181610/tools/bin/../lib/gcc/arm-none-eabi/7.3.1/../../../../arm-none-eabi/lib/thumb/v7e-m/fpv4-sp/hard/libm.a(lib_a-w_sqrt.o) (__ieee754_sqrt)
/home/tung/st/stm32cubeide_1.2.0/plugins/com.st.stm32cube.ide.mcu.externaltools.gnu-tools-for-stm32.7-2018-q2-update.linux64_1.0.0.201904181610/tools/bin/../lib/gcc/arm-none-eabi/7.3.1/../../../../arm-none-eabi/lib/thumb/v7e-m/fpv4-sp/hard/libm.a(lib_a-ef_asin.o)
[...]
Memory Configuration

Name             Origin             Length             Attributes
CCMRAM           0x0000000010000000 0x0000000000010000 xrw
RAM              0x0000000020000000 0x0000000000020000 xrw
FLASH            0x0000000008000000 0x0000000000100000 xr
*default*        0x0000000000000000 0xffffffffffffffff

Linker script and memory map

LOAD /home/tung/st/stm32cubeide_1.2.0/plugins/com.st.stm32cube.ide.mcu.externaltools.gnu-tools-for-stm32.7-2018-q2-update.linux64_1.0.0.201904181610/tools/bin/../lib/gcc/arm-none-eabi/7.3.1/thumb/v7e-m/fpv4-sp/hard/crti.o
LOAD /home/tung/st/stm32cubeide_1.2.0/plugins/com.st.stm32cube.ide.mcu.externaltools.gnu-tools-for-stm32.7-2018-q2-update.linux64_1.0.0.201904181610/tools/bin/../lib/gcc/arm-none-eabi/7.3.1/thumb/v7e-m/fpv4-sp/hard/crtbegin.o
LOAD /home/tung/st/stm32cubeide_1.2.0/plugins/com.st.stm32cube.ide.mcu.externaltools.gnu-tools-for-stm32.7-2018-q2-update.linux64_1.0.0.201904181610/tools/bin/../lib/gcc/arm-none-eabi/7.3.1/../../../../arm-none-eabi/lib/thumb/v7e-m/fpv4-sp/hard/crt0.o
LOAD Core/Src/freertos.o
LOAD Core/Src/main.o
LOAD Core/Src/stm32f4xx_hal_msp.o
LOAD Core/Src/stm32f4xx_hal_timebase_tim.o
LOAD Core/Src/stm32f4xx_it.o
LOAD Core/Src/syscalls.o
LOAD Core/Src/sysmem.o
LOAD Core/Src/system_stm32f4xx.o
LOAD Core/Startup/startup_stm32f405rgtx.o
LOAD Drivers/STM32F4xx_HAL_Driver/Src/stm32f4xx_hal.o
LOAD Drivers/STM32F4xx_HAL_Driver/Src/stm32f4xx_hal_cortex.o
LOAD Drivers/STM32F4xx_HAL_Driver/Src/stm32f4xx_hal_crc.o
LOAD Drivers/STM32F4xx_HAL_Driver/Src/stm32f4xx_hal_dma.o
LOAD Drivers/STM32F4xx_HAL_Driver/Src/stm32f4xx_hal_dma_ex.o
LOAD Drivers/STM32F4xx_HAL_Driver/Src/stm32f4xx_hal_exti.o
LOAD Drivers/STM32F4xx_HAL_Driver/Src/stm32f4xx_hal_flash.o
LOAD Drivers/STM32F4xx_HAL_Driver/Src/stm32f4xx_hal_flash_ex.o
LOAD Drivers/STM32F4xx_HAL_Driver/Src/stm32f4xx_hal_flash_ramfunc.o
LOAD Drivers/STM32F4xx_HAL_Driver/Src/stm32f4xx_hal_gpio.o
LOAD Drivers/STM32F4xx_HAL_Driver/Src/stm32f4xx_hal_i2c.o
LOAD Drivers/STM32F4xx_HAL_Driver/Src/stm32f4xx_hal_i2c_ex.o
LOAD Drivers/STM32F4xx_HAL_Driver/Src/stm32f4xx_hal_pwr.o
LOAD Drivers/STM32F4xx_HAL_Driver/Src/stm32f4xx_hal_pwr_ex.o
LOAD Drivers/STM32F4xx_HAL_Driver/Src/stm32f4xx_hal_rcc.o
LOAD Drivers/STM32F4xx_HAL_Driver/Src/stm32f4xx_hal_rcc_ex.o
LOAD Drivers/STM32F4xx_HAL_Driver/Src/stm32f4xx_hal_tim.o
LOAD Drivers/STM32F4xx_HAL_Driver/Src/stm32f4xx_hal_tim_ex.o
LOAD Drivers/STM32F4xx_HAL_Driver/Src/stm32f4xx_hal_uart.o
LOAD Middlewares/Third_Party/FreeRTOS/Source/CMSIS_RTOS/cmsis_os.o
LOAD Middlewares/Third_Party/FreeRTOS/Source/croutine.o
LOAD Middlewares/Third_Party/FreeRTOS/Source/event_groups.o
LOAD Middlewares/Third_Party/FreeRTOS/Source/list.o
LOAD Middlewares/Third_Party/FreeRTOS/Source/queue.o
LOAD Middlewares/Third_Party/FreeRTOS/Source/stream_buffer.o
LOAD Middlewares/Third_Party/FreeRTOS/Source/tasks.o
LOAD Middlewares/Third_Party/FreeRTOS/Source/timers.o
LOAD Middlewares/Third_Party/FreeRTOS/Source/portable/GCC/ARM_CM4F/port.o
LOAD Middlewares/Third_Party/FreeRTOS/Source/portable/MemMang/heap_4.o
START GROUP
LOAD /home/tung/st/stm32cubeide_1.2.0/plugins/com.st.stm32cube.ide.mcu.externaltools.gnu-tools-for-stm32.7-2018-q2-update.linux64_1.0.0.201904181610/tools/bin/../lib/gcc/arm-none-eabi/7.3.1/../../../../arm-none-eabi/lib/thumb/v7e-m/fpv4-sp/hard/libstdc++_nano.a
LOAD /home/tung/st/stm32cubeide_1.2.0/plugins/com.st.stm32cube.ide.mcu.externaltools.gnu-tools-for-stm32.7-2018-q2-update.linux64_1.0.0.201904181610/tools/bin/../lib/gcc/arm-none-eabi/7.3.1/../../../../arm-none-eabi/lib/thumb/v7e-m/fpv4-sp/hard/libsupc++_nano.a
END GROUP
LOAD /home/tung/st/stm32cubeide_1.2.0/plugins/com.st.stm32cube.ide.mcu.externaltools.gnu-tools-for-stm32.7-2018-q2-update.linux64_1.0.0.201904181610/tools/bin/../lib/gcc/arm-none-eabi/7.3.1/../../../../arm-none-eabi/lib/thumb/v7e-m/fpv4-sp/hard/libstdc++_nano.a
LOAD /home/tung/st/stm32cubeide_1.2.0/plugins/com.st.stm32cube.ide.mcu.externaltools.gnu-tools-for-stm32.7-2018-q2-update.linux64_1.0.0.201904181610/tools/bin/../lib/gcc/arm-none-eabi/7.3.1/../../../../arm-none-eabi/lib/thumb/v7e-m/fpv4-sp/hard/libm.a
LOAD /home/tung/st/stm32cubeide_1.2.0/plugins/com.st.stm32cube.ide.mcu.externaltools.gnu-tools-for-stm32.7-2018-q2-update.linux64_1.0.0.201904181610/tools/bin/../lib/gcc/arm-none-eabi/7.3.1/../../../../arm-none-eabi/lib/thumb/v7e-m/fpv4-sp/hard/libc_nano.a
START GROUP
LOAD /home/tung/st/stm32cubeide_1.2.0/plugins/com.st.stm32cube.ide.mcu.externaltools.gnu-tools-for-stm32.7-2018-q2-update.linux64_1.0.0.201904181610/tools/bin/../lib/gcc/arm-none-eabi/7.3.1/thumb/v7e-m/fpv4-sp/hard/libgcc.a
LOAD /home/tung/st/stm32cubeide_1.2.0/plugins/com.st.stm32cube.ide.mcu.externaltools.gnu-tools-for-stm32.7-2018-q2-update.linux64_1.0.0.201904181610/tools/bin/../lib/gcc/arm-none-eabi/7.3.1/../../../../arm-none-eabi/lib/thumb/v7e-m/fpv4-sp/hard/libc_nano.a
END GROUP
START GROUP
LOAD /home/tung/st/stm32cubeide_1.2.0/plugins/com.st.stm32cube.ide.mcu.externaltools.gnu-tools-for-stm32.7-2018-q2-update.linux64_1.0.0.201904181610/tools/bin/../lib/gcc/arm-none-eabi/7.3.1/thumb/v7e-m/fpv4-sp/hard/libgcc.a
LOAD /home/tung/st/stm32cubeide_1.2.0/plugins/com.st.stm32cube.ide.mcu.externaltools.gnu-tools-for-stm32.7-2018-q2-update.linux64_1.0.0.201904181610/tools/bin/../lib/gcc/arm-none-eabi/7.3.1/../../../../arm-none-eabi/lib/thumb/v7e-m/fpv4-sp/hard/libc_nano.a
END GROUP
LOAD /home/tung/st/stm32cubeide_1.2.0/plugins/com.st.stm32cube.ide.mcu.externaltools.gnu-tools-for-stm32.7-2018-q2-update.linux64_1.0.0.201904181610/tools/bin/../lib/gcc/arm-none-eabi/7.3.1/thumb/v7e-m/fpv4-sp/hard/crtend.o
LOAD /home/tung/st/stm32cubeide_1.2.0/plugins/com.st.stm32cube.ide.mcu.externaltools.gnu-tools-for-stm32.7-2018-q2-update.linux64_1.0.0.201904181610/tools/bin/../lib/gcc/arm-none-eabi/7.3.1/thumb/v7e-m/fpv4-sp/hard/crtn.o
                0x0000000020020000                _estack = (ORIGIN (RAM) + LENGTH (RAM))
                0x0000000000000200                _Min_Heap_Size = 0x200
                0x0000000000000400                _Min_Stack_Size = 0x400

.isr_vector     0x0000000008000000      0x188
                0x0000000008000000                . = ALIGN (0x4)
 *(.isr_vector)
 .isr_vector    0x0000000008000000      0x188 Core/Startup/startup_stm32f405rgtx.o
                0x0000000008000000                g_pfnVectors
                0x0000000008000188                . = ALIGN (0x4)

.text           0x0000000008000190     0xb734
                0x0000000008000190                . = ALIGN (0x4)
 *(.text)
 .text          0x0000000008000190       0x40 /home/tung/st/stm32cubeide_1.2.0/plugins/com.st.stm32cube.ide.mcu.externaltools.gnu-tools-for-stm32.7-2018-q2-update.linux64_1.0.0.201904181610/tools/bin/../lib/gcc/arm-none-eabi/7.3.1/thumb/v7e-m/fpv4-sp/hard/crtbegin.o
 .text          0x00000000080001d0       0x10 /home/tung/st/stm32cubeide_1.2.0/plugins/com.st.stm32cube.ide.mcu.externaltools.gnu-tools-for-stm32.7-2018-q2-update.linux64_1.0.0.201904181610/tools/bin/../lib/gcc/arm-none-eabi/7.3.1/../../../../arm-none-eabi/lib/thumb/v7e-m/fpv4-sp/hard/libc_nano.a(lib_a-strlen.o)
                0x00000000080001d0                strlen
 .text          0x00000000080001e0      0x378 /home/tung/st/stm32cubeide_1.2.0/plugins/com.st.stm32cube.ide.mcu.externaltools.gnu-tools-for-stm32.7-2018-q2-update.linux64_1.0.0.201904181610/tools/bin/../lib/gcc/arm-none-eabi/7.3.1/thumb/v7e-m/fpv4-sp/hard/libgcc.a(_arm_addsubdf3.o)
                0x00000000080001e0                __aeabi_drsub
                0x00000000080001e8                __aeabi_dsub
                0x00000000080001e8                __subdf3
                0x00000000080001ec                __adddf3
                0x00000000080001ec                __aeabi_dadd
                0x0000000008000464                __aeabi_ui2d
                0x0000000008000464                __floatunsidf
                0x0000000008000484                __floatsidf
                0x0000000008000484                __aeabi_i2d
                0x00000000080004a8                __extendsfdf2
                0x00000000080004a8                __aeabi_f2d
                0x00000000080004ec                __aeabi_ul2d
                0x00000000080004ec                __floatundidf
                0x00000000080004fc                __floatdidf
                0x00000000080004fc                __aeabi_l2d
 .text          0x0000000008000558      0x424 /home/tung/st/stm32cubeide_1.2.0/plugins/com.st.stm32cube.ide.mcu.externaltools.gnu-tools-for-stm32.7-2018-q2-update.linux64_1.0.0.201904181610/tools/bin/../lib/gcc/arm-none-eabi/7.3.1/thumb/v7e-m/fpv4-sp/hard/libgcc.a(_arm_muldivdf3.o)
                0x0000000008000558                __aeabi_dmul
                0x0000000008000558                __muldf3
                0x00000000080007ac                __aeabi_ddiv
                0x00000000080007ac                __divdf3
 .text          0x000000000800097c      0x110 /home/tung/st/stm32cubeide_1.2.0/plugins/com.st.stm32cube.ide.mcu.externaltools.gnu-tools-for-stm32.7-2018-q2-update.linux64_1.0.0.201904181610/tools/bin/../lib/gcc/arm-none-eabi/7.3.1/thumb/v7e-m/fpv4-sp/hard/libgcc.a(_arm_cmpdf2.o)
                0x000000000800097c                __gtdf2
                0x000000000800097c                __gedf2
                0x0000000008000984                __ltdf2
                0x0000000008000984                __ledf2
                0x000000000800098c                __cmpdf2
                0x000000000800098c                __eqdf2
                0x000000000800098c                __nedf2
                0x0000000008000a08                __aeabi_cdrcmple
                0x0000000008000a18                __aeabi_cdcmple
                0x0000000008000a18                __aeabi_cdcmpeq
                0x0000000008000a28                __aeabi_dcmpeq
                0x0000000008000a3c                __aeabi_dcmplt
                0x0000000008000a50                __aeabi_dcmple
                0x0000000008000a64                __aeabi_dcmpge
                0x0000000008000a78                __aeabi_dcmpgt
 .text          0x0000000008000a8c       0x2c /home/tung/st/stm32cubeide_1.2.0/plugins/com.st.stm32cube.ide.mcu.externaltools.gnu-tools-for-stm32.7-2018-q2-update.linux64_1.0.0.201904181610/tools/bin/../lib/gcc/arm-none-eabi/7.3.1/thumb/v7e-m/fpv4-sp/hard/libgcc.a(_arm_unorddf2.o)
                0x0000000008000a8c                __aeabi_dcmpun
                0x0000000008000a8c                __unorddf2
 .text          0x0000000008000ab8       0x50 /home/tung/st/stm32cubeide_1.2.0/plugins/com.st.stm32cube.ide.mcu.externaltools.gnu-tools-for-stm32.7-2018-q2-update.linux64_1.0.0.201904181610/tools/bin/../lib/gcc/arm-none-eabi/7.3.1/thumb/v7e-m/fpv4-sp/hard/libgcc.a(_arm_fixdfsi.o)
                0x0000000008000ab8                __fixdfsi
                0x0000000008000ab8                __aeabi_d2iz
 .text          0x0000000008000b08       0x40 /home/tung/st/stm32cubeide_1.2.0/plugins/com.st.stm32cube.ide.mcu.externaltools.gnu-tools-for-stm32.7-2018-q2-update.linux64_1.0.0.201904181610/tools/bin/../lib/gcc/arm-none-eabi/7.3.1/thumb/v7e-m/fpv4-sp/hard/libgcc.a(_arm_fixunsdfsi.o)
                0x0000000008000b08                __fixunsdfsi
                0x0000000008000b08                __aeabi_d2uiz
 .text          0x0000000008000b48       0xa0 /home/tung/st/stm32cubeide_1.2.0/plugins/com.st.stm32cube.ide.mcu.externaltools.gnu-tools-for-stm32.7-2018-q2-update.linux64_1.0.0.201904181610/tools/bin/../lib/gcc/arm-none-eabi/7.3.1/thumb/v7e-m/fpv4-sp/hard/libgcc.a(_arm_truncdfsf2.o)
                0x0000000008000b48                __aeabi_d2f
                0x0000000008000b48                __truncdfsf2
 .text          0x0000000008000be8       0x30 /home/tung/st/stm32cubeide_1.2.0/plugins/com.st.stm32cube.ide.mcu.externaltools.gnu-tools-for-stm32.7-2018-q2-update.linux64_1.0.0.201904181610/tools/bin/../lib/gcc/arm-none-eabi/7.3.1/thumb/v7e-m/fpv4-sp/hard/libgcc.a(_aeabi_uldivmod.o)
                0x0000000008000be8                __aeabi_uldivmod
 .text          0x0000000008000c18      0x2cc /home/tung/st/stm32cubeide_1.2.0/plugins/com.st.stm32cube.ide.mcu.externaltools.gnu-tools-for-stm32.7-2018-q2-update.linux64_1.0.0.201904181610/tools/bin/../lib/gcc/arm-none-eabi/7.3.1/thumb/v7e-m/fpv4-sp/hard/libgcc.a(_udivmoddi4.o)
                0x0000000008000c18                __udivmoddi4
 .text          0x0000000008000ee4        0x4 /home/tung/st/stm32cubeide_1.2.0/plugins/com.st.stm32cube.ide.mcu.externaltools.gnu-tools-for-stm32.7-2018-q2-update.linux64_1.0.0.201904181610/tools/bin/../lib/gcc/arm-none-eabi/7.3.1/thumb/v7e-m/fpv4-sp/hard/libgcc.a(_dvmd_tls.o)
                0x0000000008000ee4                __aeabi_ldiv0
                0x0000000008000ee4                __aeabi_idiv0
 *(.text*)
 .text.vApplicationGetIdleTaskMemory
                0x0000000008000ee8       0x34 Core/Src/freertos.o
                0x0000000008000ee8                vApplicationGetIdleTaskMemory
 .text.MX_I2C1_Init
                0x0000000008000f1c       0x58 Core/Src/main.o
 .text.MX_TIM1_Init
                0x0000000008000f74      0x154 Core/Src/main.o
 .text.MX_TIM4_Init
                0x00000000080010c8       0x88 Core/Src/main.o
 .text.MX_USART1_UART_Init
                0x0000000008001150       0x4c Core/Src/main.o
 .text.MX_USART3_UART_Init
                0x000000000800119c       0x4c Core/Src/main.o
 .text.MX_GPIO_Init
                0x00000000080011e8      0x114 Core/Src/main.o
 .text.MX_TIM7_Init
                0x00000000080012fc       0x64 Core/Src/main.o
 .text._ZSt4asinf
                0x0000000008001360       0x20 Core/Src/main.o
                0x0000000008001360                std::asin(float)
 .text._ZSt5atan2ff
                0x0000000008001380       0x28 Core/Src/main.o
                0x0000000008001380                std::atan2(float, float)
 .text._Z4ftoadPci
                0x00000000080013a8      0x278 Core/Src/main.o
                0x00000000080013a8                ftoa(double, char*, int)
 .text._Z7invSqrtf
                0x0000000008001620       0x78 Core/Src/main.o
                0x0000000008001620                invSqrt(float)
 .text._ZN3LPF4loadEPd
                0x0000000008001698       0x5c Core/Src/main.o
                0x0000000008001698                LPF::load(double*)
 .text._ZN3LPF6updateEd
                0x00000000080016f4      0x11e Core/Src/main.o
                0x00000000080016f4                LPF::update(double)
 .text._ZN3LPFC2Ev
                0x0000000008001812       0x16 Core/Src/main.o
                0x0000000008001812                LPF::LPF()
                0x0000000008001812                LPF::LPF()
 .text._Z8init_MPUv
                0x0000000008001828      0x4e4 Core/Src/main.o
                0x0000000008001828                init_MPU()
 .text._Z10adding_rawv
                0x0000000008001d0c       0xc4 Core/Src/main.o
                0x0000000008001d0c                adding_raw()
 .text._Z10delete_rawv
                0x0000000008001dd0       0x58 Core/Src/main.o
                0x0000000008001dd0                delete_raw()
 .text._Z11process_MPUbb
                0x0000000008001e28      0x3c8 Core/Src/main.o
                0x0000000008001e28                process_MPU(bool, bool)
 .text._Z14process_magnetv
                0x00000000080021f0      0x280 Core/Src/main.o
                0x00000000080021f0                process_magnet()
 .text._Z12notify_state8AHRS_con
                0x0000000008002470       0x64 Core/Src/main.o
                0x0000000008002470                notify_state(AHRS_con)
 .text._Z10check_AHRSb
                0x00000000080024d4      0x14c Core/Src/main.o
                0x00000000080024d4                check_AHRS(bool)
 .text._Z15calibration_IMUv
                0x0000000008002620      0x47c Core/Src/main.o
                0x0000000008002620                calibration_IMU()
 .text._Z11sbus_decodePh
                0x0000000008002a9c       0xc0 Core/Src/main.o
                0x0000000008002a9c                sbus_decode(unsigned char*)
 .text._Z9check_CRC9ESC_value
                0x0000000008002b5c       0x5c Core/Src/main.o
                0x0000000008002b5c                check_CRC(ESC_value)
 .text._Z8init_ESCv
                0x0000000008002bb8       0xd4 Core/Src/main.o
                0x0000000008002bb8                init_ESC()
 .text._Z7set_ESC9ESC_value
                0x0000000008002c8c       0x3c Core/Src/main.o
                0x0000000008002c8c                set_ESC(ESC_value)
 .text._Z21MadgwickAHRSupdateIMU8IMU_dataf
                0x0000000008002cc8      0x940 Core/Src/main.o
                0x0000000008002cc8                MadgwickAHRSupdateIMU(IMU_data, float)
 .text._Z9print_raw8IMU_data
                0x0000000008003608      0x1f4 Core/Src/main.o
                0x0000000008003608                print_raw(IMU_data)
 .text._ZN6Matrix9get_valueEPd
                0x00000000080037fc       0x74 Core/Src/main.o
                0x00000000080037fc                Matrix::get_value(double*)
 .text._ZN6MatrixC2Eii
                0x0000000008003870       0x80 Core/Src/main.o
                0x0000000008003870                Matrix::Matrix(int, int)
                0x0000000008003870                Matrix::Matrix(int, int)
 .text._ZN6MatrixD2Ev
                0x00000000080038f0       0x20 Core/Src/main.o
                0x00000000080038f0                Matrix::~Matrix()
                0x00000000080038f0                Matrix::~Matrix()
 .text._ZN6MatrixD0Ev
                0x0000000008003910       0x22 Core/Src/main.o
                0x0000000008003910                Matrix::~Matrix()
 *fill*         0x0000000008003932        0x2 
 .text._Z8diag_matii
                0x0000000008003934       0x74 Core/Src/main.o
                0x0000000008003934                diag_mat(int, int)
 .text._ZN3EKF7loadEKFEPdS0_S0_S0_
                0x00000000080039a8       0x4c Core/Src/main.o
                0x00000000080039a8                EKF::loadEKF(double*, double*, double*, double*)
 .text._ZN3EKFC2Ev
                0x00000000080039f4       0xe0 Core/Src/main.o
                0x00000000080039f4                EKF::EKF()
                0x00000000080039f4                EKF::EKF()
 .text._ZN3EKFD2Ev
                0x0000000008003ad4       0xb0 Core/Src/main.o
                0x0000000008003ad4                EKF::~EKF()
                0x0000000008003ad4                EKF::~EKF()
 .text._ZN3EKFD0Ev
                0x0000000008003b84       0x22 Core/Src/main.o
                0x0000000008003b84                EKF::~EKF()
 *fill*         0x0000000008003ba6        0x2 
 .text._Z7initBMPv
                0x0000000008003ba8      0x274 Core/Src/main.o
                0x0000000008003ba8                initBMP()
 .text._Z10pid_decodePh
                0x0000000008003e1c      0x21c Core/Src/main.o
                0x0000000008003e1c                pid_decode(unsigned char*)
 .text._Z13check_CRC_pid7PID_raw
                0x0000000008004038       0x74 Core/Src/main.o
                0x0000000008004038                check_CRC_pid(PID_raw)
 .text._Z10writeFlashPt
                0x00000000080040ac      0x150 Core/Src/main.o
                0x00000000080040ac                writeFlash(unsigned short*)
 .text._Z9readFlashv
                0x00000000080041fc      0x158 Core/Src/main.o
                0x00000000080041fc                readFlash()
 .text._ZL9GetSectorm
                0x0000000008004354      0x13c Core/Src/main.o
 .text._ZL13GetSectorSizem
                0x0000000008004490       0x4e Core/Src/main.o
 *fill*         0x00000000080044de        0x2 
 .text.main     0x00000000080044e0      0x288 Core/Src/main.o
                0x00000000080044e0                main
 .text._Z18SystemClock_Configv
                0x0000000008004768       0xc8 Core/Src/main.o
                0x0000000008004768                SystemClock_Config()
 .text._Z16StartDefaultTaskPKv
                0x0000000008004830       0x44 Core/Src/main.o
                0x0000000008004830                StartDefaultTask(void const*)
 .text._Z11StartTask03PKv
                0x0000000008004874       0x2c Core/Src/main.o
                0x0000000008004874                StartTask03(void const*)
 .text._Z11StartTask02PKv
                0x00000000080048a0       0x34 Core/Src/main.o
                0x00000000080048a0                StartTask02(void const*)
 .text._Z14filterFunctionPKv
                0x00000000080048d4      0x2f0 Core/Src/main.o
                0x00000000080048d4                filterFunction(void const*)
 .text.HAL_TIM_PeriodElapsedCallback
                0x0000000008004bc4       0x40 Core/Src/main.o
                0x0000000008004bc4                HAL_TIM_PeriodElapsedCallback
 .text.HAL_UART_RxCpltCallback
                0x0000000008004c04      0x1a8 Core/Src/main.o
                0x0000000008004c04                HAL_UART_RxCpltCallback
 .text._Z41__static_initialization_and_destruction_0ii
                0x0000000008004dac       0x80 Core/Src/main.o
 .text._GLOBAL__sub_I_hi2c1
                0x0000000008004e2c       0x10 Core/Src/main.o
 .text._GLOBAL__sub_D_hi2c1
                0x0000000008004e3c       0x10 Core/Src/main.o
 .text.HAL_MspInit
                0x0000000008004e4c       0x58 Core/Src/stm32f4xx_hal_msp.o
                0x0000000008004e4c                HAL_MspInit
 .text.HAL_I2C_MspInit
                0x0000000008004ea4       0x90 Core/Src/stm32f4xx_hal_msp.o
                0x0000000008004ea4                HAL_I2C_MspInit
 .text.HAL_TIM_Base_MspInit
                0x0000000008004f34       0xa8 Core/Src/stm32f4xx_hal_msp.o
                0x0000000008004f34                HAL_TIM_Base_MspInit
 .text.HAL_TIM_MspPostInit
                0x0000000008004fdc       0x74 Core/Src/stm32f4xx_hal_msp.o
                0x0000000008004fdc                HAL_TIM_MspPostInit
 .text.HAL_UART_MspInit
                0x0000000008005050      0x108 Core/Src/stm32f4xx_hal_msp.o
                0x0000000008005050                HAL_UART_MspInit
 .text.HAL_InitTick
                0x0000000008005158       0xb4 Core/Src/stm32f4xx_hal_timebase_tim.o
                0x0000000008005158                HAL_InitTick
 .text.NMI_Handler
                0x000000000800520c        0xe Core/Src/stm32f4xx_it.o
                0x000000000800520c                NMI_Handler
 .text.HardFault_Handler
                0x000000000800521a        0x6 Core/Src/stm32f4xx_it.o
                0x000000000800521a                HardFault_Handler
 .text.MemManage_Handler
                0x0000000008005220        0x6 Core/Src/stm32f4xx_it.o
                0x0000000008005220                MemManage_Handler
 .text.BusFault_Handler
                0x0000000008005226        0x6 Core/Src/stm32f4xx_it.o
                0x0000000008005226                BusFault_Handler
 .text.UsageFault_Handler
                0x000000000800522c        0x6 Core/Src/stm32f4xx_it.o
                0x000000000800522c                UsageFault_Handler
 .text.DebugMon_Handler
                0x0000000008005232        0xe Core/Src/stm32f4xx_it.o
                0x0000000008005232                DebugMon_Handler
 .text.USART1_IRQHandler
                0x0000000008005240       0x14 Core/Src/stm32f4xx_it.o
                0x0000000008005240                USART1_IRQHandler
 .text.TIM8_TRG_COM_TIM14_IRQHandler
                0x0000000008005254       0x14 Core/Src/stm32f4xx_it.o
                0x0000000008005254                TIM8_TRG_COM_TIM14_IRQHandler
 .text.TIM7_IRQHandler
                0x0000000008005268       0x14 Core/Src/stm32f4xx_it.o
                0x0000000008005268                TIM7_IRQHandler
 .text.SystemInit
                0x000000000800527c       0x6c Core/Src/system_stm32f4xx.o
                0x000000000800527c                SystemInit
 .text.Reset_Handler
                0x00000000080052e8       0x50 Core/Startup/startup_stm32f405rgtx.o
                0x00000000080052e8                Reset_Handler
 .text.Default_Handler
                0x0000000008005338        0x2 Core/Startup/startup_stm32f405rgtx.o
                0x0000000008005338                RTC_Alarm_IRQHandler
                0x0000000008005338                HASH_RNG_IRQHandler
                0x0000000008005338                EXTI2_IRQHandler
                0x0000000008005338                TIM8_CC_IRQHandler
                0x0000000008005338                TIM1_CC_IRQHandler
                0x0000000008005338                DMA2_Stream5_IRQHandler
                0x0000000008005338                DMA1_Stream5_IRQHandler
                0x0000000008005338                PVD_IRQHandler
                0x0000000008005338                SDIO_IRQHandler
                0x0000000008005338                TAMP_STAMP_IRQHandler
                0x0000000008005338                CAN2_RX1_IRQHandler
                0x0000000008005338                EXTI3_IRQHandler
                0x0000000008005338                TIM1_UP_TIM10_IRQHandler
                0x0000000008005338                TIM8_UP_TIM13_IRQHandler
                0x0000000008005338                I2C3_ER_IRQHandler
                0x0000000008005338                EXTI0_IRQHandler
                0x0000000008005338                I2C2_EV_IRQHandler
                0x0000000008005338                DMA1_Stream2_IRQHandler
                0x0000000008005338                CAN1_RX0_IRQHandler
                0x0000000008005338                FPU_IRQHandler
                0x0000000008005338                OTG_HS_WKUP_IRQHandler
                0x0000000008005338                CAN2_SCE_IRQHandler
                0x0000000008005338                DMA2_Stream2_IRQHandler
                0x0000000008005338                SPI1_IRQHandler
                0x0000000008005338                TIM6_DAC_IRQHandler
                0x0000000008005338                TIM1_BRK_TIM9_IRQHandler
                0x0000000008005338                CAN2_RX0_IRQHandler
                0x0000000008005338                DMA2_Stream3_IRQHandler
                0x0000000008005338                USART6_IRQHandler
                0x0000000008005338                USART3_IRQHandler
                0x0000000008005338                CAN1_RX1_IRQHandler
                0x0000000008005338                UART5_IRQHandler
                0x0000000008005338                DMA2_Stream0_IRQHandler
                0x0000000008005338                TIM4_IRQHandler
                0x0000000008005338                I2C1_EV_IRQHandler
                0x0000000008005338                DMA1_Stream6_IRQHandler
                0x0000000008005338                DMA1_Stream1_IRQHandler
                0x0000000008005338                UART4_IRQHandler
                0x0000000008005338                TIM3_IRQHandler
                0x0000000008005338                RCC_IRQHandler
                0x0000000008005338                TIM8_BRK_TIM12_IRQHandler
                0x0000000008005338                Default_Handler
                0x0000000008005338                EXTI15_10_IRQHandler
                0x0000000008005338                ADC_IRQHandler
                0x0000000008005338                DMA1_Stream7_IRQHandler
                0x0000000008005338                CAN2_TX_IRQHandler
                0x0000000008005338                TIM5_IRQHandler
                0x0000000008005338                DMA2_Stream7_IRQHandler
                0x0000000008005338                I2C3_EV_IRQHandler
                0x0000000008005338                EXTI9_5_IRQHandler
                0x0000000008005338                RTC_WKUP_IRQHandler
                0x0000000008005338                SPI2_IRQHandler
                0x0000000008005338                OTG_HS_EP1_IN_IRQHandler
                0x0000000008005338                DMA1_Stream0_IRQHandler
                0x0000000008005338                CAN1_TX_IRQHandler
                0x0000000008005338                EXTI4_IRQHandler
                0x0000000008005338                FSMC_IRQHandler
                0x0000000008005338                OTG_HS_EP1_OUT_IRQHandler
                0x0000000008005338                WWDG_IRQHandler
                0x0000000008005338                TIM2_IRQHandler
                0x0000000008005338                OTG_FS_WKUP_IRQHandler
                0x0000000008005338                TIM1_TRG_COM_TIM11_IRQHandler
                0x0000000008005338                OTG_HS_IRQHandler
                0x0000000008005338                EXTI1_IRQHandler
                0x0000000008005338                USART2_IRQHandler
                0x0000000008005338                I2C2_ER_IRQHandler
                0x0000000008005338                DMA2_Stream1_IRQHandler
                0x0000000008005338                CAN1_SCE_IRQHandler
                0x0000000008005338                FLASH_IRQHandler
                0x0000000008005338                DMA2_Stream4_IRQHandler
                0x0000000008005338                OTG_FS_IRQHandler
                0x0000000008005338                SPI3_IRQHandler
                0x0000000008005338                DMA1_Stream4_IRQHandler
                0x0000000008005338                I2C1_ER_IRQHandler
                0x0000000008005338                DMA2_Stream6_IRQHandler
                0x0000000008005338                DMA1_Stream3_IRQHandler
 *fill*         0x000000000800533a        0x2 
 .text.HAL_Init
                0x000000000800533c       0x44 Drivers/STM32F4xx_HAL_Driver/Src/stm32f4xx_hal.o
                0x000000000800533c                HAL_Init
 .text.HAL_IncTick
                0x0000000008005380       0x28 Drivers/STM32F4xx_HAL_Driver/Src/stm32f4xx_hal.o
                0x0000000008005380                HAL_IncTick
 .text.HAL_GetTick
                0x00000000080053a8       0x18 Drivers/STM32F4xx_HAL_Driver/Src/stm32f4xx_hal.o
                0x00000000080053a8                HAL_GetTick
 .text.HAL_Delay
                0x00000000080053c0       0x44 Drivers/STM32F4xx_HAL_Driver/Src/stm32f4xx_hal.o
                0x00000000080053c0                HAL_Delay
 .text.__NVIC_SetPriorityGrouping
                0x0000000008005404       0x48 Drivers/STM32F4xx_HAL_Driver/Src/stm32f4xx_hal_cortex.o
 .text.__NVIC_GetPriorityGrouping
                0x000000000800544c       0x1c Drivers/STM32F4xx_HAL_Driver/Src/stm32f4xx_hal_cortex.o
 .text.__NVIC_EnableIRQ
                0x0000000008005468       0x3c Drivers/STM32F4xx_HAL_Driver/Src/stm32f4xx_hal_cortex.o
 .text.__NVIC_SetPriority
                0x00000000080054a4       0x54 Drivers/STM32F4xx_HAL_Driver/Src/stm32f4xx_hal_cortex.o
 .text.NVIC_EncodePriority
                0x00000000080054f8       0x66 Drivers/STM32F4xx_HAL_Driver/Src/stm32f4xx_hal_cortex.o
 .text.HAL_NVIC_SetPriorityGrouping
                0x000000000800555e       0x16 Drivers/STM32F4xx_HAL_Driver/Src/stm32f4xx_hal_cortex.o
                0x000000000800555e                HAL_NVIC_SetPriorityGrouping
 .text.HAL_NVIC_SetPriority
                0x0000000008005574       0x38 Drivers/STM32F4xx_HAL_Driver/Src/stm32f4xx_hal_cortex.o
                0x0000000008005574                HAL_NVIC_SetPriority
 .text.HAL_NVIC_EnableIRQ
                0x00000000080055ac       0x1c Drivers/STM32F4xx_HAL_Driver/Src/stm32f4xx_hal_cortex.o
                0x00000000080055ac                HAL_NVIC_EnableIRQ
 .text.HAL_DMA_Abort_IT
                0x00000000080055c8       0x44 Drivers/STM32F4xx_HAL_Driver/Src/stm32f4xx_hal_dma.o
                0x00000000080055c8                HAL_DMA_Abort_IT
 .text.HAL_FLASH_Program
                0x000000000800560c       0xa8 Drivers/STM32F4xx_HAL_Driver/Src/stm32f4xx_hal_flash.o
                0x000000000800560c                HAL_FLASH_Program
 .text.HAL_FLASH_Unlock
                0x00000000080056b4       0x44 Drivers/STM32F4xx_HAL_Driver/Src/stm32f4xx_hal_flash.o
                0x00000000080056b4                HAL_FLASH_Unlock
 .text.HAL_FLASH_Lock
                0x00000000080056f8       0x20 Drivers/STM32F4xx_HAL_Driver/Src/stm32f4xx_hal_flash.o
                0x00000000080056f8                HAL_FLASH_Lock
 .text.FLASH_WaitForLastOperation
                0x0000000008005718       0x80 Drivers/STM32F4xx_HAL_Driver/Src/stm32f4xx_hal_flash.o
                0x0000000008005718                FLASH_WaitForLastOperation
 .text.FLASH_Program_DoubleWord
                0x0000000008005798       0x60 Drivers/STM32F4xx_HAL_Driver/Src/stm32f4xx_hal_flash.o
 .text.FLASH_Program_Word
                0x00000000080057f8       0x44 Drivers/STM32F4xx_HAL_Driver/Src/stm32f4xx_hal_flash.o
 .text.FLASH_Program_HalfWord
                0x000000000800583c       0x48 Drivers/STM32F4xx_HAL_Driver/Src/stm32f4xx_hal_flash.o
 .text.FLASH_Program_Byte
                0x0000000008005884       0x44 Drivers/STM32F4xx_HAL_Driver/Src/stm32f4xx_hal_flash.o
 .text.FLASH_SetErrorCode
                0x00000000080058c8       0xac Drivers/STM32F4xx_HAL_Driver/Src/stm32f4xx_hal_flash.o
 .text.HAL_FLASHEx_Erase
                0x0000000008005974       0xe0 Drivers/STM32F4xx_HAL_Driver/Src/stm32f4xx_hal_flash_ex.o
                0x0000000008005974                HAL_FLASHEx_Erase
 .text.FLASH_MassErase
                0x0000000008005a54       0x48 Drivers/STM32F4xx_HAL_Driver/Src/stm32f4xx_hal_flash_ex.o
 .text.FLASH_Erase_Sector
                0x0000000008005a9c       0x90 Drivers/STM32F4xx_HAL_Driver/Src/stm32f4xx_hal_flash_ex.o
                0x0000000008005a9c                FLASH_Erase_Sector
 .text.FLASH_FlushCaches
                0x0000000008005b2c       0x8c Drivers/STM32F4xx_HAL_Driver/Src/stm32f4xx_hal_flash_ex.o
                0x0000000008005b2c                FLASH_FlushCaches
 .text.HAL_GPIO_Init
                0x0000000008005bb8      0x334 Drivers/STM32F4xx_HAL_Driver/Src/stm32f4xx_hal_gpio.o
                0x0000000008005bb8                HAL_GPIO_Init
 .text.HAL_GPIO_WritePin
                0x0000000008005eec       0x32 Drivers/STM32F4xx_HAL_Driver/Src/stm32f4xx_hal_gpio.o
                0x0000000008005eec                HAL_GPIO_WritePin
 .text.HAL_GPIO_TogglePin
                0x0000000008005f1e       0x36 Drivers/STM32F4xx_HAL_Driver/Src/stm32f4xx_hal_gpio.o
                0x0000000008005f1e                HAL_GPIO_TogglePin
 .text.HAL_I2C_Init
                0x0000000008005f54      0x270 Drivers/STM32F4xx_HAL_Driver/Src/stm32f4xx_hal_i2c.o
                0x0000000008005f54                HAL_I2C_Init
 .text.HAL_I2C_Master_Transmit
                0x00000000080061c4      0x1fc Drivers/STM32F4xx_HAL_Driver/Src/stm32f4xx_hal_i2c.o
                0x00000000080061c4                HAL_I2C_Master_Transmit
 .text.HAL_I2C_Master_Receive
                0x00000000080063c0      0x44c Drivers/STM32F4xx_HAL_Driver/Src/stm32f4xx_hal_i2c.o
                0x00000000080063c0                HAL_I2C_Master_Receive
 .text.HAL_I2C_IsDeviceReady
                0x000000000800680c      0x25c Drivers/STM32F4xx_HAL_Driver/Src/stm32f4xx_hal_i2c.o
                0x000000000800680c                HAL_I2C_IsDeviceReady
 .text.I2C_MasterRequestWrite
                0x0000000008006a68      0x104 Drivers/STM32F4xx_HAL_Driver/Src/stm32f4xx_hal_i2c.o
 .text.I2C_MasterRequestRead
                0x0000000008006b6c      0x198 Drivers/STM32F4xx_HAL_Driver/Src/stm32f4xx_hal_i2c.o
 .text.I2C_WaitOnFlagUntilTimeout
                0x0000000008006d04       0xae Drivers/STM32F4xx_HAL_Driver/Src/stm32f4xx_hal_i2c.o
 .text.I2C_WaitOnMasterAddressFlagUntilTimeout
                0x0000000008006db2       0xfe Drivers/STM32F4xx_HAL_Driver/Src/stm32f4xx_hal_i2c.o
 .text.I2C_WaitOnTXEFlagUntilTimeout
                0x0000000008006eb0       0x82 Drivers/STM32F4xx_HAL_Driver/Src/stm32f4xx_hal_i2c.o
 .text.I2C_WaitOnBTFFlagUntilTimeout
                0x0000000008006f32       0x82 Drivers/STM32F4xx_HAL_Driver/Src/stm32f4xx_hal_i2c.o
 .text.I2C_WaitOnRXNEFlagUntilTimeout
                0x0000000008006fb4       0xac Drivers/STM32F4xx_HAL_Driver/Src/stm32f4xx_hal_i2c.o
 .text.I2C_IsAcknowledgeFailed
                0x0000000008007060       0x5e Drivers/STM32F4xx_HAL_Driver/Src/stm32f4xx_hal_i2c.o
 *fill*         0x00000000080070be        0x2 
 .text.HAL_RCC_OscConfig
                0x00000000080070c0      0x4e0 Drivers/STM32F4xx_HAL_Driver/Src/stm32f4xx_hal_rcc.o
                0x00000000080070c0                HAL_RCC_OscConfig
 .text.HAL_RCC_ClockConfig
                0x00000000080075a0      0x1cc Drivers/STM32F4xx_HAL_Driver/Src/stm32f4xx_hal_rcc.o
                0x00000000080075a0                HAL_RCC_ClockConfig
 .text.HAL_RCC_GetSysClockFreq
                0x000000000800776c      0x164 Drivers/STM32F4xx_HAL_Driver/Src/stm32f4xx_hal_rcc.o
                0x000000000800776c                HAL_RCC_GetSysClockFreq
 .text.HAL_RCC_GetHCLKFreq
                0x00000000080078d0       0x18 Drivers/STM32F4xx_HAL_Driver/Src/stm32f4xx_hal_rcc.o
                0x00000000080078d0                HAL_RCC_GetHCLKFreq
 .text.HAL_RCC_GetPCLK1Freq
                0x00000000080078e8       0x28 Drivers/STM32F4xx_HAL_Driver/Src/stm32f4xx_hal_rcc.o
                0x00000000080078e8                HAL_RCC_GetPCLK1Freq
 .text.HAL_RCC_GetPCLK2Freq
                0x0000000008007910       0x28 Drivers/STM32F4xx_HAL_Driver/Src/stm32f4xx_hal_rcc.o
                0x0000000008007910                HAL_RCC_GetPCLK2Freq
 .text.HAL_RCC_GetClockConfig
                0x0000000008007938       0x64 Drivers/STM32F4xx_HAL_Driver/Src/stm32f4xx_hal_rcc.o
                0x0000000008007938                HAL_RCC_GetClockConfig
 .text.HAL_TIM_Base_Init
                0x000000000800799c       0x56 Drivers/STM32F4xx_HAL_Driver/Src/stm32f4xx_hal_tim.o
                0x000000000800799c                HAL_TIM_Base_Init
 .text.HAL_TIM_Base_Start
                0x00000000080079f2       0x48 Drivers/STM32F4xx_HAL_Driver/Src/stm32f4xx_hal_tim.o
                0x00000000080079f2                HAL_TIM_Base_Start
 .text.HAL_TIM_Base_Start_IT
                0x0000000008007a3a       0x48 Drivers/STM32F4xx_HAL_Driver/Src/stm32f4xx_hal_tim.o
                0x0000000008007a3a                HAL_TIM_Base_Start_IT
 .text.HAL_TIM_PWM_Init
                0x0000000008007a82       0x56 Drivers/STM32F4xx_HAL_Driver/Src/stm32f4xx_hal_tim.o
                0x0000000008007a82                HAL_TIM_PWM_Init
 .text.HAL_TIM_PWM_MspInit
                0x0000000008007ad8       0x14 Drivers/STM32F4xx_HAL_Driver/Src/stm32f4xx_hal_tim.o
                0x0000000008007ad8                HAL_TIM_PWM_MspInit
 .text.HAL_TIM_PWM_Start
                0x0000000008007aec       0x7c Drivers/STM32F4xx_HAL_Driver/Src/stm32f4xx_hal_tim.o
                0x0000000008007aec                HAL_TIM_PWM_Start
 .text.HAL_TIM_IRQHandler
                0x0000000008007b68      0x210 Drivers/STM32F4xx_HAL_Driver/Src/stm32f4xx_hal_tim.o
                0x0000000008007b68                HAL_TIM_IRQHandler
 .text.HAL_TIM_PWM_ConfigChannel
                0x0000000008007d78      0x18c Drivers/STM32F4xx_HAL_Driver/Src/stm32f4xx_hal_tim.o
                0x0000000008007d78                HAL_TIM_PWM_ConfigChannel
 .text.HAL_TIM_ConfigClockSource
                0x0000000008007f04      0x16e Drivers/STM32F4xx_HAL_Driver/Src/stm32f4xx_hal_tim.o
                0x0000000008007f04                HAL_TIM_ConfigClockSource
 .text.HAL_TIM_OC_DelayElapsedCallback
                0x0000000008008072       0x14 Drivers/STM32F4xx_HAL_Driver/Src/stm32f4xx_hal_tim.o
                0x0000000008008072                HAL_TIM_OC_DelayElapsedCallback
 .text.HAL_TIM_IC_CaptureCallback
                0x0000000008008086       0x14 Drivers/STM32F4xx_HAL_Driver/Src/stm32f4xx_hal_tim.o
                0x0000000008008086                HAL_TIM_IC_CaptureCallback
 .text.HAL_TIM_PWM_PulseFinishedCallback
                0x000000000800809a       0x14 Drivers/STM32F4xx_HAL_Driver/Src/stm32f4xx_hal_tim.o
                0x000000000800809a                HAL_TIM_PWM_PulseFinishedCallback
 .text.HAL_TIM_TriggerCallback
                0x00000000080080ae       0x14 Drivers/STM32F4xx_HAL_Driver/Src/stm32f4xx_hal_tim.o
                0x00000000080080ae                HAL_TIM_TriggerCallback
 *fill*         0x00000000080080c2        0x2 
 .text.TIM_Base_SetConfig
                0x00000000080080c4      0x140 Drivers/STM32F4xx_HAL_Driver/Src/stm32f4xx_hal_tim.o
                0x00000000080080c4                TIM_Base_SetConfig
 .text.TIM_OC1_SetConfig
                0x0000000008008204       0xe0 Drivers/STM32F4xx_HAL_Driver/Src/stm32f4xx_hal_tim.o
 .text.TIM_OC2_SetConfig
                0x00000000080082e4       0xec Drivers/STM32F4xx_HAL_Driver/Src/stm32f4xx_hal_tim.o
                0x00000000080082e4                TIM_OC2_SetConfig
 .text.TIM_OC3_SetConfig
                0x00000000080083d0       0xe8 Drivers/STM32F4xx_HAL_Driver/Src/stm32f4xx_hal_tim.o
 .text.TIM_OC4_SetConfig
                0x00000000080084b8       0xac Drivers/STM32F4xx_HAL_Driver/Src/stm32f4xx_hal_tim.o
 .text.TIM_TI1_ConfigInputStage
                0x0000000008008564       0x5e Drivers/STM32F4xx_HAL_Driver/Src/stm32f4xx_hal_tim.o
 .text.TIM_TI2_ConfigInputStage
                0x00000000080085c2       0x60 Drivers/STM32F4xx_HAL_Driver/Src/stm32f4xx_hal_tim.o
 .text.TIM_ITRx_SetConfig
                0x0000000008008622       0x36 Drivers/STM32F4xx_HAL_Driver/Src/stm32f4xx_hal_tim.o
 .text.TIM_ETR_SetConfig
                0x0000000008008658       0x40 Drivers/STM32F4xx_HAL_Driver/Src/stm32f4xx_hal_tim.o
                0x0000000008008658                TIM_ETR_SetConfig
 .text.TIM_CCxChannelCmd
                0x0000000008008698       0x4a Drivers/STM32F4xx_HAL_Driver/Src/stm32f4xx_hal_tim.o
                0x0000000008008698                TIM_CCxChannelCmd
 *fill*         0x00000000080086e2        0x2 
 .text.HAL_TIMEx_MasterConfigSynchronization
                0x00000000080086e4       0xf8 Drivers/STM32F4xx_HAL_Driver/Src/stm32f4xx_hal_tim_ex.o
                0x00000000080086e4                HAL_TIMEx_MasterConfigSynchronization
 .text.HAL_TIMEx_ConfigBreakDeadTime
                0x00000000080087dc       0xa4 Drivers/STM32F4xx_HAL_Driver/Src/stm32f4xx_hal_tim_ex.o
                0x00000000080087dc                HAL_TIMEx_ConfigBreakDeadTime
 .text.HAL_TIMEx_CommutCallback
                0x0000000008008880       0x14 Drivers/STM32F4xx_HAL_Driver/Src/stm32f4xx_hal_tim_ex.o
                0x0000000008008880                HAL_TIMEx_CommutCallback
 .text.HAL_TIMEx_BreakCallback
                0x0000000008008894       0x14 Drivers/STM32F4xx_HAL_Driver/Src/stm32f4xx_hal_tim_ex.o
                0x0000000008008894                HAL_TIMEx_BreakCallback
 .text.HAL_UART_Init
                0x00000000080088a8       0x9a Drivers/STM32F4xx_HAL_Driver/Src/stm32f4xx_hal_uart.o
                0x00000000080088a8                HAL_UART_Init
 .text.HAL_UART_Transmit
                0x0000000008008942      0x132 Drivers/STM32F4xx_HAL_Driver/Src/stm32f4xx_hal_uart.o
                0x0000000008008942                HAL_UART_Transmit
 .text.HAL_UART_Receive_IT
                0x0000000008008a74       0xaa Drivers/STM32F4xx_HAL_Driver/Src/stm32f4xx_hal_uart.o
                0x0000000008008a74                HAL_UART_Receive_IT
 *fill*         0x0000000008008b1e        0x2 
 .text.HAL_UART_IRQHandler
                0x0000000008008b20      0x200 Drivers/STM32F4xx_HAL_Driver/Src/stm32f4xx_hal_uart.o
                0x0000000008008b20                HAL_UART_IRQHandler
 .text.HAL_UART_TxCpltCallback
                0x0000000008008d20       0x14 Drivers/STM32F4xx_HAL_Driver/Src/stm32f4xx_hal_uart.o
                0x0000000008008d20                HAL_UART_TxCpltCallback
 .text.HAL_UART_ErrorCallback
                0x0000000008008d34       0x14 Drivers/STM32F4xx_HAL_Driver/Src/stm32f4xx_hal_uart.o
                0x0000000008008d34                HAL_UART_ErrorCallback
 .text.UART_WaitOnFlagUntilTimeout
                0x0000000008008d48       0x94 Drivers/STM32F4xx_HAL_Driver/Src/stm32f4xx_hal_uart.o
 .text.UART_EndRxTransfer
                0x0000000008008ddc       0x3c Drivers/STM32F4xx_HAL_Driver/Src/stm32f4xx_hal_uart.o
 .text.UART_DMAAbortOnError
                0x0000000008008e18       0x28 Drivers/STM32F4xx_HAL_Driver/Src/stm32f4xx_hal_uart.o
 .text.UART_Transmit_IT
                0x0000000008008e40       0xac Drivers/STM32F4xx_HAL_Driver/Src/stm32f4xx_hal_uart.o
 .text.UART_EndTransmit_IT
                0x0000000008008eec       0x30 Drivers/STM32F4xx_HAL_Driver/Src/stm32f4xx_hal_uart.o
 .text.UART_Receive_IT
                0x0000000008008f1c      0x102 Drivers/STM32F4xx_HAL_Driver/Src/stm32f4xx_hal_uart.o
 *fill*         0x000000000800901e        0x2 
 .text.UART_SetConfig
                0x0000000008009020      0x6f8 Drivers/STM32F4xx_HAL_Driver/Src/stm32f4xx_hal_uart.o
 .text.makeFreeRtosPriority
                0x0000000008009718       0x30 Middlewares/Third_Party/FreeRTOS/Source/CMSIS_RTOS/cmsis_os.o
 .text.osKernelStart
                0x0000000008009748        0xe Middlewares/Third_Party/FreeRTOS/Source/CMSIS_RTOS/cmsis_os.o
                0x0000000008009748                osKernelStart
 .text.osThreadCreate
                0x0000000008009756       0x98 Middlewares/Third_Party/FreeRTOS/Source/CMSIS_RTOS/cmsis_os.o
                0x0000000008009756                osThreadCreate
 .text.osDelay  0x00000000080097ee       0x28 Middlewares/Third_Party/FreeRTOS/Source/CMSIS_RTOS/cmsis_os.o
                0x00000000080097ee                osDelay
 .text.osMessageCreate
                0x0000000008009816       0x52 Middlewares/Third_Party/FreeRTOS/Source/CMSIS_RTOS/cmsis_os.o
                0x0000000008009816                osMessageCreate
 .text.vListInitialise
                0x0000000008009868       0x40 Middlewares/Third_Party/FreeRTOS/Source/list.o
                0x0000000008009868                vListInitialise
 .text.vListInitialiseItem
                0x00000000080098a8       0x1a Middlewares/Third_Party/FreeRTOS/Source/list.o
                0x00000000080098a8                vListInitialiseItem
 .text.vListInsertEnd
                0x00000000080098c2       0x48 Middlewares/Third_Party/FreeRTOS/Source/list.o
                0x00000000080098c2                vListInsertEnd
 .text.vListInsert
                0x000000000800990a       0x72 Middlewares/Third_Party/FreeRTOS/Source/list.o
                0x000000000800990a                vListInsert
 .text.uxListRemove
                0x000000000800997c       0x54 Middlewares/Third_Party/FreeRTOS/Source/list.o
                0x000000000800997c                uxListRemove
 .text.xQueueGenericReset
                0x00000000080099d0       0xd0 Middlewares/Third_Party/FreeRTOS/Source/queue.o
                0x00000000080099d0                xQueueGenericReset
 .text.xQueueGenericCreateStatic
                0x0000000008009aa0       0xe4 Middlewares/Third_Party/FreeRTOS/Source/queue.o
                0x0000000008009aa0                xQueueGenericCreateStatic
 .text.xQueueGenericCreate
                0x0000000008009b84       0x7a Middlewares/Third_Party/FreeRTOS/Source/queue.o
                0x0000000008009b84                xQueueGenericCreate
 .text.prvInitialiseNewQueue
                0x0000000008009bfe       0x46 Middlewares/Third_Party/FreeRTOS/Source/queue.o
 .text.MX_TIM7_Init
                0x0000000008009c44       0x5c Middlewares/Third_Party/FreeRTOS/Source/tasks.o
 .text.xTaskCreateStatic
                0x0000000008009ca0       0xb2 Middlewares/Third_Party/FreeRTOS/Source/tasks.o
                0x0000000008009ca0                xTaskCreateStatic
 .text.xTaskCreate
                0x0000000008009d52       0x8a Middlewares/Third_Party/FreeRTOS/Source/tasks.o
                0x0000000008009d52                xTaskCreate
 .text.prvInitialiseNewTask
                0x0000000008009ddc      0x112 Middlewares/Third_Party/FreeRTOS/Source/tasks.o
 *fill*         0x0000000008009eee        0x2 
 .text.prvAddNewTaskToReadyList
                0x0000000008009ef0       0xdc Middlewares/Third_Party/FreeRTOS/Source/tasks.o
 .text.vTaskDelay
                0x0000000008009fcc       0x68 Middlewares/Third_Party/FreeRTOS/Source/tasks.o
                0x0000000008009fcc                vTaskDelay
 .text.vTaskStartScheduler
                0x000000000800a034       0xc0 Middlewares/Third_Party/FreeRTOS/Source/tasks.o
                0x000000000800a034                vTaskStartScheduler
 .text.vTaskSuspendAll
                0x000000000800a0f4       0x1c Middlewares/Third_Party/FreeRTOS/Source/tasks.o
                0x000000000800a0f4                vTaskSuspendAll
 .text.xTaskResumeAll
                0x000000000800a110      0x138 Middlewares/Third_Party/FreeRTOS/Source/tasks.o
                0x000000000800a110                xTaskResumeAll
 .text.xTaskIncrementTick
                0x000000000800a248      0x178 Middlewares/Third_Party/FreeRTOS/Source/tasks.o
                0x000000000800a248                xTaskIncrementTick
 .text.vTaskSwitchContext
                0x000000000800a3c0       0xf0 Middlewares/Third_Party/FreeRTOS/Source/tasks.o
                0x000000000800a3c0                vTaskSwitchContext
 .text.xTaskRemoveFromEventList
                0x000000000800a4b0       0xc4 Middlewares/Third_Party/FreeRTOS/Source/tasks.o
                0x000000000800a4b0                xTaskRemoveFromEventList
 .text.prvIdleTask
                0x000000000800a574       0x30 Middlewares/Third_Party/FreeRTOS/Source/tasks.o
 .text.prvInitialiseTaskLists
                0x000000000800a5a4       0x80 Middlewares/Third_Party/FreeRTOS/Source/tasks.o
 .text.prvCheckTasksWaitingTermination
                0x000000000800a624       0x58 Middlewares/Third_Party/FreeRTOS/Source/tasks.o
 .text.prvDeleteTCB
                0x000000000800a67c       0x5c Middlewares/Third_Party/FreeRTOS/Source/tasks.o
 .text.prvResetNextTaskUnblockTime
                0x000000000800a6d8       0x4c Middlewares/Third_Party/FreeRTOS/Source/tasks.o
 .text.prvAddCurrentTaskToDelayedList
                0x000000000800a724       0xcc Middlewares/Third_Party/FreeRTOS/Source/tasks.o
 .text.pxPortInitialiseStack
                0x000000000800a7f0       0x68 Middlewares/Third_Party/FreeRTOS/Source/portable/GCC/ARM_CM4F/port.o
                0x000000000800a7f0                pxPortInitialiseStack
 .text.prvTaskExitError
                0x000000000800a858       0x54 Middlewares/Third_Party/FreeRTOS/Source/portable/GCC/ARM_CM4F/port.o
 *fill*         0x000000000800a8ac        0x4 
 .text.SVC_Handler
                0x000000000800a8b0       0x28 Middlewares/Third_Party/FreeRTOS/Source/portable/GCC/ARM_CM4F/port.o
                0x000000000800a8b0                SVC_Handler
 .text.prvPortStartFirstTask
                0x000000000800a8d8       0x28 Middlewares/Third_Party/FreeRTOS/Source/portable/GCC/ARM_CM4F/port.o
 .text.xPortStartScheduler
                0x000000000800a900      0x15c Middlewares/Third_Party/FreeRTOS/Source/portable/GCC/ARM_CM4F/port.o
                0x000000000800a900                xPortStartScheduler
 .text.vPortEnterCritical
                0x000000000800aa5c       0x5c Middlewares/Third_Party/FreeRTOS/Source/portable/GCC/ARM_CM4F/port.o
                0x000000000800aa5c                vPortEnterCritical
 .text.vPortExitCritical
                0x000000000800aab8       0x50 Middlewares/Third_Party/FreeRTOS/Source/portable/GCC/ARM_CM4F/port.o
                0x000000000800aab8                vPortExitCritical
 *fill*         0x000000000800ab08        0x8 
 .text.PendSV_Handler
                0x000000000800ab10       0x68 Middlewares/Third_Party/FreeRTOS/Source/portable/GCC/ARM_CM4F/port.o
                0x000000000800ab10                PendSV_Handler
 .text.SysTick_Handler
                0x000000000800ab78       0x40 Middlewares/Third_Party/FreeRTOS/Source/portable/GCC/ARM_CM4F/port.o
                0x000000000800ab78                SysTick_Handler
 .text.vPortSetupTimerInterrupt
                0x000000000800abb8       0x48 Middlewares/Third_Party/FreeRTOS/Source/portable/GCC/ARM_CM4F/port.o
                0x000000000800abb8                vPortSetupTimerInterrupt
 .text.vPortEnableVFP
                0x000000000800ac00       0x14 Middlewares/Third_Party/FreeRTOS/Source/portable/GCC/ARM_CM4F/port.o
 .text.pvPortMalloc
                0x000000000800ac14      0x184 Middlewares/Third_Party/FreeRTOS/Source/portable/MemMang/heap_4.o
                0x000000000800ac14                pvPortMalloc
 .text.vPortFree
                0x000000000800ad98       0xb0 Middlewares/Third_Party/FreeRTOS/Source/portable/MemMang/heap_4.o
                0x000000000800ad98                vPortFree
 .text.prvHeapInit
                0x000000000800ae48       0xc8 Middlewares/Third_Party/FreeRTOS/Source/portable/MemMang/heap_4.o
 .text.prvInsertBlockIntoFreeList
                0x000000000800af10       0xb4 Middlewares/Third_Party/FreeRTOS/Source/portable/MemMang/heap_4.o
 .text._ZdlPvj  0x000000000800afc4        0x4 /home/tung/st/stm32cubeide_1.2.0/plugins/com.st.stm32cube.ide.mcu.externaltools.gnu-tools-for-stm32.7-2018-q2-update.linux64_1.0.0.201904181610/tools/bin/../lib/gcc/arm-none-eabi/7.3.1/../../../../arm-none-eabi/lib/thumb/v7e-m/fpv4-sp/hard/libstdc++_nano.a(del_ops.o)
                0x000000000800afc4                operator delete(void*, unsigned int)
 .text._ZdlPv   0x000000000800afc8        0x4 /home/tung/st/stm32cubeide_1.2.0/plugins/com.st.stm32cube.ide.mcu.externaltools.gnu-tools-for-stm32.7-2018-q2-update.linux64_1.0.0.201904181610/tools/bin/../lib/gcc/arm-none-eabi/7.3.1/../../../../arm-none-eabi/lib/thumb/v7e-m/fpv4-sp/hard/libstdc++_nano.a(del_op.o)
                0x000000000800afc8                operator delete(void*)
 .text.atanf    0x000000000800afcc      0x1a8 /home/tung/st/stm32cubeide_1.2.0/plugins/com.st.stm32cube.ide.mcu.externaltools.gnu-tools-for-stm32.7-2018-q2-update.linux64_1.0.0.201904181610/tools/bin/../lib/gcc/arm-none-eabi/7.3.1/../../../../arm-none-eabi/lib/thumb/v7e-m/fpv4-sp/hard/libm.a(lib_a-sf_atan.o)
                0x000000000800afcc                atanf
 .text.fabsf    0x000000000800b174        0xe /home/tung/st/stm32cubeide_1.2.0/plugins/com.st.stm32cube.ide.mcu.externaltools.gnu-tools-for-stm32.7-2018-q2-update.linux64_1.0.0.201904181610/tools/bin/../lib/gcc/arm-none-eabi/7.3.1/../../../../arm-none-eabi/lib/thumb/v7e-m/fpv4-sp/hard/libm.a(lib_a-sf_fabs.o)
                0x000000000800b174                fabsf
 *fill*         0x000000000800b182        0x2 
 .text.sqrt     0x000000000800b184       0xb4 /home/tung/st/stm32cubeide_1.2.0/plugins/com.st.stm32cube.ide.mcu.externaltools.gnu-tools-for-stm32.7-2018-q2-update.linux64_1.0.0.201904181610/tools/bin/../lib/gcc/arm-none-eabi/7.3.1/../../../../arm-none-eabi/lib/thumb/v7e-m/fpv4-sp/hard/libm.a(lib_a-w_sqrt.o)
                0x000000000800b184                sqrt
 .text.asinf    0x000000000800b238       0xb0 /home/tung/st/stm32cubeide_1.2.0/plugins/com.st.stm32cube.ide.mcu.externaltools.gnu-tools-for-stm32.7-2018-q2-update.linux64_1.0.0.201904181610/tools/bin/../lib/gcc/arm-none-eabi/7.3.1/../../../../arm-none-eabi/lib/thumb/v7e-m/fpv4-sp/hard/libm.a(lib_a-wf_asin.o)
                0x000000000800b238                asinf
 .text.atan2f   0x000000000800b2e8        0x4 /home/tung/st/stm32cubeide_1.2.0/plugins/com.st.stm32cube.ide.mcu.externaltools.gnu-tools-for-stm32.7-2018-q2-update.linux64_1.0.0.201904181610/tools/bin/../lib/gcc/arm-none-eabi/7.3.1/../../../../arm-none-eabi/lib/thumb/v7e-m/fpv4-sp/hard/libm.a(lib_a-wf_atan2.o)
                0x000000000800b2e8                atan2f
 .text.__ieee754_sqrt
                0x000000000800b2ec      0x160 /home/tung/st/stm32cubeide_1.2.0/plugins/com.st.stm32cube.ide.mcu.externaltools.gnu-tools-for-stm32.7-2018-q2-update.linux64_1.0.0.201904181610/tools/bin/../lib/gcc/arm-none-eabi/7.3.1/../../../../arm-none-eabi/lib/thumb/v7e-m/fpv4-sp/hard/libm.a(lib_a-e_sqrt.o)
                0x000000000800b2ec                __ieee754_sqrt
 .text.__ieee754_asinf
                0x000000000800b44c      0x1d0 /home/tung/st/stm32cubeide_1.2.0/plugins/com.st.stm32cube.ide.mcu.externaltools.gnu-tools-for-stm32.7-2018-q2-update.linux64_1.0.0.201904181610/tools/bin/../lib/gcc/arm-none-eabi/7.3.1/../../../../arm-none-eabi/lib/thumb/v7e-m/fpv4-sp/hard/libm.a(lib_a-ef_asin.o)
                0x000000000800b44c                __ieee754_asinf
 .text.__ieee754_atan2f
                0x000000000800b61c      0x15c /home/tung/st/stm32cubeide_1.2.0/plugins/com.st.stm32cube.ide.mcu.externaltools.gnu-tools-for-stm32.7-2018-q2-update.linux64_1.0.0.201904181610/tools/bin/../lib/gcc/arm-none-eabi/7.3.1/../../../../arm-none-eabi/lib/thumb/v7e-m/fpv4-sp/hard/libm.a(lib_a-ef_atan2.o)
                0x000000000800b61c                __ieee754_atan2f
 .text.__ieee754_sqrtf
                0x000000000800b778        0x6 /home/tung/st/stm32cubeide_1.2.0/plugins/com.st.stm32cube.ide.mcu.externaltools.gnu-tools-for-stm32.7-2018-q2-update.linux64_1.0.0.201904181610/tools/bin/../lib/gcc/arm-none-eabi/7.3.1/../../../../arm-none-eabi/lib/thumb/v7e-m/fpv4-sp/hard/libm.a(lib_a-ef_sqrt.o)
                0x000000000800b778                __ieee754_sqrtf
 .text.matherr  0x000000000800b77e        0x4 /home/tung/st/stm32cubeide_1.2.0/plugins/com.st.stm32cube.ide.mcu.externaltools.gnu-tools-for-stm32.7-2018-q2-update.linux64_1.0.0.201904181610/tools/bin/../lib/gcc/arm-none-eabi/7.3.1/../../../../arm-none-eabi/lib/thumb/v7e-m/fpv4-sp/hard/libm.a(lib_a-s_matherr.o)
                0x000000000800b77e                matherr
 *fill*         0x000000000800b782        0x6 
 .text.nan      0x000000000800b788       0x10 /home/tung/st/stm32cubeide_1.2.0/plugins/com.st.stm32cube.ide.mcu.externaltools.gnu-tools-for-stm32.7-2018-q2-update.linux64_1.0.0.201904181610/tools/bin/../lib/gcc/arm-none-eabi/7.3.1/../../../../arm-none-eabi/lib/thumb/v7e-m/fpv4-sp/hard/libm.a(lib_a-s_nan.o)
                0x000000000800b788                nan
 .text.__errno  0x000000000800b798        0xc /home/tung/st/stm32cubeide_1.2.0/plugins/com.st.stm32cube.ide.mcu.externaltools.gnu-tools-for-stm32.7-2018-q2-update.linux64_1.0.0.201904181610/tools/bin/../lib/gcc/arm-none-eabi/7.3.1/../../../../arm-none-eabi/lib/thumb/v7e-m/fpv4-sp/hard/libc_nano.a(lib_a-errno.o)
                0x000000000800b798                __errno
 .text.__libc_init_array
                0x000000000800b7a4       0x48 /home/tung/st/stm32cubeide_1.2.0/plugins/com.st.stm32cube.ide.mcu.externaltools.gnu-tools-for-stm32.7-2018-q2-update.linux64_1.0.0.201904181610/tools/bin/../lib/gcc/arm-none-eabi/7.3.1/../../../../arm-none-eabi/lib/thumb/v7e-m/fpv4-sp/hard/libc_nano.a(lib_a-init.o)
                0x000000000800b7a4                __libc_init_array
 .text.free     0x000000000800b7ec       0x10 /home/tung/st/stm32cubeide_1.2.0/plugins/com.st.stm32cube.ide.mcu.externaltools.gnu-tools-for-stm32.7-2018-q2-update.linux64_1.0.0.201904181610/tools/bin/../lib/gcc/arm-none-eabi/7.3.1/../../../../arm-none-eabi/lib/thumb/v7e-m/fpv4-sp/hard/libc_nano.a(lib_a-malloc.o)
                0x000000000800b7ec                free
 .text.memset   0x000000000800b7fc       0x10 /home/tung/st/stm32cubeide_1.2.0/plugins/com.st.stm32cube.ide.mcu.externaltools.gnu-tools-for-stm32.7-2018-q2-update.linux64_1.0.0.201904181610/tools/bin/../lib/gcc/arm-none-eabi/7.3.1/../../../../arm-none-eabi/lib/thumb/v7e-m/fpv4-sp/hard/libc_nano.a(lib_a-memset.o)
                0x000000000800b7fc                memset
 .text._free_r  0x000000000800b80c       0x9c /home/tung/st/stm32cubeide_1.2.0/plugins/com.st.stm32cube.ide.mcu.externaltools.gnu-tools-for-stm32.7-2018-q2-update.linux64_1.0.0.201904181610/tools/bin/../lib/gcc/arm-none-eabi/7.3.1/../../../../arm-none-eabi/lib/thumb/v7e-m/fpv4-sp/hard/libc_nano.a(lib_a-nano-freer.o)
                0x000000000800b80c                _free_r
 .text.__malloc_lock
                0x000000000800b8a8        0x2 /home/tung/st/stm32cubeide_1.2.0/plugins/com.st.stm32cube.ide.mcu.externaltools.gnu-tools-for-stm32.7-2018-q2-update.linux64_1.0.0.201904181610/tools/bin/../lib/gcc/arm-none-eabi/7.3.1/../../../../arm-none-eabi/lib/thumb/v7e-m/fpv4-sp/hard/libc_nano.a(lib_a-mlock.o)
                0x000000000800b8a8                __malloc_lock
 .text.__malloc_unlock
                0x000000000800b8aa        0x2 /home/tung/st/stm32cubeide_1.2.0/plugins/com.st.stm32cube.ide.mcu.externaltools.gnu-tools-for-stm32.7-2018-q2-update.linux64_1.0.0.201904181610/tools/bin/../lib/gcc/arm-none-eabi/7.3.1/../../../../arm-none-eabi/lib/thumb/v7e-m/fpv4-sp/hard/libc_nano.a(lib_a-mlock.o)
                0x000000000800b8aa                __malloc_unlock
 *(.glue_7)
 .glue_7        0x000000000800b8ac        0x0 linker stubs
 *(.glue_7t)
 .glue_7t       0x000000000800b8ac        0x0 linker stubs
 *(.eh_frame)
 .eh_frame      0x000000000800b8ac        0x0 /home/tung/st/stm32cubeide_1.2.0/plugins/com.st.stm32cube.ide.mcu.externaltools.gnu-tools-for-stm32.7-2018-q2-update.linux64_1.0.0.201904181610/tools/bin/../lib/gcc/arm-none-eabi/7.3.1/thumb/v7e-m/fpv4-sp/hard/crtbegin.o
 *(.init)
 .init          0x000000000800b8ac        0x4 /home/tung/st/stm32cubeide_1.2.0/plugins/com.st.stm32cube.ide.mcu.externaltools.gnu-tools-for-stm32.7-2018-q2-update.linux64_1.0.0.201904181610/tools/bin/../lib/gcc/arm-none-eabi/7.3.1/thumb/v7e-m/fpv4-sp/hard/crti.o
                0x000000000800b8ac                _init
 .init          0x000000000800b8b0        0x8 /home/tung/st/stm32cubeide_1.2.0/plugins/com.st.stm32cube.ide.mcu.externaltools.gnu-tools-for-stm32.7-2018-q2-update.linux64_1.0.0.201904181610/tools/bin/../lib/gcc/arm-none-eabi/7.3.1/thumb/v7e-m/fpv4-sp/hard/crtn.o
 *(.fini)
 .fini          0x000000000800b8b8        0x4 /home/tung/st/stm32cubeide_1.2.0/plugins/com.st.stm32cube.ide.mcu.externaltools.gnu-tools-for-stm32.7-2018-q2-update.linux64_1.0.0.201904181610/tools/bin/../lib/gcc/arm-none-eabi/7.3.1/thumb/v7e-m/fpv4-sp/hard/crti.o
                0x000000000800b8b8                _fini
 .fini          0x000000000800b8bc        0x8 /home/tung/st/stm32cubeide_1.2.0/plugins/com.st.stm32cube.ide.mcu.externaltools.gnu-tools-for-stm32.7-2018-q2-update.linux64_1.0.0.201904181610/tools/bin/../lib/gcc/arm-none-eabi/7.3.1/thumb/v7e-m/fpv4-sp/hard/crtn.o
                0x000000000800b8c4                . = ALIGN (0x4)
                0x000000000800b8c4                _etext = .

.vfp11_veneer   0x000000000800b8c4        0x0
 .vfp11_veneer  0x000000000800b8c4        0x0 linker stubs

.v4_bx          0x000000000800b8c4        0x0
 .v4_bx         0x000000000800b8c4        0x0 linker stubs

.iplt           0x000000000800b8c4        0x0
 .iplt          0x000000000800b8c4        0x0 /home/tung/st/stm32cubeide_1.2.0/plugins/com.st.stm32cube.ide.mcu.externaltools.gnu-tools-for-stm32.7-2018-q2-update.linux64_1.0.0.201904181610/tools/bin/../lib/gcc/arm-none-eabi/7.3.1/thumb/v7e-m/fpv4-sp/hard/crtbegin.o

.rodata         0x000000000800b8c8      0x194
                0x000000000800b8c8                . = ALIGN (0x4)
 *(.rodata)
 .rodata        0x000000000800b8c8       0xcc Core/Src/main.o
 .rodata        0x000000000800b994        0x5 Middlewares/Third_Party/FreeRTOS/Source/tasks.o
 *(.rodata*)
 *fill*         0x000000000800b999        0x7 
 .rodata._ZL8rounders
                0x000000000800b9a0       0x58 Core/Src/main.o
 .rodata._ZTV3EKF
                0x000000000800b9f8       0x10 Core/Src/main.o
                0x000000000800b9f8                vtable for EKF
 .rodata._ZTV6Matrix
                0x000000000800ba08       0x10 Core/Src/main.o
                0x000000000800ba08                vtable for Matrix
 .rodata.AHBPrescTable
                0x000000000800ba18       0x10 Core/Src/system_stm32f4xx.o
                0x000000000800ba18                AHBPrescTable
 .rodata.APBPrescTable
                0x000000000800ba28        0x8 Core/Src/system_stm32f4xx.o
                0x000000000800ba28                APBPrescTable
 .rodata.atanhi
                0x000000000800ba30       0x10 /home/tung/st/stm32cubeide_1.2.0/plugins/com.st.stm32cube.ide.mcu.externaltools.gnu-tools-for-stm32.7-2018-q2-update.linux64_1.0.0.201904181610/tools/bin/../lib/gcc/arm-none-eabi/7.3.1/../../../../arm-none-eabi/lib/thumb/v7e-m/fpv4-sp/hard/libm.a(lib_a-sf_atan.o)
 .rodata.atanlo
                0x000000000800ba40       0x10 /home/tung/st/stm32cubeide_1.2.0/plugins/com.st.stm32cube.ide.mcu.externaltools.gnu-tools-for-stm32.7-2018-q2-update.linux64_1.0.0.201904181610/tools/bin/../lib/gcc/arm-none-eabi/7.3.1/../../../../arm-none-eabi/lib/thumb/v7e-m/fpv4-sp/hard/libm.a(lib_a-sf_atan.o)
 .rodata.sqrt.str1.1
                0x000000000800ba50        0x5 /home/tung/st/stm32cubeide_1.2.0/plugins/com.st.stm32cube.ide.mcu.externaltools.gnu-tools-for-stm32.7-2018-q2-update.linux64_1.0.0.201904181610/tools/bin/../lib/gcc/arm-none-eabi/7.3.1/../../../../arm-none-eabi/lib/thumb/v7e-m/fpv4-sp/hard/libm.a(lib_a-w_sqrt.o)
 .rodata.asinf.str1.1
                0x000000000800ba55        0x6 /home/tung/st/stm32cubeide_1.2.0/plugins/com.st.stm32cube.ide.mcu.externaltools.gnu-tools-for-stm32.7-2018-q2-update.linux64_1.0.0.201904181610/tools/bin/../lib/gcc/arm-none-eabi/7.3.1/../../../../arm-none-eabi/lib/thumb/v7e-m/fpv4-sp/hard/libm.a(lib_a-wf_asin.o)
                                          0x7 (size before relaxing)
                0x000000000800ba5c                . = ALIGN (0x4)
 *fill*         0x000000000800ba5b        0x1 

.ARM.extab      0x000000000800ba5c        0x0
                0x000000000800ba5c                . = ALIGN (0x4)
 *(.ARM.extab* .gnu.linkonce.armextab.*)
                0x000000000800ba5c                . = ALIGN (0x4)

.ARM            0x000000000800ba5c        0x8
                0x000000000800ba5c                . = ALIGN (0x4)
                0x000000000800ba5c                __exidx_start = .
 *(.ARM.exidx*)
 .ARM.exidx     0x000000000800ba5c        0x8 /home/tung/st/stm32cubeide_1.2.0/plugins/com.st.stm32cube.ide.mcu.externaltools.gnu-tools-for-stm32.7-2018-q2-update.linux64_1.0.0.201904181610/tools/bin/../lib/gcc/arm-none-eabi/7.3.1/thumb/v7e-m/fpv4-sp/hard/libgcc.a(_udivmoddi4.o)
                0x000000000800ba64                __exidx_end = .
                0x000000000800ba64                . = ALIGN (0x4)

.rel.dyn        0x000000000800ba64        0x0
 .rel.iplt      0x000000000800ba64        0x0 /home/tung/st/stm32cubeide_1.2.0/plugins/com.st.stm32cube.ide.mcu.externaltools.gnu-tools-for-stm32.7-2018-q2-update.linux64_1.0.0.201904181610/tools/bin/../lib/gcc/arm-none-eabi/7.3.1/thumb/v7e-m/fpv4-sp/hard/crtbegin.o

.preinit_array  0x000000000800ba64        0x0
                0x000000000800ba64                . = ALIGN (0x4)
                0x000000000800ba64                PROVIDE (__preinit_array_start = .)
 *(.preinit_array*)
                0x000000000800ba64                PROVIDE (__preinit_array_end = .)
                0x000000000800ba64                . = ALIGN (0x4)

.init_array     0x000000000800ba64        0x8
                0x000000000800ba64                . = ALIGN (0x4)
                0x000000000800ba64                PROVIDE (__init_array_start = .)
 *(SORT_BY_NAME(.init_array.*))
 *(.init_array*)
 .init_array    0x000000000800ba64        0x4 /home/tung/st/stm32cubeide_1.2.0/plugins/com.st.stm32cube.ide.mcu.externaltools.gnu-tools-for-stm32.7-2018-q2-update.linux64_1.0.0.201904181610/tools/bin/../lib/gcc/arm-none-eabi/7.3.1/thumb/v7e-m/fpv4-sp/hard/crtbegin.o
 .init_array    0x000000000800ba68        0x4 Core/Src/main.o
                0x000000000800ba6c                PROVIDE (__init_array_end = .)
                0x000000000800ba6c                . = ALIGN (0x4)

.fini_array     0x000000000800ba6c        0x8
                0x000000000800ba6c                . = ALIGN (0x4)
                [!provide]                        PROVIDE (__fini_array_start = .)
 *(SORT_BY_NAME(.fini_array.*))
 *(.fini_array*)
 .fini_array    0x000000000800ba6c        0x4 /home/tung/st/stm32cubeide_1.2.0/plugins/com.st.stm32cube.ide.mcu.externaltools.gnu-tools-for-stm32.7-2018-q2-update.linux64_1.0.0.201904181610/tools/bin/../lib/gcc/arm-none-eabi/7.3.1/thumb/v7e-m/fpv4-sp/hard/crtbegin.o
 .fini_array    0x000000000800ba70        0x4 Core/Src/main.o
                [!provide]                        PROVIDE (__fini_array_end = .)
                0x000000000800ba74                . = ALIGN (0x4)
                0x000000000800ba74                _sidata = LOADADDR (.data)

.data           0x0000000020000000      0x578 load address 0x000000000800ba74
                0x0000000020000000                . = ALIGN (0x4)
                0x0000000020000000                _sdata = .
 *(.data)
 *(.data*)
 .data.Q        0x0000000020000000      0x188 Core/Src/main.o
                0x0000000020000000                Q
 .data.P        0x0000000020000188      0x188 Core/Src/main.o
                0x0000000020000188                P
 .data.R_full   0x0000000020000310      0x120 Core/Src/main.o
                0x0000000020000310                R_full
 .data.LPF_50HZ
                0x0000000020000430       0x30 Core/Src/main.o
                0x0000000020000430                LPF_50HZ
 .data.LPF_10HZ_fs100_chev2
                0x0000000020000460       0x30 Core/Src/main.o
                0x0000000020000460                LPF_10HZ_fs100_chev2
 .data.A_m      0x0000000020000490       0x24 Core/Src/main.o
                0x0000000020000490                A_m
 .data.b_m      0x00000000200004b4        0xc Core/Src/main.o
                0x00000000200004b4                b_m
 .data.beta     0x00000000200004c0        0x4 Core/Src/main.o
                0x00000000200004c0                beta
 .data.q0       0x00000000200004c4        0x4 Core/Src/main.o
                0x00000000200004c4                q0
 .data.x        0x00000000200004c8       0x38 Core/Src/main.o
                0x00000000200004c8                x
 .data.SystemCoreClock
                0x0000000020000500        0x4 Core/Src/system_stm32f4xx.o
                0x0000000020000500                SystemCoreClock
 .data.uwTickPrio
                0x0000000020000504        0x4 Drivers/STM32F4xx_HAL_Driver/Src/stm32f4xx_hal.o
                0x0000000020000504                uwTickPrio
 .data.uwTickFreq
                0x0000000020000508        0x1 Drivers/STM32F4xx_HAL_Driver/Src/stm32f4xx_hal.o
                0x0000000020000508                uwTickFreq
 *fill*         0x0000000020000509        0x3 
 .data.uxCriticalNesting
                0x000000002000050c        0x4 Middlewares/Third_Party/FreeRTOS/Source/portable/GCC/ARM_CM4F/port.o
 .data.__fdlib_version
                0x0000000020000510        0x1 /home/tung/st/stm32cubeide_1.2.0/plugins/com.st.stm32cube.ide.mcu.externaltools.gnu-tools-for-stm32.7-2018-q2-update.linux64_1.0.0.201904181610/tools/bin/../lib/gcc/arm-none-eabi/7.3.1/../../../../arm-none-eabi/lib/thumb/v7e-m/fpv4-sp/hard/libm.a(lib_a-s_lib_ver.o)
                0x0000000020000510                __fdlib_version
 *fill*         0x0000000020000511        0x3 
 .data._impure_ptr
                0x0000000020000514        0x4 /home/tung/st/stm32cubeide_1.2.0/plugins/com.st.stm32cube.ide.mcu.externaltools.gnu-tools-for-stm32.7-2018-q2-update.linux64_1.0.0.201904181610/tools/bin/../lib/gcc/arm-none-eabi/7.3.1/../../../../arm-none-eabi/lib/thumb/v7e-m/fpv4-sp/hard/libc_nano.a(lib_a-impure.o)
                0x0000000020000514                _impure_ptr
 .data.impure_data
                0x0000000020000518       0x60 /home/tung/st/stm32cubeide_1.2.0/plugins/com.st.stm32cube.ide.mcu.externaltools.gnu-tools-for-stm32.7-2018-q2-update.linux64_1.0.0.201904181610/tools/bin/../lib/gcc/arm-none-eabi/7.3.1/../../../../arm-none-eabi/lib/thumb/v7e-m/fpv4-sp/hard/libc_nano.a(lib_a-impure.o)
                0x0000000020000578                . = ALIGN (0x4)
                0x0000000020000578                _edata = .

.igot.plt       0x0000000020000578        0x0 load address 0x000000000800bfec
 .igot.plt      0x0000000020000578        0x0 /home/tung/st/stm32cubeide_1.2.0/plugins/com.st.stm32cube.ide.mcu.externaltools.gnu-tools-for-stm32.7-2018-q2-update.linux64_1.0.0.201904181610/tools/bin/../lib/gcc/arm-none-eabi/7.3.1/thumb/v7e-m/fpv4-sp/hard/crtbegin.o
                0x0000000020000578                . = ALIGN (0x4)

.bss            0x0000000020000578    0x1a3b4 load address 0x000000000800bfec
                0x0000000020000578                _sbss = .
                0x0000000020000578                __bss_start__ = _sbss
 *(.bss)
 .bss           0x0000000020000578       0x1c /home/tung/st/stm32cubeide_1.2.0/plugins/com.st.stm32cube.ide.mcu.externaltools.gnu-tools-for-stm32.7-2018-q2-update.linux64_1.0.0.201904181610/tools/bin/../lib/gcc/arm-none-eabi/7.3.1/thumb/v7e-m/fpv4-sp/hard/crtbegin.o
 *(.bss*)
 .bss.xIdleTaskTCBBuffer
                0x0000000020000594       0x60 Core/Src/freertos.o
 .bss.xIdleStack
                0x00000000200005f4      0x200 Core/Src/freertos.o
 .bss.hi2c1     0x00000000200007f4       0x54 Core/Src/main.o
                0x00000000200007f4                hi2c1
 .bss.huart3    0x0000000020000848       0x40 Core/Src/main.o
                0x0000000020000848                huart3
 .bss.htim1     0x0000000020000888       0x40 Core/Src/main.o
                0x0000000020000888                htim1
 .bss.htim4     0x00000000200008c8       0x40 Core/Src/main.o
                0x00000000200008c8                htim4
 .bss.huart1    0x0000000020000908       0x40 Core/Src/main.o
                0x0000000020000908                huart1
 .bss.BOARD_MODE
                0x0000000020000948        0x1 Core/Src/main.o
                0x0000000020000948                BOARD_MODE
 *fill*         0x0000000020000949        0x3 
 .bss.htim7     0x000000002000094c       0x40 Core/Src/main.o
                0x000000002000094c                htim7
 .bss.ulHighFrequencyTimerTicks
                0x000000002000098c        0x4 Core/Src/main.o
                0x000000002000098c                ulHighFrequencyTimerTicks
 .bss.temp      0x0000000020000990        0x4 Core/Src/main.o
                0x0000000020000990                temp
 .bss.asax      0x0000000020000994        0x4 Core/Src/main.o
                0x0000000020000994                asax
 .bss.asay      0x0000000020000998        0x4 Core/Src/main.o
                0x0000000020000998                asay
 .bss.asaz      0x000000002000099c        0x4 Core/Src/main.o
                0x000000002000099c                asaz
 .bss.bAx       0x00000000200009a0        0x8 Core/Src/main.o
                0x00000000200009a0                bAx
 .bss.bAy       0x00000000200009a8        0x8 Core/Src/main.o
                0x00000000200009a8                bAy
 .bss.bAz       0x00000000200009b0        0x8 Core/Src/main.o
                0x00000000200009b0                bAz
 .bss.bGx       0x00000000200009b8        0x8 Core/Src/main.o
                0x00000000200009b8                bGx
 .bss.bGy       0x00000000200009c0        0x8 Core/Src/main.o
                0x00000000200009c0                bGy
 .bss.bGz       0x00000000200009c8        0x8 Core/Src/main.o
                0x00000000200009c8                bGz
 .bss.g         0x00000000200009d0        0x8 Core/Src/main.o
                0x00000000200009d0                g
 .bss.magnet_calib
                0x00000000200009d8        0xc Core/Src/main.o
                0x00000000200009d8                magnet_calib
 .bss.Acc_x     0x00000000200009e4        0x4 Core/Src/main.o
                0x00000000200009e4                Acc_x
 .bss.Acc_y     0x00000000200009e8        0x4 Core/Src/main.o
                0x00000000200009e8                Acc_y
 .bss.Acc_z     0x00000000200009ec        0x4 Core/Src/main.o
                0x00000000200009ec                Acc_z
 .bss.Gyro_x    0x00000000200009f0        0x4 Core/Src/main.o
                0x00000000200009f0                Gyro_x
 .bss.Gyro_y    0x00000000200009f4        0x4 Core/Src/main.o
                0x00000000200009f4                Gyro_y
 .bss.Gyro_z    0x00000000200009f8        0x4 Core/Src/main.o
                0x00000000200009f8                Gyro_z
 .bss.Mag_x     0x00000000200009fc        0x4 Core/Src/main.o
                0x00000000200009fc                Mag_x
 .bss.Mag_y     0x0000000020000a00        0x4 Core/Src/main.o
                0x0000000020000a00                Mag_y
 .bss.Mag_z     0x0000000020000a04        0x4 Core/Src/main.o
                0x0000000020000a04                Mag_z
 .bss.Acc_x_    0x0000000020000a08        0x4 Core/Src/main.o
                0x0000000020000a08                Acc_x_
 .bss.Acc_y_    0x0000000020000a0c        0x4 Core/Src/main.o
                0x0000000020000a0c                Acc_y_
 .bss.Acc_z_    0x0000000020000a10        0x4 Core/Src/main.o
                0x0000000020000a10                Acc_z_
 .bss.Gyro_x_   0x0000000020000a14        0x4 Core/Src/main.o
                0x0000000020000a14                Gyro_x_
 .bss.Gyro_y_   0x0000000020000a18        0x4 Core/Src/main.o
                0x0000000020000a18                Gyro_y_
 .bss.Gyro_z_   0x0000000020000a1c        0x4 Core/Src/main.o
                0x0000000020000a1c                Gyro_z_
 .bss.magd_r    0x0000000020000a20        0x4 Core/Src/main.o
                0x0000000020000a20                magd_r
 .bss.magd_p    0x0000000020000a24        0x4 Core/Src/main.o
                0x0000000020000a24                magd_p
 .bss.magd_y    0x0000000020000a28        0x4 Core/Src/main.o
                0x0000000020000a28                magd_y
 .bss.q1        0x0000000020000a2c        0x4 Core/Src/main.o
                0x0000000020000a2c                q1
 .bss.q2        0x0000000020000a30        0x4 Core/Src/main.o
                0x0000000020000a30                q2
 .bss.q3        0x0000000020000a34        0x4 Core/Src/main.o
                0x0000000020000a34                q3
 .bss.calib_data
                0x0000000020000a38       0x16 Core/Src/main.o
                0x0000000020000a38                calib_data
 .bss.AC1       0x0000000020000a4e        0x2 Core/Src/main.o
                0x0000000020000a4e                AC1
 .bss.AC2       0x0000000020000a50        0x2 Core/Src/main.o
                0x0000000020000a50                AC2
 .bss.AC3       0x0000000020000a52        0x2 Core/Src/main.o
                0x0000000020000a52                AC3
 .bss.B1        0x0000000020000a54        0x2 Core/Src/main.o
                0x0000000020000a54                B1
 .bss.B2        0x0000000020000a56        0x2 Core/Src/main.o
                0x0000000020000a56                B2
 .bss.MB        0x0000000020000a58        0x2 Core/Src/main.o
                0x0000000020000a58                MB
 .bss.MC        0x0000000020000a5a        0x2 Core/Src/main.o
                0x0000000020000a5a                MC
 .bss.MD        0x0000000020000a5c        0x2 Core/Src/main.o
                0x0000000020000a5c                MD
 .bss.AC4       0x0000000020000a5e        0x2 Core/Src/main.o
                0x0000000020000a5e                AC4
 .bss.AC5       0x0000000020000a60        0x2 Core/Src/main.o
                0x0000000020000a60                AC5
 .bss.AC6       0x0000000020000a62        0x2 Core/Src/main.o
                0x0000000020000a62                AC6
 .bss.FirstSector
                0x0000000020000a64        0x4 Core/Src/main.o
                0x0000000020000a64                FirstSector
 .bss.NbOfSectors
                0x0000000020000a68        0x4 Core/Src/main.o
                0x0000000020000a68                NbOfSectors
 .bss.Address   0x0000000020000a6c        0x4 Core/Src/main.o
                0x0000000020000a6c                Address
 .bss.SectorError
                0x0000000020000a70        0x4 Core/Src/main.o
                0x0000000020000a70                SectorError
 .bss.data32    0x0000000020000a74        0x4 Core/Src/main.o
                0x0000000020000a74                data32
 .bss.MemoryProgramStatus
                0x0000000020000a78        0x4 Core/Src/main.o
                0x0000000020000a78                MemoryProgramStatus
 .bss._ZL15EraseInitStruct
                0x0000000020000a7c       0x14 Core/Src/main.o
 .bss.read_MPUHandle
                0x0000000020000a90        0x4 Core/Src/main.o
                0x0000000020000a90                read_MPUHandle
 .bss.read_BMPHandle
                0x0000000020000a94        0x4 Core/Src/main.o
                0x0000000020000a94                read_BMPHandle
 .bss.receiveTaskHandle
                0x0000000020000a98        0x4 Core/Src/main.o
                0x0000000020000a98                receiveTaskHandle
 .bss.filterTaskHandle
                0x0000000020000a9c        0x4 Core/Src/main.o
                0x0000000020000a9c                filterTaskHandle
 .bss.QueueHandle
                0x0000000020000aa0        0x4 Core/Src/main.o
                0x0000000020000aa0                QueueHandle
 .bss.Rx_data   0x0000000020000aa4        0x2 Core/Src/main.o
                0x0000000020000aa4                Rx_data
 *fill*         0x0000000020000aa6        0x2 
 .bss.Rx_buffer
                0x0000000020000aa8       0x18 Core/Src/main.o
                0x0000000020000aa8                Rx_buffer
 .bss.sbus_buffer
                0x0000000020000ac0        0x7 Core/Src/main.o
                0x0000000020000ac0                sbus_buffer
 *fill*         0x0000000020000ac7        0x1 
 .bss.i         0x0000000020000ac8        0x4 Core/Src/main.o
                0x0000000020000ac8                i
 .bss.j         0x0000000020000acc        0x4 Core/Src/main.o
                0x0000000020000acc                j
 .bss.data_imu_raw
                0x0000000020000ad0       0x18 Core/Src/main.o
                0x0000000020000ad0                data_imu_raw
 .bss.data_imu_buffer
                0x0000000020000ae8       0x18 Core/Src/main.o
                0x0000000020000ae8                data_imu_buffer
 .bss.data_imu_com
                0x0000000020000b00       0x18 Core/Src/main.o
                0x0000000020000b00                data_imu_com
 .bss.mag_data  0x0000000020000b18        0xc Core/Src/main.o
                0x0000000020000b18                mag_data
 .bss.com_state
                0x0000000020000b24        0xc Core/Src/main.o
                0x0000000020000b24                com_state
 .bss.esc_value
                0x0000000020000b30        0xa Core/Src/main.o
                0x0000000020000b30                esc_value
 *fill*         0x0000000020000b3a        0x2 
 .bss.esc_stop  0x0000000020000b3c        0xa Core/Src/main.o
                0x0000000020000b3c                esc_stop
 *fill*         0x0000000020000b46        0x2 
 .bss.gyro_lpf  0x0000000020000b48       0x48 Core/Src/main.o
                0x0000000020000b48                gyro_lpf
 .bss.gyro_lpf1
                0x0000000020000b90       0x48 Core/Src/main.o
                0x0000000020000b90                gyro_lpf1
 .bss.gyro_lpf2
                0x0000000020000bd8       0x48 Core/Src/main.o
                0x0000000020000bd8                gyro_lpf2
 .bss.acc_lpf   0x0000000020000c20       0x48 Core/Src/main.o
                0x0000000020000c20                acc_lpf
 .bss.acc_lpf1  0x0000000020000c68       0x48 Core/Src/main.o
                0x0000000020000c68                acc_lpf1
 .bss.acc_lpf2  0x0000000020000cb0       0x48 Core/Src/main.o
                0x0000000020000cb0                acc_lpf2
 .bss.pid_temp  0x0000000020000cf8       0x1a Core/Src/main.o
                0x0000000020000cf8                pid_temp
 *fill*         0x0000000020000d12        0x2 
 .bss.pid       0x0000000020000d14       0x34 Core/Src/main.o
                0x0000000020000d14                pid
 .bss.ekf       0x0000000020000d48     0x1388 Core/Src/main.o
                0x0000000020000d48                ekf
 .bss.pxCurrentTCB
                0x00000000200020d0        0x4 Middlewares/Third_Party/FreeRTOS/Source/tasks.o
                0x00000000200020d0                pxCurrentTCB
 .bss.pxReadyTasksLists
                0x00000000200020d4       0x8c Middlewares/Third_Party/FreeRTOS/Source/tasks.o
 .bss.xDelayedTaskList1
                0x0000000020002160       0x14 Middlewares/Third_Party/FreeRTOS/Source/tasks.o
 .bss.xDelayedTaskList2
                0x0000000020002174       0x14 Middlewares/Third_Party/FreeRTOS/Source/tasks.o
 .bss.pxDelayedTaskList
                0x0000000020002188        0x4 Middlewares/Third_Party/FreeRTOS/Source/tasks.o
 .bss.pxOverflowDelayedTaskList
                0x000000002000218c        0x4 Middlewares/Third_Party/FreeRTOS/Source/tasks.o
 .bss.xPendingReadyList
                0x0000000020002190       0x14 Middlewares/Third_Party/FreeRTOS/Source/tasks.o
 .bss.xTasksWaitingTermination
                0x00000000200021a4       0x14 Middlewares/Third_Party/FreeRTOS/Source/tasks.o
 .bss.uxDeletedTasksWaitingCleanUp
                0x00000000200021b8        0x4 Middlewares/Third_Party/FreeRTOS/Source/tasks.o
 .bss.xSuspendedTaskList
                0x00000000200021bc       0x14 Middlewares/Third_Party/FreeRTOS/Source/tasks.o
 .bss.uxCurrentNumberOfTasks
                0x00000000200021d0        0x4 Middlewares/Third_Party/FreeRTOS/Source/tasks.o
 .bss.xTickCount
                0x00000000200021d4        0x4 Middlewares/Third_Party/FreeRTOS/Source/tasks.o
 .bss.uxTopReadyPriority
                0x00000000200021d8        0x4 Middlewares/Third_Party/FreeRTOS/Source/tasks.o
 .bss.xSchedulerRunning
                0x00000000200021dc        0x4 Middlewares/Third_Party/FreeRTOS/Source/tasks.o
 .bss.uxPendedTicks
                0x00000000200021e0        0x4 Middlewares/Third_Party/FreeRTOS/Source/tasks.o
 .bss.xYieldPending
                0x00000000200021e4        0x4 Middlewares/Third_Party/FreeRTOS/Source/tasks.o
 .bss.xNumOfOverflows
                0x00000000200021e8        0x4 Middlewares/Third_Party/FreeRTOS/Source/tasks.o
 .bss.uxTaskNumber
                0x00000000200021ec        0x4 Middlewares/Third_Party/FreeRTOS/Source/tasks.o
 .bss.xNextTaskUnblockTime
                0x00000000200021f0        0x4 Middlewares/Third_Party/FreeRTOS/Source/tasks.o
 .bss.xIdleTaskHandle
                0x00000000200021f4        0x4 Middlewares/Third_Party/FreeRTOS/Source/tasks.o
 .bss.uxSchedulerSuspended
                0x00000000200021f8        0x4 Middlewares/Third_Party/FreeRTOS/Source/tasks.o
 .bss.ulTaskSwitchedInTime
                0x00000000200021fc        0x4 Middlewares/Third_Party/FreeRTOS/Source/tasks.o
 .bss.ulTotalRunTime
                0x0000000020002200        0x4 Middlewares/Third_Party/FreeRTOS/Source/tasks.o
 .bss.ucMaxSysCallPriority
                0x0000000020002204        0x1 Middlewares/Third_Party/FreeRTOS/Source/portable/GCC/ARM_CM4F/port.o
 *fill*         0x0000000020002205        0x3 
 .bss.ulMaxPRIGROUPValue
                0x0000000020002208        0x4 Middlewares/Third_Party/FreeRTOS/Source/portable/GCC/ARM_CM4F/port.o
 .bss.ucHeap    0x000000002000220c    0x186a0 Middlewares/Third_Party/FreeRTOS/Source/portable/MemMang/heap_4.o
 .bss.xStart    0x000000002001a8ac        0x8 Middlewares/Third_Party/FreeRTOS/Source/portable/MemMang/heap_4.o
 .bss.pxEnd     0x000000002001a8b4        0x4 Middlewares/Third_Party/FreeRTOS/Source/portable/MemMang/heap_4.o
 .bss.xFreeBytesRemaining
                0x000000002001a8b8        0x4 Middlewares/Third_Party/FreeRTOS/Source/portable/MemMang/heap_4.o
 .bss.xMinimumEverFreeBytesRemaining
                0x000000002001a8bc        0x4 Middlewares/Third_Party/FreeRTOS/Source/portable/MemMang/heap_4.o
 .bss.xBlockAllocatedBit
                0x000000002001a8c0        0x4 Middlewares/Third_Party/FreeRTOS/Source/portable/MemMang/heap_4.o
 .bss.__malloc_free_list
                0x000000002001a8c4        0x4 /home/tung/st/stm32cubeide_1.2.0/plugins/com.st.stm32cube.ide.mcu.externaltools.gnu-tools-for-stm32.7-2018-q2-update.linux64_1.0.0.201904181610/tools/bin/../lib/gcc/arm-none-eabi/7.3.1/../../../../arm-none-eabi/lib/thumb/v7e-m/fpv4-sp/hard/libc_nano.a(lib_a-nano-mallocr.o)
                0x000000002001a8c4                __malloc_free_list
 *(COMMON)
 COMMON         0x000000002001a8c8       0x40 Core/Src/stm32f4xx_hal_timebase_tim.o
                0x000000002001a8c8                htim14
 COMMON         0x000000002001a908        0x4 Drivers/STM32F4xx_HAL_Driver/Src/stm32f4xx_hal.o
                0x000000002001a908                uwTick
 COMMON         0x000000002001a90c       0x20 Drivers/STM32F4xx_HAL_Driver/Src/stm32f4xx_hal_flash.o
                0x000000002001a90c                pFlash
                0x000000002001a92c                . = ALIGN (0x4)
                0x000000002001a92c                _ebss = .
                0x000000002001a92c                __bss_end__ = _ebss

._user_heap_stack
                0x000000002001a92c      0x604 load address 0x000000000800bfec
                0x000000002001a930                . = ALIGN (0x8)
 *fill*         0x000000002001a92c        0x4 
                [!provide]                        PROVIDE (end = .)
                [!provide]                        PROVIDE (_end = .)
                0x000000002001ab30                . = (. + _Min_Heap_Size)
 *fill*         0x000000002001a930      0x200 
                0x000000002001af30                . = (. + _Min_Stack_Size)
 *fill*         0x000000002001ab30      0x400 
                0x000000002001af30                . = ALIGN (0x8)

/DISCARD/
 libc.a(*)
 libm.a(*)
 libgcc.a(*)

.ARM.attributes
                0x0000000000000000       0x30
 *(.ARM.attributes)
 .ARM.attributes
                0x0000000000000000       0x22 /home/tung/st/stm32cubeide_1.2.0/plugins/com.st.stm32cube.ide.mcu.externaltools.gnu-tools-for-stm32.7-2018-q2-update.linux64_1.0.0.201904181610/tools/bin/../lib/gcc/arm-none-eabi/7.3.1/thumb/v7e-m/fpv4-sp/hard/crti.o
 .ARM.attributes
                0x0000000000000022       0x34 /home/tung/st/stm32cubeide_1.2.0/plugins/com.st.stm32cube.ide.mcu.externaltools.gnu-tools-for-stm32.7-2018-q2-update.linux64_1.0.0.201904181610/tools/bin/../lib/gcc/arm-none-eabi/7.3.1/thumb/v7e-m/fpv4-sp/hard/crtbegin.o
 .ARM.attributes
                0x0000000000000056       0x39 Core/Src/freertos.o
 .ARM.attributes
                0x000000000000008f       0x39 Core/Src/main.o
 .ARM.attributes
                0x00000000000000c8       0x39 Core/Src/stm32f4xx_hal_msp.o
 .ARM.attributes
                0x0000000000000101       0x39 Core/Src/stm32f4xx_hal_timebase_tim.o
 .ARM.attributes
                0x000000000000013a       0x39 Core/Src/stm32f4xx_it.o
 .ARM.attributes
                0x0000000000000173       0x39 Core/Src/system_stm32f4xx.o
 .ARM.attributes
                0x00000000000001ac       0x21 Core/Startup/startup_stm32f405rgtx.o
 .ARM.attributes
                0x00000000000001cd       0x39 Drivers/STM32F4xx_HAL_Driver/Src/stm32f4xx_hal.o
 .ARM.attributes
                0x0000000000000206       0x39 Drivers/STM32F4xx_HAL_Driver/Src/stm32f4xx_hal_cortex.o
 .ARM.attributes
                0x000000000000023f       0x39 Drivers/STM32F4xx_HAL_Driver/Src/stm32f4xx_hal_dma.o
 .ARM.attributes
                0x0000000000000278       0x39 Drivers/STM32F4xx_HAL_Driver/Src/stm32f4xx_hal_flash.o
 .ARM.attributes
                0x00000000000002b1       0x39 Drivers/STM32F4xx_HAL_Driver/Src/stm32f4xx_hal_flash_ex.o
 .ARM.attributes
                0x00000000000002ea       0x39 Drivers/STM32F4xx_HAL_Driver/Src/stm32f4xx_hal_gpio.o
 .ARM.attributes
                0x0000000000000323       0x39 Drivers/STM32F4xx_HAL_Driver/Src/stm32f4xx_hal_i2c.o
 .ARM.attributes
                0x000000000000035c       0x39 Drivers/STM32F4xx_HAL_Driver/Src/stm32f4xx_hal_rcc.o
 .ARM.attributes
                0x0000000000000395       0x39 Drivers/STM32F4xx_HAL_Driver/Src/stm32f4xx_hal_tim.o
 .ARM.attributes
                0x00000000000003ce       0x39 Drivers/STM32F4xx_HAL_Driver/Src/stm32f4xx_hal_tim_ex.o
 .ARM.attributes
                0x0000000000000407       0x39 Drivers/STM32F4xx_HAL_Driver/Src/stm32f4xx_hal_uart.o
 .ARM.attributes
                0x0000000000000440       0x39 Middlewares/Third_Party/FreeRTOS/Source/CMSIS_RTOS/cmsis_os.o
 .ARM.attributes
                0x0000000000000479       0x39 Middlewares/Third_Party/FreeRTOS/Source/list.o
 .ARM.attributes
                0x00000000000004b2       0x39 Middlewares/Third_Party/FreeRTOS/Source/queue.o
 .ARM.attributes
                0x00000000000004eb       0x39 Middlewares/Third_Party/FreeRTOS/Source/tasks.o
 .ARM.attributes
                0x0000000000000524       0x39 Middlewares/Third_Party/FreeRTOS/Source/portable/GCC/ARM_CM4F/port.o
 .ARM.attributes
                0x000000000000055d       0x39 Middlewares/Third_Party/FreeRTOS/Source/portable/MemMang/heap_4.o
 .ARM.attributes
                0x0000000000000596       0x34 /home/tung/st/stm32cubeide_1.2.0/plugins/com.st.stm32cube.ide.mcu.externaltools.gnu-tools-for-stm32.7-2018-q2-update.linux64_1.0.0.201904181610/tools/bin/../lib/gcc/arm-none-eabi/7.3.1/../../../../arm-none-eabi/lib/thumb/v7e-m/fpv4-sp/hard/libstdc++_nano.a(del_ops.o)
 .ARM.attributes
                0x00000000000005ca       0x34 /home/tung/st/stm32cubeide_1.2.0/plugins/com.st.stm32cube.ide.mcu.externaltools.gnu-tools-for-stm32.7-2018-q2-update.linux64_1.0.0.201904181610/tools/bin/../lib/gcc/arm-none-eabi/7.3.1/../../../../arm-none-eabi/lib/thumb/v7e-m/fpv4-sp/hard/libstdc++_nano.a(del_op.o)
 .ARM.attributes
                0x00000000000005fe       0x34 /home/tung/st/stm32cubeide_1.2.0/plugins/com.st.stm32cube.ide.mcu.externaltools.gnu-tools-for-stm32.7-2018-q2-update.linux64_1.0.0.201904181610/tools/bin/../lib/gcc/arm-none-eabi/7.3.1/../../../../arm-none-eabi/lib/thumb/v7e-m/fpv4-sp/hard/libm.a(lib_a-sf_atan.o)
 .ARM.attributes
                0x0000000000000632       0x34 /home/tung/st/stm32cubeide_1.2.0/plugins/com.st.stm32cube.ide.mcu.externaltools.gnu-tools-for-stm32.7-2018-q2-update.linux64_1.0.0.201904181610/tools/bin/../lib/gcc/arm-none-eabi/7.3.1/../../../../arm-none-eabi/lib/thumb/v7e-m/fpv4-sp/hard/libm.a(lib_a-sf_fabs.o)
 .ARM.attributes
                0x0000000000000666       0x34 /home/tung/st/stm32cubeide_1.2.0/plugins/com.st.stm32cube.ide.mcu.externaltools.gnu-tools-for-stm32.7-2018-q2-update.linux64_1.0.0.201904181610/tools/bin/../lib/gcc/arm-none-eabi/7.3.1/../../../../arm-none-eabi/lib/thumb/v7e-m/fpv4-sp/hard/libm.a(lib_a-w_sqrt.o)
 .ARM.attributes