main.h:81:13:void MX_I2C1_Init()	8	static
main.h:115:13:void MX_TIM1_Init()	96	static
main.h:202:13:void MX_TIM4_Init()	32	static
main.h:253:13:void MX_USART1_UART_Init()	8	static
main.h:286:13:void MX_USART3_UART_Init()	8	static
main.h:319:13:void MX_GPIO_Init()	48	static
RTOS_timer.h:11:13:void MX_TIM7_Init()	16	static
cmath:106:3:constexpr float std::asin(float)	16	static
cmath:125:3:constexpr float std::atan(float)	16	static
cmath:144:3:constexpr float std::atan2(float, float)	16	static
cmath:463:3:constexpr float std::sqrt(float)	16	static
mpu_data_type.hpp:59:8:char* ftoa(double, char*, int)	56	static
mpu_data_type.hpp:190:7:float invSqrt(float)	32	static
LPF.hpp:29:11:void LPF::load(double*)	16	static
LPF.hpp:39:13:double LPF::update(double)	48	static
LPF.hpp:48:1:LPF::LPF()	16	static
mpu9250.hpp:126:6:char init_MPU()	80	static
mpu9250.hpp:235:6:void adding_raw()	4	static
mpu9250.hpp:244:6:void delete_raw()	4	static
mpu9250.hpp:255:10:IMU_data process_MPU(bool, bool)	56	static
mpu9250.hpp:302:10:MAG_data magnet_get_raw()	72	static
mpu9250.hpp:327:10:MAG_data process_magnet()	96	static
mpu9250.hpp:362:13:EULER_angle complementary_filter(IMU_data, float, float)	80	static
mpu9250.hpp:386:6:void notify_state(AHRS_con)	24	static
mpu9250.hpp:398:10:AHRS_con check_AHRS(bool)	32	static
mpu9250.hpp:430:13:EULER_angle quat2euler(quaternion)	120	static
mpu9250.hpp:466:6:void calibration_IMU()	56	static
sbus.h:20:11:ESC_value sbus_decode(uint8_t*)	16	static
sbus.h:29:6:bool check_CRC(ESC_value)	32	static
sbus.h:35:6:void init_ESC()	16	static
sbus.h:60:6:void set_ESC(ESC_value)	24	static
MadgwickAHRS.h:49:13:EULER_angle MadgwickAHRSupdate(IMU_data, MAG_data, float)	272	static
MadgwickAHRS.h:189:13:EULER_angle MadgwickAHRSupdateIMU(IMU_data, float)	200	static
MadgwickAHRS.h:294:13:EULER_angle quaternion_rot(IMU_data, float)	128	static
print_func.hpp:12:6:void float2Bytes(float, uint8_t*)	24	static
print_func.hpp:23:7:float bytes2Float(uint8_t*)	24	static
print_func.hpp:35:6:void print_raw(IMU_data)	32	static
print_func.hpp:75:6:void print_euler(EULER_angle)	48	static
print_func.hpp:103:6:void print_raw_mag(IMU_data, MAG_data)	48	static
print_func.hpp:144:6:void print_magnet(MAG_data)	48	static
print_func.hpp:158:6:void print_every_thing(IMU_data, EULER_angle)	48	static
print_func.hpp:186:6:void print_msg(char*)	16	static
print_func.hpp:190:6:void print_euler_compare(EULER_angle, EULER_angle, EULER_angle)	72	static
print_func.hpp:233:6:void cpstr(uint8_t*, char*, uint8_t)	32	static
print_func.hpp:243:10:uint32_t sum_array(char*)	24	static
Matrix.hpp:31:9:int Matrix::get_value(double*)	24	static
Matrix.hpp:53:1:Matrix::Matrix(int, int)	32	static
Matrix.hpp:65:1:Matrix::~Matrix()	16	static
Matrix.hpp:65:1:virtual Matrix::~Matrix()	16	static
Matrix.hpp:21:7:constexpr Matrix::Matrix(const Matrix&)	16	static
Matrix.hpp:74:8:Matrix diag_mat(int, int)	40	static
Matrix.hpp:84:8:Matrix getCofactor(Matrix, int, int)	40	static
Matrix.hpp:106:8:Matrix mul_mat(Matrix, Matrix)	56	static
Matrix.hpp:119:8:Matrix add_mat(Matrix, Matrix)	40	static
Matrix.hpp:131:8:Matrix sub_mat(Matrix, Matrix)	40	static
Matrix.hpp:144:8:Matrix transpose(Matrix)	32	static
Matrix.hpp:21:7:constexpr Matrix& Matrix::operator=(const Matrix&)	24	static
Matrix.hpp:154:8:double determinant(Matrix)	1712	static
Matrix.hpp:178:8:Matrix adjoint(Matrix)	1296	static
Matrix.hpp:214:8:Matrix inverse(Matrix)	1704	static
EKF.h:30:7:void EKF::loadEKF(double*, double*, double*, double*)	24	static
EKF.h:251:1:EKF::EKF()	16	static
EKF.h:254:1:EKF::~EKF()	16	static
EKF.h:254:1:virtual EKF::~EKF()	16	static
bmp180.h:19:6:void initBMP()	24	static
bmp180.h:68:6:long int readBMP()	24	static
bmp180.h:139:8:double sample_BMP()	32	static
bmp180.h:148:8:double get_alt_bmp()	40	static
PID.h:35:9:PID_raw pid_decode(uint8_t*)	16	static
PID.h:56:9:uint8_t check_CRC_pid(PID_raw)	16	static
PID.h:83:1:PID::PID(float, float, float, float)	32	static
flash.h:33:6:void decode(uint8_t*, int, float*)	48	static
flash.h:52:6:void writeFlash(uint16_t*)	32	static
flash.h:134:11:PID_value readFlash()	48	static
flash.h:178:17:uint32_t GetSector(uint32_t)	24	static
flash.h:239:17:uint32_t GetSectorSize(uint32_t)	24	static
main.cpp:134:5:int main()	216	static
main.cpp:275:6:void SystemClock_Config()	88	static
main.cpp:325:6:void StartDefaultTask(const void*)	48	static
main.cpp:350:6:void StartTask03(const void*)	32	static
main.cpp:375:6:void StartTask02(const void*)	16	static
main.cpp:390:6:void readMagnet(const void*)	16	static
main.cpp:409:6:void filterFunction(const void*)	32	static
main.cpp:466:6:void HAL_TIM_PeriodElapsedCallback(TIM_HandleTypeDef*)	16	static
main.cpp:481:6:void HAL_UART_RxCpltCallback(UART_HandleTypeDef*)	96	static
main.cpp:537:1:void __static_initialization_and_destruction_0(int, int)	16	static
main.cpp:537:1:cpp)	8	static
main.cpp:537:1:cpp)	8	static
