main.h:95:13:MX_I2C1_Init	8	static
main.h:129:13:MX_TIM1_Init	96	static
main.h:216:13:MX_TIM4_Init	32	static
main.h:267:13:MX_USART1_UART_Init	8	static
main.h:300:13:MX_USART3_UART_Init	8	static
main.h:333:13:MX_GPIO_Init	48	static
main.h:375:13:MX_SPI1_Init	8	static
RTOS_timer.h:11:13:MX_TIM7_Init	16	static
stm32f4xx_it.c:76:6:NMI_Handler	4	static
stm32f4xx_it.c:89:6:HardFault_Handler	4	static
stm32f4xx_it.c:104:6:MemManage_Handler	4	static
stm32f4xx_it.c:119:6:BusFault_Handler	4	static
stm32f4xx_it.c:134:6:UsageFault_Handler	4	static
stm32f4xx_it.c:149:6:DebugMon_Handler	4	static
stm32f4xx_it.c:174:6:USART1_IRQHandler	8	static
stm32f4xx_it.c:188:6:TIM8_TRG_COM_TIM14_IRQHandler	8	static
stm32f4xx_it.c:202:6:TIM7_IRQHandler	8	static
