main.h:81:13:MX_I2C1_Init	8	static
main.h:115:13:MX_TIM1_Init	96	static
main.h:202:13:MX_TIM4_Init	32	static
main.h:253:13:MX_USART1_UART_Init	8	static
main.h:286:13:MX_USART3_UART_Init	8	static
main.h:319:13:MX_GPIO_Init	48	static
RTOS_timer.h:11:13:MX_TIM7_Init	16	static
stm32f4xx_it.c:75:6:NMI_Handler	4	static
stm32f4xx_it.c:88:6:HardFault_Handler	4	static
stm32f4xx_it.c:103:6:MemManage_Handler	4	static
stm32f4xx_it.c:118:6:BusFault_Handler	4	static
stm32f4xx_it.c:133:6:UsageFault_Handler	4	static
stm32f4xx_it.c:148:6:DebugMon_Handler	4	static
stm32f4xx_it.c:168:6:USART1_IRQHandler	8	static
stm32f4xx_it.c:182:6:TIM8_TRG_COM_TIM14_IRQHandler	8	static
stm32f4xx_it.c:196:6:TIM7_IRQHandler	8	static
