main.h:95:13:MX_I2C1_Init	8	static
main.h:129:13:MX_TIM1_Init	96	static
main.h:216:13:MX_TIM4_Init	32	static
main.h:267:13:MX_USART1_UART_Init	8	static
main.h:300:13:MX_USART3_UART_Init	8	static
main.h:333:13:MX_GPIO_Init	48	static
main.h:375:13:MX_SPI1_Init	8	static
stm32f4xx_hal_msp.c:67:6:HAL_MspInit	16	static
stm32f4xx_hal_msp.c:91:6:HAL_CRC_MspInit	24	static
stm32f4xx_hal_msp.c:113:6:HAL_CRC_MspDeInit	16	static
stm32f4xx_hal_msp.c:135:6:HAL_I2C_MspInit	48	static
stm32f4xx_hal_msp.c:171:6:HAL_I2C_MspDeInit	16	static
stm32f4xx_hal_msp.c:200:6:HAL_SPI_MspInit	48	static
stm32f4xx_hal_msp.c:237:6:HAL_SPI_MspDeInit	16	static
stm32f4xx_hal_msp.c:267:6:HAL_TIM_Base_MspInit	32	static
stm32f4xx_hal_msp.c:308:6:HAL_TIM_MspPostInit	40	static
stm32f4xx_hal_msp.c:343:6:HAL_TIM_Base_MspDeInit	16	static
stm32f4xx_hal_msp.c:390:6:HAL_UART_MspInit	56	static
stm32f4xx_hal_msp.c:454:6:HAL_UART_MspDeInit	16	static
